[    0.000000] Linux version 6.11.0-1018-azure (buildd@lcy02-amd64-113) (x86_64-linux-gnu-gcc-13 (Ubuntu 13.3.0-6ubuntu2~24.04) 13.3.0, GNU ld (GNU Binutils for Ubuntu) 2.42) #18~24.04.1-Ubuntu SMP Sat Jun 28 04:46:03 UTC 2025 (Ubuntu 6.11.0-1018.18~24.04.1-azure 6.11.11)
[    0.000000] Command line: BOOT_IMAGE=/vmlinuz-6.11.0-1018-azure root=PARTUUID=23ce3e9a-3653-4f49-88fb-24a24f54a16f ro console=tty1 console=ttyS0 earlyprintk=ttyS0 nvme_core.io_timeout=240 panic=-1
[    0.000000] KERNEL supported cpus:
[    0.000000]   Intel GenuineIntel
[    0.000000]   AMD AuthenticAMD
[    0.000000]   Hygon HygonGenuine
[    0.000000]   Centaur CentaurHauls
[    0.000000]   zhaoxin   Shanghai  
[    0.000000] BIOS-provided physical RAM map:
[    0.000000] BIOS-e820: [mem 0x0000000000000000-0x000000000009fbff] usable
[    0.000000] BIOS-e820: [mem 0x000000000009fc00-0x000000000009ffff] reserved
[    0.000000] BIOS-e820: [mem 0x00000000000e0000-0x00000000000fffff] reserved
[    0.000000] BIOS-e820: [mem 0x0000000000100000-0x000000003ffeffff] usable
[    0.000000] BIOS-e820: [mem 0x000000003fff0000-0x000000003fffefff] ACPI data
[    0.000000] BIOS-e820: [mem 0x000000003ffff000-0x000000003fffffff] ACPI NVS
[    0.000000] BIOS-e820: [mem 0x0000000100000000-0x00000004bfffffff] usable
[    0.000000] printk: legacy bootconsole [earlyser0] enabled
[    0.000000] NX (Execute Disable) protection: active
[    0.000000] APIC: Static calls initialized
[    0.000000] SMBIOS 2.3 present.
[    0.000000] DMI: Microsoft Corporation Virtual Machine/Virtual Machine, BIOS 090008  12/07/2018
[    0.000000] DMI: Memory slots populated: 2/125
[    0.000000] Hypervisor detected: Microsoft Hyper-V
[    0.000000] Hyper-V: privilege flags low 0xae7f, high 0x388030, hints 0x140c2c, misc 0xc0bed7b2
[    0.000000] Hyper-V: Nested features: 0x4a0000
[    0.000000] Hyper-V: LAPIC Timer Frequency: 0x30d40
[    0.000000] Hyper-V: Using hypercall for remote TLB flush
[    0.000000] clocksource: hyperv_clocksource_tsc_page: mask: 0xffffffffffffffff max_cycles: 0x24e6a1710, max_idle_ns: 440795202120 ns
[    0.000000] clocksource: hyperv_clocksource_msr: mask: 0xffffffffffffffff max_cycles: 0x24e6a1710, max_idle_ns: 440795202120 ns
[    0.000000] tsc: Detected 2445.433 MHz processor
[    0.000434] e820: update [mem 0x00000000-0x00000fff] usable ==> reserved
[    0.000437] e820: remove [mem 0x000a0000-0x000fffff] usable
[    0.000442] last_pfn = 0x4c0000 max_arch_pfn = 0x400000000
[    0.003364] MTRR map: 3 entries (1 fixed + 2 variable; max 17), built from 8 variable MTRRs
[    0.007353] x86/PAT: Configuration [0-7]: WB  WC  UC- UC  WB  WP  UC- WT  
[    0.010765] e820: update [mem 0x40000000-0xffffffff] usable ==> reserved
[    0.012752] last_pfn = 0x3ffff max_arch_pfn = 0x400000000
[    0.018927] found SMP MP-table at [mem 0x000ff780-0x000ff78f]
[    0.021756] Using GB pages for direct mapping
[    0.023949] ACPI: Early table checksum verification disabled
[    0.026648] ACPI: RSDP 0x00000000000F5C00 000014 (v00 ACPIAM)
[    0.029389] ACPI: RSDT 0x000000003FFF0000 000040 (v01 VRTUAL MICROSFT 12001807 MSFT 00000097)
[    0.033466] ACPI: FACP 0x000000003FFF0200 000081 (v02 VRTUAL MICROSFT 12001807 MSFT 00000097)
[    0.037668] ACPI: DSDT 0x000000003FFF1D24 003CD5 (v01 MSFTVM MSFTVM02 00000002 INTL 02002026)
[    0.041729] ACPI: FACS 0x000000003FFFF000 000040
[    0.043965] ACPI: WAET 0x000000003FFF1A80 000028 (v01 VRTUAL MICROSFT 12001807 MSFT 00000097)
[    0.048088] ACPI: SLIC 0x000000003FFF1AC0 000176 (v01 VRTUAL MICROSFT 12001807 MSFT 00000097)
[    0.052680] ACPI: OEM0 0x000000003FFF1CC0 000064 (v01 VRTUAL MICROSFT 12001807 MSFT 00000097)
[    0.056860] ACPI: SRAT 0x000000003FFF0800 000160 (v02 VRTUAL MICROSFT 00000001 MSFT 00000001)
[    0.060958] ACPI: APIC 0x000000003FFF0300 000072 (v01 VRTUAL MICROSFT 12001807 MSFT 00000097)
[    0.065079] ACPI: OEMB 0x000000003FFFF040 000064 (v01 VRTUAL MICROSFT 12001807 MSFT 00000097)
[    0.070366] ACPI: Reserving FACP table memory at [mem 0x3fff0200-0x3fff0280]
[    0.073776] ACPI: Reserving DSDT table memory at [mem 0x3fff1d24-0x3fff59f8]
[    0.077169] ACPI: Reserving FACS table memory at [mem 0x3ffff000-0x3ffff03f]
[    0.080664] ACPI: Reserving WAET table memory at [mem 0x3fff1a80-0x3fff1aa7]
[    0.084143] ACPI: Reserving SLIC table memory at [mem 0x3fff1ac0-0x3fff1c35]
[    0.087481] ACPI: Reserving OEM0 table memory at [mem 0x3fff1cc0-0x3fff1d23]
[    0.090816] ACPI: Reserving SRAT table memory at [mem 0x3fff0800-0x3fff095f]
[    0.094158] ACPI: Reserving APIC table memory at [mem 0x3fff0300-0x3fff0371]
[    0.097487] ACPI: Reserving OEMB table memory at [mem 0x3ffff040-0x3ffff0a3]
[    0.101736] SRAT: PXM 0 -> APIC 0x00 -> Node 0
[    0.103918] SRAT: PXM 0 -> APIC 0x01 -> Node 0
[    0.106036] SRAT: PXM 0 -> APIC 0x02 -> Node 0
[    0.108109] SRAT: PXM 0 -> APIC 0x03 -> Node 0
[    0.110194] ACPI: SRAT: Node 0 PXM 0 [mem 0x00000000-0x3fffffff] hotplug
[    0.113627] ACPI: SRAT: Node 0 PXM 0 [mem 0x100000000-0x4bfffffff] hotplug
[    0.116899] ACPI: SRAT: Node 0 PXM 0 [mem 0x4c0000000-0xfbfffffff] hotplug
[    0.120129] ACPI: SRAT: Node 0 PXM 0 [mem 0x1000000000-0xfcffffffff] hotplug
[    0.123653] ACPI: SRAT: Node 0 PXM 0 [mem 0x10000000000-0x1ffffffffff] hotplug
[    0.127025] ACPI: SRAT: Node 0 PXM 0 [mem 0x20000000000-0x3ffffffffff] hotplug
[    0.130783] NUMA: Node 0 [mem 0x00000000-0x3fffffff] + [mem 0x100000000-0x4bfffffff] -> [mem 0x00000000-0x4bfffffff]
[    0.135805] NODE_DATA(0) allocated [mem 0x4bffd5000-0x4bfffffff]
[    0.138931] Zone ranges:
[    0.140349]   DMA      [mem 0x0000000000001000-0x0000000000ffffff]
[    0.143275]   DMA32    [mem 0x0000000001000000-0x00000000ffffffff]
[    0.146387]   Normal   [mem 0x0000000100000000-0x00000004bfffffff]
[    0.149368]   Device   empty
[    0.150697] Movable zone start for each node
[    0.152759] Early memory node ranges
[    0.154535]   node   0: [mem 0x0000000000001000-0x000000000009efff]
[    0.157501]   node   0: [mem 0x0000000000100000-0x000000003ffeffff]
[    0.160453]   node   0: [mem 0x0000000100000000-0x00000004bfffffff]
[    0.163572] Initmem setup node 0 [mem 0x0000000000001000-0x00000004bfffffff]
[    0.166946] On node 0, zone DMA: 1 pages in unavailable ranges
[    0.169714] On node 0, zone DMA: 97 pages in unavailable ranges
[    0.188725] On node 0, zone Normal: 16 pages in unavailable ranges
[    0.193825] ACPI: PM-Timer IO Port: 0x408
[    0.195814] ACPI: LAPIC_NMI (acpi_id[0xff] dfl dfl lint[0x1])
[    0.198917] IOAPIC[0]: apic_id 0, version 17, address 0xfec00000, GSI 0-23
[    0.202375] ACPI: INT_SRC_OVR (bus 0 bus_irq 0 global_irq 2 dfl dfl)
[    0.205371] ACPI: INT_SRC_OVR (bus 0 bus_irq 9 global_irq 9 high level)
[    0.208461] ACPI: Using ACPI (MADT) for SMP configuration information
[    0.211703] CPU topo: Max. logical packages:   1
[    0.213880] CPU topo: Max. logical dies:       1
[    0.216079] CPU topo: Max. dies per package:   1
[    0.218422] CPU topo: Max. threads per core:   2
[    0.220583] CPU topo: Num. cores per package:     2
[    0.222985] CPU topo: Num. threads per package:   4
[    0.225427] CPU topo: Allowing 4 present CPUs plus 0 hotplug CPUs
[    0.228658] random: crng init done
[    0.230296] PM: hibernation: Registered nosave memory: [mem 0x00000000-0x00000fff]
[    0.233897] PM: hibernation: Registered nosave memory: [mem 0x0009f000-0x0009ffff]
[    0.237481] PM: hibernation: Registered nosave memory: [mem 0x000a0000-0x000dffff]
[    0.241262] PM: hibernation: Registered nosave memory: [mem 0x000e0000-0x000fffff]
[    0.244845] PM: hibernation: Registered nosave memory: [mem 0x3fff0000-0x3fffefff]
[    0.248535] PM: hibernation: Registered nosave memory: [mem 0x3ffff000-0x3fffffff]
[    0.252160] PM: hibernation: Registered nosave memory: [mem 0x40000000-0xffffffff]
[    0.255928] [mem 0x40000000-0xffffffff] available for PCI devices
[    0.259002] Booting paravirtualized kernel on Hyper-V
[    0.261487] clocksource: refined-jiffies: mask: 0xffffffff max_cycles: 0xffffffff, max_idle_ns: 1910969940391419 ns
[    0.266485] setup_percpu: NR_CPUS:8192 nr_cpumask_bits:4 nr_cpu_ids:4 nr_node_ids:1
[    0.270325] percpu: Embedded 86 pages/cpu s229376 r8192 d114688 u524288
[    0.273965] pcpu-alloc: s229376 r8192 d114688 u524288 alloc=1*2097152
[    0.273968] pcpu-alloc: [0] 0 1 2 3 
[    0.273986] Hyper-V: PV spinlocks enabled
[    0.275917] PV qspinlock hash table entries: 256 (order: 0, 4096 bytes, linear)
[    0.279759] Kernel command line: BOOT_IMAGE=/vmlinuz-6.11.0-1018-azure root=PARTUUID=23ce3e9a-3653-4f49-88fb-24a24f54a16f ro console=tty1 console=ttyS0 earlyprintk=ttyS0 nvme_core.io_timeout=240 panic=-1
[    0.290793] Unknown kernel command line parameters "BOOT_IMAGE=/vmlinuz-6.11.0-1018-azure", will be passed to user space.
[    0.297546] Dentry cache hash table entries: 2097152 (order: 12, 16777216 bytes, linear)
[    0.302260] Inode-cache hash table entries: 1048576 (order: 11, 8388608 bytes, linear)
[    0.307054] Fallback order for Node 0: 0 
[    0.307058] Built 1 zonelists, mobility grouping on.  Total pages: 4194190
[    0.312772] Policy zone: Normal
[    0.314375] mem auto-init: stack:all(zero), heap alloc:on, heap free:off
[    0.317562] software IO TLB: area num 4.
[    0.349081] SLUB: HWalign=64, Order=0-3, MinObjects=0, CPUs=4, Nodes=1
[    0.354244] ftrace: allocating 57924 entries in 227 pages
[    0.368993] ftrace: allocated 227 pages with 5 groups
[    0.371766] rcu: Hierarchical RCU implementation.
[    0.374156] rcu: 	RCU restricting CPUs from NR_CPUS=8192 to nr_cpu_ids=4.
[    0.377544] 	Rude variant of Tasks RCU enabled.
[    0.379738] 	Tracing variant of Tasks RCU enabled.
[    0.382064] rcu: RCU calculated value of scheduler-enlistment delay is 100 jiffies.
[    0.386833] rcu: Adjusting geometry for rcu_fanout_leaf=16, nr_cpu_ids=4
[    0.390151] RCU Tasks Rude: Setting shift to 2 and lim to 1 rcu_task_cb_adjust=1 rcu_task_cpu_ids=4.
[    0.394610] RCU Tasks Trace: Setting shift to 2 and lim to 1 rcu_task_cb_adjust=1 rcu_task_cpu_ids=4.
[    0.402394] NR_IRQS: 524544, nr_irqs: 456, preallocated irqs: 16
[    0.405746] rcu: srcu_init: Setting srcu_struct sizes based on contention.
[    0.413490] Console: colour VGA+ 80x25
[    0.415245] printk: legacy console [tty1] enabled
[    0.476551] printk: legacy console [ttyS0] enabled
[    0.481697] printk: legacy bootconsole [earlyser0] disabled
[    0.487508] ACPI: Core revision 20240322
[    0.490014] APIC: Switch to symmetric I/O mode setup
[    0.495879] Hyper-V: Host Build 10.0.20348.3136-3-0
[    0.498889] Hyper-V: enabling crash_kexec_post_notifiers
[    0.501964] Hyper-V: Using IPI hypercalls
[    0.504452] APIC: send_IPI() replaced with hv_send_ipi()
[    0.507517] APIC: send_IPI_mask() replaced with hv_send_ipi_mask()
[    0.510946] APIC: send_IPI_mask_allbutself() replaced with hv_send_ipi_mask_allbutself()
[    0.515706] APIC: send_IPI_allbutself() replaced with hv_send_ipi_allbutself()
[    0.519696] APIC: send_IPI_all() replaced with hv_send_ipi_all()
[    0.523077] APIC: send_IPI_self() replaced with hv_send_ipi_self()
[    0.526606] Hyper-V: Using enlightened APIC (xapic mode)
[    0.526615] APIC: eoi() replaced with hv_apic_eoi_write()
[    0.534308] APIC: read() replaced with hv_apic_read()
[    0.537255] APIC: write() replaced with hv_apic_write()
[    0.540385] APIC: icr_write() replaced with hv_apic_icr_write()
[    0.543779] APIC: icr_read() replaced with hv_apic_icr_read()
[    0.560370] ..TIMER: vector=0x30 apic1=0 pin1=2 apic2=-1 pin2=-1
[    0.564342] clocksource: tsc-early: mask: 0xffffffffffffffff max_cycles: 0x233fde66930, max_idle_ns: 440795269764 ns
[    0.569963] Calibrating delay loop (skipped), value calculated using timer frequency.. 4890.86 BogoMIPS (lpj=2445433)
[    0.572045] x86/cpu: User Mode Instruction Prevention (UMIP) activated
[    0.573994] Last level iTLB entries: 4KB 512, 2MB 512, 4MB 256
[    0.575343] Last level dTLB entries: 4KB 2048, 2MB 2048, 4MB 1024, 1GB 0
[    0.576963] Spectre V1 : Mitigation: usercopy/swapgs barriers and __user pointer sanitization
[    0.578380] Spectre V2 : Mitigation: Retpolines
[    0.579347] Spectre V2 : Spectre v2 / SpectreRSB mitigation: Filling RSB on context switch
[    0.580960] Spectre V2 : Spectre v2 / SpectreRSB : Filling RSB on VMEXIT
[    0.582960] Speculative Store Bypass: Vulnerable
[    0.584345] Speculative Return Stack Overflow: IBPB-extending microcode not applied!
[    0.585960] Speculative Return Stack Overflow: WARNING: See https://kernel.org/doc/html/latest/admin-guide/hw-vuln/srso.html for mitigation options.
[    0.585960] Speculative Return Stack Overflow: Vulnerable: Safe RET, no microcode
[    0.589416] x86/fpu: Supporting XSAVE feature 0x001: 'x87 floating point registers'
[    0.590960] x86/fpu: Supporting XSAVE feature 0x002: 'SSE registers'
[    0.592340] x86/fpu: Supporting XSAVE feature 0x004: 'AVX registers'
[    0.593960] x86/fpu: Supporting XSAVE feature 0x800: 'Control-flow User registers'
[    0.595960] x86/fpu: xstate_offset[2]:  576, xstate_sizes[2]:  256
[    0.597341] x86/fpu: xstate_offset[11]:  832, xstate_sizes[11]:   16
[    0.598960] x86/fpu: Enabled xstate features 0x807, context size is 848 bytes, using 'compacted' format.
[    0.681773] Freeing SMP alternatives memory: 48K
[    0.682348] pid_max: default: 32768 minimum: 301
[    0.683414] LSM: initializing lsm=lockdown,capability,landlock,yama,apparmor,ima,evm
[    0.684978] landlock: Up and running.
[    0.686398] Yama: becoming mindful.
[    0.688009] AppArmor: AppArmor initialized
[    0.689449] Mount-cache hash table entries: 32768 (order: 6, 262144 bytes, linear)
[    0.690975] Mountpoint-cache hash table entries: 32768 (order: 6, 262144 bytes, linear)
[    0.696246] smpboot: CPU0: AMD EPYC 7763 64-Core Processor (family: 0x19, model: 0x1, stepping: 0x1)
[    0.697633] Performance Events: PMU not available due to virtualization, using software events only.
[    0.698498] signal: max sigframe size: 1776
[    0.699389] rcu: Hierarchical SRCU implementation.
[    0.700348] rcu: 	Max phase no-delay instances is 400.
[    0.701578] Timer migration: 1 hierarchy levels; 8 children per group; 1 crossnode level
[    0.703873] NMI watchdog: Perf NMI watchdog permanently disabled
[    0.704451] smp: Bringing up secondary CPUs ...
[    0.705612] smpboot: x86: Booting SMP configuration:
[    0.706399] .... node  #0, CPUs:      #2 #1 #3
[    0.708028] smp: Brought up 1 node, 4 CPUs
[    0.710349] smpboot: Total of 4 processors activated (19563.46 BogoMIPS)
[    0.711660] Memory: 16363636K/16776760K available (20480K kernel code, 4435K rwdata, 13952K rodata, 4768K init, 4944K bss, 404468K reserved, 0K cma-reserved)
[    0.712965] devtmpfs: initialized
[    0.714399] x86/mm: Memory block size: 128MB
[    0.718016] ACPI: PM: Registering ACPI NVS region [mem 0x3ffff000-0x3fffffff] (4096 bytes)
[    0.719461] clocksource: jiffies: mask: 0xffffffff max_cycles: 0xffffffff, max_idle_ns: 1911260446275000 ns
[    0.720389] futex hash table entries: 1024 (order: 4, 65536 bytes, linear)
[    0.721759] pinctrl core: initialized pinctrl subsystem
[    0.722962] PM: RTC time: 00:02:32, date: 2025-11-19
[    0.724933] NET: Registered PF_NETLINK/PF_ROUTE protocol family
[    0.725676] DMA: preallocated 2048 KiB GFP_KERNEL pool for atomic allocations
[    0.726494] DMA: preallocated 2048 KiB GFP_KERNEL|GFP_DMA pool for atomic allocations
[    0.727489] DMA: preallocated 2048 KiB GFP_KERNEL|GFP_DMA32 pool for atomic allocations
[    0.728455] audit: initializing netlink subsys (disabled)
[    0.729397] audit: type=2000 audit(1763510552.165:1): state=initialized audit_enabled=0 res=1
[    0.729397] thermal_sys: Registered thermal governor 'fair_share'
[    0.730771] thermal_sys: Registered thermal governor 'bang_bang'
[    0.731348] thermal_sys: Registered thermal governor 'step_wise'
[    0.732400] thermal_sys: Registered thermal governor 'user_space'
[    0.733377] thermal_sys: Registered thermal governor 'power_allocator'
[    0.734365] cpuidle: using governor ladder
[    0.736348] cpuidle: using governor menu
[    0.740292] acpiphp: ACPI Hot Plug PCI Controller Driver version: 0.5
[    0.741768] PCI: Using configuration type 1 for base access
[    0.742350] PCI: Using configuration type 1 for extended access
[    0.743571] kprobes: kprobe jump-optimization is enabled. All kprobes are optimized if possible.
[    0.774993] HugeTLB: registered 1.00 GiB page size, pre-allocated 0 pages
[    0.776411] HugeTLB: 16380 KiB vmemmap can be freed for a 1.00 GiB page
[    0.777362] HugeTLB: registered 2.00 MiB page size, pre-allocated 0 pages
[    0.778356] HugeTLB: 28 KiB vmemmap can be freed for a 2.00 MiB page
[    0.780160] ACPI: Added _OSI(Module Device)
[    0.781964] ACPI: Added _OSI(Processor Device)
[    0.785343] ACPI: Added _OSI(3.0 _SCP Extensions)
[    0.790635] ACPI: Added _OSI(Processor Aggregator Device)
[    0.799021] ACPI: 1 ACPI AML tables successfully acquired and loaded
[    0.807449] ACPI: Interpreter enabled
[    0.808439] ACPI: PM: (supports S0 S5)
[    0.809344] ACPI: Using IOAPIC for interrupt routing
[    0.810912] PCI: Using host bridge windows from ACPI; if necessary, use "pci=nocrs" and report a bug
[    0.811379] PCI: Using E820 reservations for host bridge windows
[    0.812945] ACPI: Enabled 1 GPEs in block 00 to 0F
[    0.841535] ACPI: PCI Root Bridge [PCI0] (domain 0000 [bus 00-ff])
[    0.842437] acpi PNP0A03:00: _OSC: OS supports [ExtendedConfig ASPM ClockPM Segments MSI HPX-Type3]
[    0.843615] PCI host bridge to bus 0000:00
[    0.844512] pci_bus 0000:00: root bus resource [mem 0xfc0000000-0xfffffffff window]
[    0.845409] pci_bus 0000:00: root bus resource [io  0x0000-0x0cf7 window]
[    0.846427] pci_bus 0000:00: root bus resource [io  0x0d00-0xffff window]
[    0.847434] pci_bus 0000:00: root bus resource [mem 0x000a0000-0x000bffff window]
[    0.848450] pci_bus 0000:00: root bus resource [mem 0x40000000-0xfffbffff window]
[    0.849460] pci_bus 0000:00: root bus resource [bus 00-ff]
[    0.851200] pci 0000:00:00.0: [8086:7192] type 00 class 0x060000 conventional PCI endpoint
[    0.856542] pci 0000:00:07.0: [8086:7110] type 00 class 0x060100 conventional PCI endpoint
[    0.859638] pci 0000:00:07.1: [8086:7111] type 00 class 0x010180 conventional PCI endpoint
[    0.862628] pci 0000:00:07.1: BAR 4 [io  0xffa0-0xffaf]
[    0.863531] pci 0000:00:07.1: BAR 0 [io  0x01f0-0x01f7]: legacy IDE quirk
[    0.864350] pci 0000:00:07.1: BAR 1 [io  0x03f6]: legacy IDE quirk
[    0.865394] pci 0000:00:07.1: BAR 2 [io  0x0170-0x0177]: legacy IDE quirk
[    0.866387] pci 0000:00:07.1: BAR 3 [io  0x0376]: legacy IDE quirk
[    0.868032] * Found PM-Timer Bug on the chipset. Due to workarounds for a bug,
               * this clock source is slow. Consider trying other clock sources
[    0.869433] pci 0000:00:07.3: [8086:7113] type 00 class 0x068000 conventional PCI endpoint
[    0.872263] pci 0000:00:07.3: quirk: [io  0x0400-0x043f] claimed by PIIX4 ACPI
[    0.874284] pci 0000:00:08.0: [1414:5353] type 00 class 0x030000 conventional PCI endpoint
[    0.876916] pci 0000:00:08.0: BAR 0 [mem 0xf8000000-0xfbffffff]
[    0.877780] pci 0000:00:08.0: Video device with shadowed ROM at [mem 0x000c0000-0x000dffff]
[    0.900674] ACPI: PCI: Interrupt link LNKA configured for IRQ 11
[    0.901662] ACPI: PCI: Interrupt link LNKB configured for IRQ 0
[    0.902346] ACPI: PCI: Interrupt link LNKB disabled
[    0.903604] ACPI: PCI: Interrupt link LNKC configured for IRQ 0
[    0.904401] ACPI: PCI: Interrupt link LNKC disabled
[    0.906227] ACPI: PCI: Interrupt link LNKD configured for IRQ 0
[    0.907345] ACPI: PCI: Interrupt link LNKD disabled
[    0.908645] iommu: Default domain type: Translated
[    0.911351] iommu: DMA domain TLB invalidation policy: lazy mode
[    0.914678] SCSI subsystem initialized
[    0.917394] libata version 3.00 loaded.
[    0.917394] ACPI: bus type USB registered
[    0.918414] usbcore: registered new interface driver usbfs
[    0.919355] usbcore: registered new interface driver hub
[    0.920349] usbcore: registered new device driver usb
[    0.921366] pps_core: LinuxPPS API ver. 1 registered
[    0.922341] pps_core: Software ver. 5.3.6 - Copyright 2005-2007 Rodolfo Giometti <giometti@linux.it>
[    0.923387] PTP clock support registered
[    0.924380] EDAC MC: Ver: 3.0.0
[    0.925998] hv_vmbus: Vmbus version:5.3
[    0.928356] NetLabel: Initializing
[    0.929569] NetLabel:  domain hash size = 128
[    0.930342] NetLabel:  protocols = UNLABELED CIPSOv4 CALIPSO
[    0.931411] NetLabel:  unlabeled traffic allowed by default
[    0.932475] mctp: management component transport protocol core
[    0.933345] NET: Registered PF_MCTP protocol family
[    0.934405] PCI: Using ACPI for IRQ routing
[    0.935385] PCI: pci_cache_line_size set to 64 bytes
[    0.935739] e820: reserve RAM buffer [mem 0x0009fc00-0x0009ffff]
[    0.935742] e820: reserve RAM buffer [mem 0x3fff0000-0x3fffffff]
[    0.935777] pci 0000:00:08.0: vgaarb: setting as boot VGA device
[    0.935959] pci 0000:00:08.0: vgaarb: bridge control possible
[    0.935959] pci 0000:00:08.0: vgaarb: VGA device added: decodes=io+mem,owns=io+mem,locks=none
[    0.935963] vgaarb: loaded
[    0.937356] clocksource: Switched to clocksource tsc-early
[    0.941546] VFS: Disk quotas dquot_6.6.0
[    0.943882] VFS: Dquot-cache hash table entries: 512 (order 0, 4096 bytes)
[    0.948098] AppArmor: AppArmor Filesystem Enabled
[    0.950801] pnp: PnP ACPI init
[    0.953897] pnp 00:03: [dma 0 disabled]
[    0.954746] pnp 00:04: [dma 0 disabled]
[    0.955630] pnp 00:05: [dma 2]
[    0.955741] system 00:06: [io  0x01e0-0x01ef] has been reserved
[    0.959046] system 00:06: [io  0x0160-0x016f] has been reserved
[    0.962302] system 00:06: [io  0x0278-0x027f] has been reserved
[    0.965628] system 00:06: [io  0x0378-0x037f] has been reserved
[    0.969000] system 00:06: [io  0x0678-0x067f] has been reserved
[    0.973286] system 00:06: [io  0x0778-0x077f] has been reserved
[    0.976601] system 00:06: [io  0x04d0-0x04d1] has been reserved
[    0.980200] system 00:07: [io  0x0400-0x043f] has been reserved
[    0.983475] system 00:07: [io  0x0370-0x0371] has been reserved
[    0.988037] system 00:07: [io  0x0440-0x044f] has been reserved
[    0.991358] system 00:07: [mem 0xfec00000-0xfec00fff] could not be reserved
[    0.995198] system 00:07: [mem 0xfee00000-0xfee00fff] has been reserved
[    0.999054] system 00:08: [mem 0x00000000-0x0009ffff] could not be reserved
[    1.003034] system 00:08: [mem 0x000c0000-0x000dffff] could not be reserved
[    1.006805] system 00:08: [mem 0x000e0000-0x000fffff] could not be reserved
[    1.010609] system 00:08: [mem 0x00100000-0x3fffffff] could not be reserved
[    1.014479] system 00:08: [mem 0xfffc0000-0xffffffff] has been reserved
[    1.018750] pnp: PnP ACPI: found 9 devices
[    1.028699] clocksource: acpi_pm: mask: 0xffffff max_cycles: 0xffffff, max_idle_ns: 2085701024 ns
[    1.033738] NET: Registered PF_INET protocol family
[    1.037317] IP idents hash table entries: 262144 (order: 9, 2097152 bytes, linear)
[    1.058269] tcp_listen_portaddr_hash hash table entries: 8192 (order: 5, 131072 bytes, linear)
[    1.063151] Table-perturb hash table entries: 65536 (order: 6, 262144 bytes, linear)
[    1.067590] TCP established hash table entries: 131072 (order: 8, 1048576 bytes, linear)
[    1.071981] TCP bind hash table entries: 65536 (order: 9, 2097152 bytes, linear)
[    1.075981] TCP: Hash tables configured (established 131072 bind 65536)
[    1.079536] MPTCP token hash table entries: 16384 (order: 6, 393216 bytes, linear)
[    1.085356] UDP hash table entries: 8192 (order: 6, 262144 bytes, linear)
[    1.088924] UDP-Lite hash table entries: 8192 (order: 6, 262144 bytes, linear)
[    1.092743] NET: Registered PF_UNIX/PF_LOCAL protocol family
[    1.095753] NET: Registered PF_XDP protocol family
[    1.098580] pci_bus 0000:00: resource 4 [mem 0xfc0000000-0xfffffffff window]
[    1.102255] pci_bus 0000:00: resource 5 [io  0x0000-0x0cf7 window]
[    1.105699] pci_bus 0000:00: resource 6 [io  0x0d00-0xffff window]
[    1.109186] pci_bus 0000:00: resource 7 [mem 0x000a0000-0x000bffff window]
[    1.112940] pci_bus 0000:00: resource 8 [mem 0x40000000-0xfffbffff window]
[    1.116935] pci 0000:00:00.0: Limiting direct PCI/PCI transfers
[    1.120488] PCI: CLS 0 bytes, default 64
[    1.123112] PCI-DMA: Using software bounce buffering for IO (SWIOTLB)
[    1.126719] software IO TLB: mapped [mem 0x000000003bff0000-0x000000003fff0000] (64MB)
[    1.131268] clocksource: tsc: mask: 0xffffffffffffffff max_cycles: 0x233fde66930, max_idle_ns: 440795269764 ns
[    1.136876] clocksource: Switched to clocksource tsc
[    1.140197] Initialise system trusted keyrings
[    1.143067] Key type blacklist registered
[    1.145878] workingset: timestamp_bits=36 max_order=22 bucket_order=0
[    1.149842] zbud: loaded
[    1.151942] squashfs: version 4.0 (2009/01/31) Phillip Lougher
[    1.155556] fuse: init (API version 7.40)
[    1.158386] integrity: Platform Keyring initialized
[    1.161463] integrity: Machine keyring initialized
[    1.176243] Key type asymmetric registered
[    1.178832] Asymmetric key parser 'x509' registered
[    1.181753] Block layer SCSI generic (bsg) driver version 0.4 loaded (major 244)
[    1.186391] io scheduler mq-deadline registered
[    1.189503] shpchp: Standard Hot Plug PCI Controller Driver version: 0.4
[    1.193299] hv_vmbus: registering driver hv_pci
[    1.196384] input: Power Button as /devices/LNXSYSTM:00/LNXPWRBN:00/input/input0
[    1.200635] ACPI: button: Power Button [PWRF]
[    1.204008] Serial: 8250/16550 driver, 32 ports, IRQ sharing enabled
[    1.236214] 00:03: ttyS0 at I/O 0x3f8 (irq = 4, base_baud = 115200) is a 16550A
[    1.267619] 00:04: ttyS1 at I/O 0x2f8 (irq = 3, base_baud = 115200) is a 16550A
[    1.274693] Linux agpgart interface v0.103
[    1.279391] loop: module loaded
[    1.281773] hv_vmbus: registering driver hv_storvsc
[    1.284953] Key type psk registered
[    1.287736] scsi host0: storvsc_host_t
[    1.287776] scsi host1: storvsc_host_t
[    1.287912] ata_piix 0000:00:07.1: version 2.13
[    1.288214] ata_piix 0000:00:07.1: Hyper-V Virtual Machine detected, ATA device ignore set
[    1.290749] scsi host2: storvsc_host_t
[    1.292010] scsi host4: ata_piix
[    1.292203] scsi host5: ata_piix
[    1.292270] ata1: PATA max UDMA/33 cmd 0x1f0 ctl 0x3f6 bmdma 0xffa0 irq 14 lpm-pol 0
[    1.292273] ata2: PATA max UDMA/33 cmd 0x170 ctl 0x376 bmdma 0xffa8 irq 15 lpm-pol 0
[    1.292336] ACPI: bus type drm_connector registered
[    1.292550] tun: Universal TUN/TAP device driver, 1.6
[    1.292936] scsi host3: storvsc_host_t
[    1.292950] scsi 0:0:0:0: Direct-Access     Msft     Virtual Disk     1.0  PQ: 0 ANSI: 5
[    1.293261] PPP generic driver version 2.4.2
[    1.293483] i8042: PNP: PS/2 Controller [PNP0303:PS2K,PNP0f03:PS2M] at 0x60,0x64 irq 1,12
[    1.294180] scsi 1:0:1:0: Direct-Access     Msft     Virtual Disk     1.0  PQ: 0 ANSI: 5
[    1.295971] scsi 0:0:0:0: Attached scsi generic sg0 type 0
[    1.296490] sd 0:0:0:0: [sda] 157286400 512-byte logical blocks: (80.5 GB/75.0 GiB)
[    1.296495] sd 0:0:0:0: [sda] 4096-byte physical blocks
[    1.296689] sd 0:0:0:0: [sda] Write Protect is off
[    1.296692] sd 0:0:0:0: [sda] Mode Sense: 0f 00 10 00
[    1.297130] sd 0:0:0:0: [sda] Write cache: disabled, read cache: enabled, supports DPO and FUA
[    1.297695] hv_storvsc 00000000-0000-8899-0000-000000000000: tag#7 cmd 0x5a status: scsi 0x2 srb 0x86 hv 0xc0000001
[    1.298582] serio: i8042 KBD port at 0x60,0x64 irq 1
[    1.298589] serio: i8042 AUX port at 0x60,0x64 irq 12
[    1.298780] hv_storvsc 00000000-0000-8899-0000-000000000000: tag#14 cmd 0x5a status: scsi 0x2 srb 0x86 hv 0xc0000001
[    1.298842] mousedev: PS/2 mouse device common for all mice
[    1.299068] rtc_cmos 00:00: RTC can wake from S4
[    1.302752] rtc_cmos 00:00: registered as rtc0
[    1.305015] sd 1:0:1:0: Attached scsi generic sg1 type 0
[    1.305147] sd 1:0:1:0: [sdb] 157286400 512-byte logical blocks: (80.5 GB/75.0 GiB)
[    1.305151] sd 1:0:1:0: [sdb] 4096-byte physical blocks
[    1.305198] sd 1:0:1:0: [sdb] Write Protect is off
[    1.305201] sd 1:0:1:0: [sdb] Mode Sense: 0f 00 10 00
[    1.305280] sd 1:0:1:0: [sdb] Write cache: disabled, read cache: enabled, supports DPO and FUA
[    1.305332] hv_storvsc 00000000-0001-8899-0000-000000000000: tag#261 cmd 0x5a status: scsi 0x2 srb 0x86 hv 0xc0000001
[    1.306192] hv_storvsc 00000000-0001-8899-0000-000000000000: tag#268 cmd 0x5a status: scsi 0x2 srb 0x86 hv 0xc0000001
[    1.306779] rtc_cmos 00:00: setting system clock to 2025-11-19T00:02:33 UTC (1763510553)
[    1.350961]  sda: sda1 sda14 sda15 sda16
[    1.353753] rtc_cmos 00:00: alarms up to one month, 114 bytes nvram
[    1.354092] sd 0:0:0:0: [sda] Attached SCSI disk
[    1.358689] device-mapper: core: CONFIG_IMA_DISABLE_HTABLE is disabled. Duplicate IMA measurements will not be recorded in the IMA log.
[    1.358750] input: AT Translated Set 2 keyboard as /devices/platform/i8042/serio0/input/input1
[    1.363782]  sdb: sdb1
[    1.366270] device-mapper: uevent: version 1.0.3
[    1.368775] sd 1:0:1:0: [sdb] Attached SCSI disk
[    1.374152] device-mapper: ioctl: 4.48.0-ioctl (2023-03-01) initialised: dm-devel@lists.linux.dev
[    1.454493] amd_pstate: the _CPC object is not present in SBIOS or ACPI disabled
[    1.458649] hv_utils: Registering HyperV Utility Driver
[    1.461612] hv_vmbus: registering driver hv_utils
[    1.464395] hv_vmbus: registering driver hv_balloon
[    1.464845] hv_utils: Heartbeat IC version 3.0
[    1.467716] drop_monitor: Initializing network drop monitor service
[    1.469883] hv_utils: Shutdown IC version 3.2
[    1.473199] NET: Registered PF_INET6 protocol family
[    1.475168] hv_utils: TimeSync IC version 4.0
[    1.478543] Segment Routing with IPv6
[    1.480324] hv_balloon: Using Dynamic Memory protocol version 2.0
[    1.482129] In-situ OAM (IOAM) with IPv6
[    1.491093] NET: Registered PF_PACKET protocol family
[    1.494014] Key type dns_resolver registered
[    1.496910] IPI shorthand broadcast: enabled
[    1.502684] sched_clock: Marking stable (1348005673, 154367619)->(1784589860, -282216568)
[    1.507518] registered taskstats version 1
[    1.510285] Loading compiled-in X.509 certificates
[    1.513757] Loaded X.509 cert 'Build time autogenerated kernel key: 9d524b68cfc3fab047012c2dd2fcf07bd1b03953'
[    1.520347] Loaded X.509 cert 'Canonical Ltd. Live Patch Signing: 14df34d1a87cf37625abec039ef2bf521249b969'
[    1.526503] Loaded X.509 cert 'Canonical Ltd. Kernel Module Signing: 88f752e560a1e0737e31163a466ad7b70a850c19'
[    1.532114] blacklist: Loading compiled-in revocation X.509 certificates
[    1.535778] Loaded X.509 cert 'Canonical Ltd. Secure Boot Signing: 61482aa2830d0ab2ad5af10b7250da9033ddcef0'
[    1.541027] Loaded X.509 cert 'Canonical Ltd. Secure Boot Signing (2017): 242ade75ac4a15e50d50c84b0d45ff3eae707a03'
[    1.546718] Loaded X.509 cert 'Canonical Ltd. Secure Boot Signing (ESM 2018): 365188c1d374d6b07c3c8f240f8ef722433d6a8b'
[    1.552386] Loaded X.509 cert 'Canonical Ltd. Secure Boot Signing (2019): c0746fd6c5da3ae827864651ad66ae47fe24b3e8'
[    1.557800] Loaded X.509 cert 'Canonical Ltd. Secure Boot Signing (2021 v1): a8d54bbb3825cfb94fa13c9f8a594a195c107b8d'
[    1.564512] Loaded X.509 cert 'Canonical Ltd. Secure Boot Signing (2021 v2): 4cf046892d6fd3c9a5b03f98d845f90851dc6a8c'
[    1.570249] Loaded X.509 cert 'Canonical Ltd. Secure Boot Signing (2021 v3): 100437bb6de6e469b581e61cd66bce3ef4ed53af'
[    1.575891] Loaded X.509 cert 'Canonical Ltd. Secure Boot Signing (Ubuntu Core 2019): c1d57b8f6b743f23ee41f4f7ee292f06eecadfb9'
[    1.589419] Demotion targets for Node 0: null
[    1.592218] Key type .fscrypt registered
[    1.594696] Key type fscrypt-provisioning registered
[    1.598629] Key type encrypted registered
[    1.601165] AppArmor: AppArmor sha256 policy hashing enabled
[    1.604339] ima: No TPM chip found, activating TPM-bypass!
[    1.607457] Loading compiled-in module X.509 certificates
[    1.611191] Loaded X.509 cert 'Build time autogenerated kernel key: 9d524b68cfc3fab047012c2dd2fcf07bd1b03953'
[    1.616612] ima: Allocated hash algorithm: sha256
[    1.619447] ima: No architecture policies found
[    1.622213] evm: Initialising EVM extended attributes:
[    1.625150] evm: security.selinux
[    1.628208] evm: security.SMACK64
[    1.631514] evm: security.SMACK64EXEC
[    1.634070] evm: security.SMACK64TRANSMUTE
[    1.636626] evm: security.SMACK64MMAP
[    1.638908] evm: security.apparmor
[    1.641132] evm: security.ima
[    1.643538] evm: security.capability
[    1.645962] evm: HMAC attrs: 0x1
[    1.648512] PM:   Magic number: 1:417:1
[    1.651174] memory memory49: hash matches
[    1.658610] RAS: Correctable Errors collector initialized.
[    1.679249] clk: Disabling unused clocks
[    1.681749] PM: genpd: Disabling unused power domains
[    1.686135] md: Waiting for all devices to be available before autodetect
[    1.688618] md: If you don't use raid, use raid=noautodetect
[    1.690835] md: Autodetecting RAID arrays.
[    1.694128] md: autorun ...
[    1.695523] md: ... autorun DONE.
[    1.701201] EXT4-fs (sda1): mounted filesystem a72fddf1-49c4-4653-be67-35f223a2066a ro with ordered data mode. Quota mode: none.
[    1.705596] VFS: Mounted root (ext4 filesystem) readonly on device 8:1.
[    1.708667] devtmpfs: mounted
[    1.711735] Freeing unused decrypted memory: 2028K
[    1.714490] Freeing unused kernel image (initmem) memory: 4768K
[    1.716793] Write protecting the kernel read-only data: 34816k
[    1.719586] Freeing unused kernel image (rodata/data gap) memory: 384K
[    1.776776] x86/mm: Checked W+X mappings: passed, no W+X pages found.
[    1.779420] Run /sbin/init as init process
[    1.781300]   with arguments:
[    1.781302]     /sbin/init
[    1.781304]   with environment:
[    1.781306]     HOME=/
[    1.781307]     TERM=linux
[    1.781309]     BOOT_IMAGE=/vmlinuz-6.11.0-1018-azure
[    1.857768] systemd[1]: Inserted module 'autofs4'
[    1.874965] systemd[1]: systemd 255.4-1ubuntu8.11 running in system mode (+PAM +AUDIT +SELINUX +APPARMOR +IMA +SMACK +SECCOMP +GCRYPT -GNUTLS +OPENSSL +ACL +BLKID +CURL +ELFUTILS +FIDO2 +IDN2 -IDN +IPTC +KMOD +LIBCRYPTSETUP +LIBFDISK +PCRE2 -PWQUALITY +P11KIT +QRENCODE +TPM2 +BZIP2 +LZ4 +XZ +ZLIB +ZSTD -BPF_FRAMEWORK -XKBCOMMON +UTMP +SYSVINIT default-hierarchy=unified)
[    1.885194] systemd[1]: Detected virtualization microsoft.
[    1.887262] systemd[1]: Detected architecture x86-64.
[    1.892234] systemd[1]: Hostname set to <runnervmg1sw1>.
[    2.182653] systemd[1]: Queued start job for default target graphical.target.
[    2.208361] systemd[1]: Unnecessary job was removed for sys-devices-virtual-misc-vmbus\x21hv_vss.device - /sys/devices/virtual/misc/vmbus!hv_vss.
[    2.213581] systemd[1]: Unnecessary job was removed for sys-devices-virtual-misc-vmbus\x21hv_fcopy.device - /sys/devices/virtual/misc/vmbus!hv_fcopy.
[    2.219056] systemd[1]: Created slice azure.slice - Slice for Azure VM Agent and Extensions.
[    2.227256] systemd[1]: Created slice system-modprobe.slice - Slice /system/modprobe.
[    2.234123] systemd[1]: Created slice system-serial\x2dgetty.slice - Slice /system/serial-getty.
[    2.241697] systemd[1]: Created slice system-systemd\x2dfsck.slice - Slice /system/systemd-fsck.
[    2.249027] systemd[1]: Created slice user.slice - User and Session Slice.
[    2.254792] systemd[1]: Started systemd-ask-password-wall.path - Forward Password Requests to Wall Directory Watch.
[    2.262342] systemd[1]: Set up automount proc-sys-fs-binfmt_misc.automount - Arbitrary Executable File Formats File System Automount Point.
[    2.271478] systemd[1]: Expecting device dev-disk-by\x2dlabel-BOOT.device - /dev/disk/by-label/BOOT...
[    2.277582] systemd[1]: Expecting device dev-disk-by\x2duuid-7B14\x2d7487.device - /dev/disk/by-uuid/7B14-7487...
[    2.284349] systemd[1]: Expecting device dev-ttyS0.device - /dev/ttyS0...
[    2.290309] systemd[1]: Expecting device sys-devices-virtual-misc-vmbus\x21hv_kvp.device - /sys/devices/virtual/misc/vmbus!hv_kvp...
[    2.297161] systemd[1]: Reached target integritysetup.target - Local Integrity Protected Volumes.
[    2.303587] systemd[1]: Reached target slices.target - Slice Units.
[    2.308057] systemd[1]: Reached target snapd.mounts-pre.target - Mounting snaps.
[    2.313190] systemd[1]: Reached target snapd.mounts.target - Mounted snaps.
[    2.318262] systemd[1]: Reached target swap.target - Swaps.
[    2.322336] systemd[1]: Reached target time-set.target - System Time Set.
[    2.327246] systemd[1]: Reached target veritysetup.target - Local Verity Protected Volumes.
[    2.333089] systemd[1]: Listening on dm-event.socket - Device-mapper event daemon FIFOs.
[    2.340058] systemd[1]: Listening on lvm2-lvmpolld.socket - LVM2 poll daemon socket.
[    2.345636] systemd[1]: Listening on multipathd.socket - multipathd control socket.
[    2.351271] systemd[1]: Listening on syslog.socket - Syslog Socket.
[    2.359329] systemd[1]: Listening on systemd-coredump.socket - Process Core Dump Socket.
[    2.365205] systemd[1]: Listening on systemd-fsckd.socket - fsck to fsckd communication Socket.
[    2.371621] systemd[1]: Listening on systemd-initctl.socket - initctl Compatibility Named Pipe.
[    2.378233] systemd[1]: Listening on systemd-journald-dev-log.socket - Journal Socket (/dev/log).
[    2.386145] systemd[1]: Listening on systemd-journald.socket - Journal Socket.
[    2.391514] systemd[1]: Listening on systemd-networkd.socket - Network Service Netlink Socket.
[    2.397536] systemd[1]: systemd-pcrextend.socket - TPM2 PCR Extension (Varlink) was skipped because of an unmet condition check (ConditionSecurity=measured-uki).
[    2.402815] systemd[1]: Listening on systemd-udevd-control.socket - udev Control Socket.
[    2.408649] systemd[1]: Listening on systemd-udevd-kernel.socket - udev Kernel Socket.
[    2.432510] systemd[1]: Mounting dev-hugepages.mount - Huge Pages File System...
[    2.438971] systemd[1]: Mounting dev-mqueue.mount - POSIX Message Queue File System...
[    2.444275] systemd[1]: Mounting sys-kernel-debug.mount - Kernel Debug File System...
[    2.450686] systemd[1]: Mounting sys-kernel-tracing.mount - Kernel Trace File System...
[    2.458227] systemd[1]: Starting systemd-journald.service - Journal Service...
[    2.463621] systemd[1]: Starting keyboard-setup.service - Set the console keyboard layout...
[    2.471141] systemd[1]: Starting kmod-static-nodes.service - Create List of Static Device Nodes...
[    2.478627] systemd[1]: Starting lvm2-monitor.service - Monitoring of LVM2 mirrors, snapshots etc. using dmeventd or progress polling...
[    2.484741] systemd-journald[173]: Collecting audit messages is disabled.
[    2.489301] systemd[1]: Starting modprobe@configfs.service - Load Kernel Module configfs...
[    2.499441] systemd[1]: Starting modprobe@dm_mod.service - Load Kernel Module dm_mod...
[    2.505654] systemd[1]: Starting modprobe@drm.service - Load Kernel Module drm...
[    2.512983] systemd[1]: Starting modprobe@efi_pstore.service - Load Kernel Module efi_pstore...
[    2.520705] systemd[1]: Starting modprobe@fuse.service - Load Kernel Module fuse...
[    2.527689] systemd[1]: Starting modprobe@loop.service - Load Kernel Module loop...
[    2.535184] systemd[1]: Starting modprobe@nvme_fabrics.service - Load Kernel Module nvme_fabrics...
[    2.539674] systemd[1]: netplan-ovs-cleanup.service - OpenVSwitch configuration for cleanup was skipped because of an unmet condition check (ConditionFileIsExecutable=/usr/bin/ovs-vsctl).
[    2.549160] systemd[1]: Starting systemd-fsck-root.service - File System Check on Root Device...
[    2.557874] systemd[1]: Starting systemd-modules-load.service - Load Kernel Modules...
[    2.563558] systemd[1]: systemd-pcrmachine.service - TPM2 PCR Machine ID Measurement was skipped because of an unmet condition check (ConditionSecurity=measured-uki).
[    2.568232] systemd[1]: systemd-tpm2-setup-early.service - TPM2 SRK Setup (Early) was skipped because of an unmet condition check (ConditionSecurity=measured-uki).
[    2.573921] systemd[1]: Starting systemd-udev-trigger.service - Coldplug All udev Devices...
[    2.580653] systemd[1]: Started systemd-journald.service - Journal Service.
[    2.738282] EXT4-fs (sda1): re-mounted a72fddf1-49c4-4653-be67-35f223a2066a r/w. Quota mode: none.
[    2.776905] systemd-journald[173]: Received client request to flush runtime journal.
[    2.785313] systemd-journald[173]: /var/log/journal/faeb0f5e83fd43498424ee5daeaaebe0/system.journal: Journal file uses a different sequence number ID, rotating.
[    2.785322] systemd-journald[173]: Rotating system journal.
[    3.047648] hv_vmbus: registering driver hyperv_drm
[    3.048272] hyperv_drm 5620e0c7-8062-4dce-aeb7-520c7ef76171: [drm] Synthvid Version major 3, minor 5
[    3.055762] [drm] Initialized hyperv_drm 1.0.0 for 5620e0c7-8062-4dce-aeb7-520c7ef76171 on minor 0
[    3.058412] hid: raw HID events driver (C) Jiri Kosina
[    3.059808] hv_vmbus: registering driver hv_netvsc
[    3.078390] hv_vmbus: registering driver hyperv_keyboard
[    3.081827] input: AT Translated Set 2 keyboard as /devices/LNXSYSTM:00/LNXSYBUS:00/PNP0A03:00/device:07/VMBUS:01/d34b2567-b9b6-42b9-8778-0a4ec0b955bf/serio2/input/input3
[    3.096245] cryptd: max_cpu_qlen set to 1000
[    3.512153] Console: switching to colour frame buffer device 128x48
[    3.680484] hyperv_drm 5620e0c7-8062-4dce-aeb7-520c7ef76171: [drm] fb0: hyperv_drmdrmfb frame buffer device
[    3.690381] workqueue: drm_fb_helper_damage_work hogged CPU for >10000us 4 times, consider switching to WQ_UNBOUND
[    3.779939] AES CTR mode by8 optimization enabled
[    3.782402] hv_vmbus: registering driver hid_hyperv
[    3.793932] input: Microsoft Vmbus HID-compliant Mouse as /devices/0006:045E:0621.0001/input/input4
[    3.794219] hid-hyperv 0006:045E:0621.0001: input: VIRTUAL HID v0.01 Mouse [Microsoft Vmbus HID-compliant Mouse] on 
[    3.862378] workqueue: drm_fb_helper_damage_work hogged CPU for >10000us 5 times, consider switching to WQ_UNBOUND
[    3.933443] kvm_amd: TSC scaling supported
[    3.933450] kvm_amd: Nested Virtualization enabled
[    3.933451] kvm_amd: Nested Paging enabled
[    3.933456] kvm_amd: kvm_amd: Hyper-V enlightened NPT TLB flush enabled
[    3.933457] kvm_amd: kvm_amd: Hyper-V Direct TLB Flush enabled
[    3.933459] kvm_amd: Virtual VMLOAD VMSAVE supported
[    3.933460] kvm_amd: PMU virtualization is disabled
[    4.297377] workqueue: drm_fb_helper_damage_work hogged CPU for >10000us 7 times, consider switching to WQ_UNBOUND
[    4.477123] hv_utils: KVP IC version 4.0
[    4.503311] EXT4-fs (sda16): mounted filesystem 3934d2ba-185b-4e27-aa1a-e9c5b7ae7f73 r/w with ordered data mode. Quota mode: none.
[    4.612089] audit: type=1400 audit(1763510559.036:2): apparmor="STATUS" operation="profile_load" profile="unconfined" name=4D6F6E676F444220436F6D70617373 pid=430 comm="apparmor_parser"
[    4.612096] audit: type=1400 audit(1763510559.036:3): apparmor="STATUS" operation="profile_load" profile="unconfined" name="Discord" pid=429 comm="apparmor_parser"
[    4.612141] audit: type=1400 audit(1763510559.036:4): apparmor="STATUS" operation="profile_load" profile="unconfined" name="QtWebEngineProcess" pid=431 comm="apparmor_parser"
[    4.614444] audit: type=1400 audit(1763510559.039:5): apparmor="STATUS" operation="profile_load" profile="unconfined" name="balena-etcher" pid=432 comm="apparmor_parser"
[    4.615421] audit: type=1400 audit(1763510559.039:6): apparmor="STATUS" operation="profile_load" profile="unconfined" name="brave" pid=433 comm="apparmor_parser"
[    4.615478] audit: type=1400 audit(1763510559.040:7): apparmor="STATUS" operation="profile_load" profile="unconfined" name="buildah" pid=434 comm="apparmor_parser"
[    4.616227] audit: type=1400 audit(1763510559.040:8): apparmor="STATUS" operation="profile_load" profile="unconfined" name="1password" pid=428 comm="apparmor_parser"
[    4.617778] audit: type=1400 audit(1763510559.042:9): apparmor="STATUS" operation="profile_load" profile="unconfined" name="busybox" pid=435 comm="apparmor_parser"
[    4.618204] audit: type=1400 audit(1763510559.042:10): apparmor="STATUS" operation="profile_load" profile="unconfined" name="cam" pid=436 comm="apparmor_parser"
[    5.266650] /dev/sr0: Can't lookup blockdev
[    5.333631] 8021q: 802.1Q VLAN Support v1.8
[   10.613885] EXT4-fs (sdb1): mounted filesystem b7de2a21-9ab9-47f0-af45-ad5707a74bf5 r/w with ordered data mode. Quota mode: none.
[   12.336529] kauditd_printk_skb: 114 callbacks suppressed
[   12.336533] audit: type=1400 audit(1763510566.761:125): apparmor="STATUS" operation="profile_replace" info="same as current profile, skipping" profile="unconfined" name="rsyslogd" pid=853 comm="apparmor_parser"
[   12.678264] evm: overlay not supported
[   13.020098] loop0: detected capacity change from 0 to 8
[   13.123626] systemd-journald[173]: /var/log/journal/faeb0f5e83fd43498424ee5daeaaebe0/user-1001.journal: Journal file uses a different sequence number ID, rotating.
[   13.292340] audit: type=1400 audit(1763510567.716:126): apparmor="STATUS" operation="profile_replace" profile="unconfined" name="/usr/lib/snapd/snap-confine" pid=1171 comm="apparmor_parser"
[   13.339148] audit: type=1400 audit(1763510567.763:127): apparmor="STATUS" operation="profile_replace" profile="unconfined" name="/usr/lib/snapd/snap-confine//mount-namespace-capture-helper" pid=1171 comm="apparmor_parser"
[   13.465647] audit: type=1400 audit(1763510567.890:128): apparmor="STATUS" operation="profile_load" profile="unconfined" name="docker-default" pid=1255 comm="apparmor_parser"
[   13.528186] Initializing XFRM netlink socket
[   14.010067] bridge: filtering via arp/ip/ip6tables is no longer available by default. Update your scripts to load br_netfilter if you need this.
[   24.688356] Adding 4194300k swap on /mnt/swapfile.  Priority:-2 extents:9 across:4505596k 
[   42.158434] overlayfs: lowerdir is in-use as upperdir/workdir of another mount, accessing files from both mounts will result in undefined behavior.
[   49.598272] hv_balloon: Max. dynamic memory size: 16384 MB
[ 1261.117171] loop0: detected capacity change from 0 to 1546737
[ 1261.135203] EXT4-fs (loop0): recovery complete
[ 1261.135415] EXT4-fs (loop0): mounted filesystem 312cbd05-9306-4a6d-b950-ac13e386c9c1 r/w with ordered data mode. Quota mode: none.
