[    0.000000] Linux version 6.11.0-1018-azure (buildd@lcy02-amd64-113) (x86_64-linux-gnu-gcc-13 (Ubuntu 13.3.0-6ubuntu2~24.04) 13.3.0, GNU ld (GNU Binutils for Ubuntu) 2.42) #18~24.04.1-Ubuntu SMP Sat Jun 28 04:46:03 UTC 2025 (Ubuntu 6.11.0-1018.18~24.04.1-azure 6.11.11)
[    0.000000] Command line: BOOT_IMAGE=/vmlinuz-6.11.0-1018-azure root=PARTUUID=23ce3e9a-3653-4f49-88fb-24a24f54a16f ro console=tty1 console=ttyS0 earlyprintk=ttyS0 nvme_core.io_timeout=240 panic=-1
[    0.000000] KERNEL supported cpus:
[    0.000000]   Intel GenuineIntel
[    0.000000]   AMD AuthenticAMD
[    0.000000]   Hygon HygonGenuine
[    0.000000]   Centaur CentaurHauls
[    0.000000]   zhaoxin   Shanghai  
[    0.000000] BIOS-provided physical RAM map:
[    0.000000] BIOS-e820: [mem 0x0000000000000000-0x000000000009fbff] usable
[    0.000000] BIOS-e820: [mem 0x000000000009fc00-0x000000000009ffff] reserved
[    0.000000] BIOS-e820: [mem 0x00000000000e0000-0x00000000000fffff] reserved
[    0.000000] BIOS-e820: [mem 0x0000000000100000-0x000000003ffeffff] usable
[    0.000000] BIOS-e820: [mem 0x000000003fff0000-0x000000003fffefff] ACPI data
[    0.000000] BIOS-e820: [mem 0x000000003ffff000-0x000000003fffffff] ACPI NVS
[    0.000000] BIOS-e820: [mem 0x0000000100000000-0x00000004bfffffff] usable
[    0.000000] printk: legacy bootconsole [earlyser0] enabled
[    0.000000] NX (Execute Disable) protection: active
[    0.000000] APIC: Static calls initialized
[    0.000000] SMBIOS 2.3 present.
[    0.000000] DMI: Microsoft Corporation Virtual Machine/Virtual Machine, BIOS 090008  12/07/2018
[    0.000000] DMI: Memory slots populated: 2/125
[    0.000000] Hypervisor detected: Microsoft Hyper-V
[    0.000000] Hyper-V: privilege flags low 0xae7f, high 0x388030, hints 0x140c2c, misc 0xc0bed7b2
[    0.000000] Hyper-V: Nested features: 0x4a0000
[    0.000000] Hyper-V: LAPIC Timer Frequency: 0x30d40
[    0.000000] Hyper-V: Using hypercall for remote TLB flush
[    0.000000] clocksource: hyperv_clocksource_tsc_page: mask: 0xffffffffffffffff max_cycles: 0x24e6a1710, max_idle_ns: 440795202120 ns
[    0.000000] clocksource: hyperv_clocksource_msr: mask: 0xffffffffffffffff max_cycles: 0x24e6a1710, max_idle_ns: 440795202120 ns
[    0.000000] tsc: Detected 2445.428 MHz processor
[    0.000488] e820: update [mem 0x00000000-0x00000fff] usable ==> reserved
[    0.000491] e820: remove [mem 0x000a0000-0x000fffff] usable
[    0.000496] last_pfn = 0x4c0000 max_arch_pfn = 0x400000000
[    0.003154] MTRR map: 3 entries (1 fixed + 2 variable; max 17), built from 8 variable MTRRs
[    0.007435] x86/PAT: Configuration [0-7]: WB  WC  UC- UC  WB  WP  UC- WT  
[    0.010748] e820: update [mem 0x40000000-0xffffffff] usable ==> reserved
[    0.012292] last_pfn = 0x3ffff max_arch_pfn = 0x400000000
[    0.018845] found SMP MP-table at [mem 0x000ff780-0x000ff78f]
[    0.021639] Using GB pages for direct mapping
[    0.024060] ACPI: Early table checksum verification disabled
[    0.026841] ACPI: RSDP 0x00000000000F5C00 000014 (v00 ACPIAM)
[    0.029445] ACPI: RSDT 0x000000003FFF0000 000040 (v01 VRTUAL MICROSFT 12001807 MSFT 00000097)
[    0.033373] ACPI: FACP 0x000000003FFF0200 000081 (v02 VRTUAL MICROSFT 12001807 MSFT 00000097)
[    0.037339] ACPI: DSDT 0x000000003FFF1D24 003CD5 (v01 MSFTVM MSFTVM02 00000002 INTL 02002026)
[    0.041539] ACPI: FACS 0x000000003FFFF000 000040
[    0.043606] ACPI: WAET 0x000000003FFF1A80 000028 (v01 VRTUAL MICROSFT 12001807 MSFT 00000097)
[    0.047639] ACPI: SLIC 0x000000003FFF1AC0 000176 (v01 VRTUAL MICROSFT 12001807 MSFT 00000097)
[    0.051543] ACPI: OEM0 0x000000003FFF1CC0 000064 (v01 VRTUAL MICROSFT 12001807 MSFT 00000097)
[    0.055883] ACPI: SRAT 0x000000003FFF0800 000160 (v02 VRTUAL MICROSFT 00000001 MSFT 00000001)
[    0.060102] ACPI: APIC 0x000000003FFF0300 000072 (v01 VRTUAL MICROSFT 12001807 MSFT 00000097)
[    0.064309] ACPI: OEMB 0x000000003FFFF040 000064 (v01 VRTUAL MICROSFT 12001807 MSFT 00000097)
[    0.068663] ACPI: Reserving FACP table memory at [mem 0x3fff0200-0x3fff0280]
[    0.072077] ACPI: Reserving DSDT table memory at [mem 0x3fff1d24-0x3fff59f8]
[    0.075308] ACPI: Reserving FACS table memory at [mem 0x3ffff000-0x3ffff03f]
[    0.078674] ACPI: Reserving WAET table memory at [mem 0x3fff1a80-0x3fff1aa7]
[    0.081813] ACPI: Reserving SLIC table memory at [mem 0x3fff1ac0-0x3fff1c35]
[    0.085037] ACPI: Reserving OEM0 table memory at [mem 0x3fff1cc0-0x3fff1d23]
[    0.090636] ACPI: Reserving SRAT table memory at [mem 0x3fff0800-0x3fff095f]
[    0.093995] ACPI: Reserving APIC table memory at [mem 0x3fff0300-0x3fff0371]
[    0.097366] ACPI: Reserving OEMB table memory at [mem 0x3ffff040-0x3ffff0a3]
[    0.100784] SRAT: PXM 0 -> APIC 0x00 -> Node 0
[    0.103077] SRAT: PXM 0 -> APIC 0x01 -> Node 0
[    0.105208] SRAT: PXM 0 -> APIC 0x02 -> Node 0
[    0.107180] SRAT: PXM 0 -> APIC 0x03 -> Node 0
[    0.109570] ACPI: SRAT: Node 0 PXM 0 [mem 0x00000000-0x3fffffff] hotplug
[    0.112792] ACPI: SRAT: Node 0 PXM 0 [mem 0x100000000-0x4bfffffff] hotplug
[    0.116194] ACPI: SRAT: Node 0 PXM 0 [mem 0x4c0000000-0xfbfffffff] hotplug
[    0.119902] ACPI: SRAT: Node 0 PXM 0 [mem 0x1000000000-0xfcffffffff] hotplug
[    0.123281] ACPI: SRAT: Node 0 PXM 0 [mem 0x10000000000-0x1ffffffffff] hotplug
[    0.126877] ACPI: SRAT: Node 0 PXM 0 [mem 0x20000000000-0x3ffffffffff] hotplug
[    0.130264] NUMA: Node 0 [mem 0x00000000-0x3fffffff] + [mem 0x100000000-0x4bfffffff] -> [mem 0x00000000-0x4bfffffff]
[    0.135609] NODE_DATA(0) allocated [mem 0x4bffd5000-0x4bfffffff]
[    0.139153] Zone ranges:
[    0.140321]   DMA      [mem 0x0000000000001000-0x0000000000ffffff]
[    0.143108]   DMA32    [mem 0x0000000001000000-0x00000000ffffffff]
[    0.145886]   Normal   [mem 0x0000000100000000-0x00000004bfffffff]
[    0.148775]   Device   empty
[    0.150858] Movable zone start for each node
[    0.153831] Early memory node ranges
[    0.156258]   node   0: [mem 0x0000000000001000-0x000000000009efff]
[    0.160276]   node   0: [mem 0x0000000000100000-0x000000003ffeffff]
[    0.164015]   node   0: [mem 0x0000000100000000-0x00000004bfffffff]
[    0.168844] Initmem setup node 0 [mem 0x0000000000001000-0x00000004bfffffff]
[    0.172884] On node 0, zone DMA: 1 pages in unavailable ranges
[    0.175973] On node 0, zone DMA: 97 pages in unavailable ranges
[    0.194968] On node 0, zone Normal: 16 pages in unavailable ranges
[    0.201822] ACPI: PM-Timer IO Port: 0x408
[    0.203900] ACPI: LAPIC_NMI (acpi_id[0xff] dfl dfl lint[0x1])
[    0.206838] IOAPIC[0]: apic_id 0, version 17, address 0xfec00000, GSI 0-23
[    0.210212] ACPI: INT_SRC_OVR (bus 0 bus_irq 0 global_irq 2 dfl dfl)
[    0.213063] ACPI: INT_SRC_OVR (bus 0 bus_irq 9 global_irq 9 high level)
[    0.216424] ACPI: Using ACPI (MADT) for SMP configuration information
[    0.219286] CPU topo: Max. logical packages:   1
[    0.221367] CPU topo: Max. logical dies:       1
[    0.223425] CPU topo: Max. dies per package:   1
[    0.225595] CPU topo: Max. threads per core:   2
[    0.227636] CPU topo: Num. cores per package:     2
[    0.229902] CPU topo: Num. threads per package:   4
[    0.232075] CPU topo: Allowing 4 present CPUs plus 0 hotplug CPUs
[    0.235107] random: crng init done
[    0.236820] PM: hibernation: Registered nosave memory: [mem 0x00000000-0x00000fff]
[    0.240690] PM: hibernation: Registered nosave memory: [mem 0x0009f000-0x0009ffff]
[    0.244343] PM: hibernation: Registered nosave memory: [mem 0x000a0000-0x000dffff]
[    0.248292] PM: hibernation: Registered nosave memory: [mem 0x000e0000-0x000fffff]
[    0.252241] PM: hibernation: Registered nosave memory: [mem 0x3fff0000-0x3fffefff]
[    0.255657] PM: hibernation: Registered nosave memory: [mem 0x3ffff000-0x3fffffff]
[    0.259089] PM: hibernation: Registered nosave memory: [mem 0x40000000-0xffffffff]
[    0.262854] [mem 0x40000000-0xffffffff] available for PCI devices
[    0.265667] Booting paravirtualized kernel on Hyper-V
[    0.268124] clocksource: refined-jiffies: mask: 0xffffffff max_cycles: 0xffffffff, max_idle_ns: 1910969940391419 ns
[    0.273006] setup_percpu: NR_CPUS:8192 nr_cpumask_bits:4 nr_cpu_ids:4 nr_node_ids:1
[    0.276935] percpu: Embedded 86 pages/cpu s229376 r8192 d114688 u524288
[    0.280016] pcpu-alloc: s229376 r8192 d114688 u524288 alloc=1*2097152
[    0.280019] pcpu-alloc: [0] 0 1 2 3 
[    0.280036] Hyper-V: PV spinlocks enabled
[    0.281878] PV qspinlock hash table entries: 256 (order: 0, 4096 bytes, linear)
[    0.285336] Kernel command line: BOOT_IMAGE=/vmlinuz-6.11.0-1018-azure root=PARTUUID=23ce3e9a-3653-4f49-88fb-24a24f54a16f ro console=tty1 console=ttyS0 earlyprintk=ttyS0 nvme_core.io_timeout=240 panic=-1
[    0.294088] Unknown kernel command line parameters "BOOT_IMAGE=/vmlinuz-6.11.0-1018-azure", will be passed to user space.
[    0.300219] Dentry cache hash table entries: 2097152 (order: 12, 16777216 bytes, linear)
[    0.304273] Inode-cache hash table entries: 1048576 (order: 11, 8388608 bytes, linear)
[    0.307869] Fallback order for Node 0: 0 
[    0.307872] Built 1 zonelists, mobility grouping on.  Total pages: 4194190
[    0.314778] Policy zone: Normal
[    0.316407] mem auto-init: stack:all(zero), heap alloc:on, heap free:off
[    0.319479] software IO TLB: area num 4.
[    0.349878] SLUB: HWalign=64, Order=0-3, MinObjects=0, CPUs=4, Nodes=1
[    0.354538] ftrace: allocating 57924 entries in 227 pages
[    0.369228] ftrace: allocated 227 pages with 5 groups
[    0.372410] rcu: Hierarchical RCU implementation.
[    0.375479] rcu: 	RCU restricting CPUs from NR_CPUS=8192 to nr_cpu_ids=4.
[    0.379502] 	Rude variant of Tasks RCU enabled.
[    0.381781] 	Tracing variant of Tasks RCU enabled.
[    0.384139] rcu: RCU calculated value of scheduler-enlistment delay is 100 jiffies.
[    0.387767] rcu: Adjusting geometry for rcu_fanout_leaf=16, nr_cpu_ids=4
[    0.391421] RCU Tasks Rude: Setting shift to 2 and lim to 1 rcu_task_cb_adjust=1 rcu_task_cpu_ids=4.
[    0.395619] RCU Tasks Trace: Setting shift to 2 and lim to 1 rcu_task_cb_adjust=1 rcu_task_cpu_ids=4.
[    0.402858] NR_IRQS: 524544, nr_irqs: 456, preallocated irqs: 16
[    0.406164] rcu: srcu_init: Setting srcu_struct sizes based on contention.
[    0.413501] Console: colour VGA+ 80x25
[    0.415200] printk: legacy console [tty1] enabled
[    0.474843] printk: legacy console [ttyS0] enabled
[    0.480693] printk: legacy bootconsole [earlyser0] disabled
[    0.488337] ACPI: Core revision 20240322
[    0.491587] APIC: Switch to symmetric I/O mode setup
[    0.498333] Hyper-V: Host Build 10.0.20348.3136-3-0
[    0.501198] Hyper-V: enabling crash_kexec_post_notifiers
[    0.504721] Hyper-V: Using IPI hypercalls
[    0.507164] APIC: send_IPI() replaced with hv_send_ipi()
[    0.510150] APIC: send_IPI_mask() replaced with hv_send_ipi_mask()
[    0.513737] APIC: send_IPI_mask_allbutself() replaced with hv_send_ipi_mask_allbutself()
[    0.518568] APIC: send_IPI_allbutself() replaced with hv_send_ipi_allbutself()
[    0.522533] APIC: send_IPI_all() replaced with hv_send_ipi_all()
[    0.525877] APIC: send_IPI_self() replaced with hv_send_ipi_self()
[    0.529394] Hyper-V: Using enlightened APIC (xapic mode)
[    0.529403] APIC: eoi() replaced with hv_apic_eoi_write()
[    0.540725] APIC: read() replaced with hv_apic_read()
[    0.543629] APIC: write() replaced with hv_apic_write()
[    0.546711] APIC: icr_write() replaced with hv_apic_icr_write()
[    0.550482] APIC: icr_read() replaced with hv_apic_icr_read()
[    0.566785] ..TIMER: vector=0x30 apic1=0 pin1=2 apic2=-1 pin2=-1
[    0.570395] clocksource: tsc-early: mask: 0xffffffffffffffff max_cycles: 0x233fd98c0cf, max_idle_ns: 440795209930 ns
[    0.575922] Calibrating delay loop (skipped), value calculated using timer frequency.. 4890.85 BogoMIPS (lpj=2445428)
[    0.578003] x86/cpu: User Mode Instruction Prevention (UMIP) activated
[    0.579952] Last level iTLB entries: 4KB 512, 2MB 512, 4MB 256
[    0.581919] Last level dTLB entries: 4KB 2048, 2MB 2048, 4MB 1024, 1GB 0
[    0.583304] Spectre V1 : Mitigation: usercopy/swapgs barriers and __user pointer sanitization
[    0.584920] Spectre V2 : Mitigation: Retpolines
[    0.586919] Spectre V2 : Spectre v2 / SpectreRSB mitigation: Filling RSB on context switch
[    0.588350] Spectre V2 : Spectre v2 / SpectreRSB : Filling RSB on VMEXIT
[    0.589919] Speculative Store Bypass: Vulnerable
[    0.591919] Speculative Return Stack Overflow: IBPB-extending microcode not applied!
[    0.593430] Speculative Return Stack Overflow: WARNING: See https://kernel.org/doc/html/latest/admin-guide/hw-vuln/srso.html for mitigation options.
[    0.593431] Speculative Return Stack Overflow: Vulnerable: Safe RET, no microcode
[    0.595399] x86/fpu: Supporting XSAVE feature 0x001: 'x87 floating point registers'
[    0.596547] x86/fpu: Supporting XSAVE feature 0x002: 'SSE registers'
[    0.597309] x86/fpu: Supporting XSAVE feature 0x004: 'AVX registers'
[    0.598292] x86/fpu: Supporting XSAVE feature 0x800: 'Control-flow User registers'
[    0.599332] x86/fpu: xstate_offset[2]:  576, xstate_sizes[2]:  256
[    0.600919] x86/fpu: xstate_offset[11]:  832, xstate_sizes[11]:   16
[    0.602919] x86/fpu: Enabled xstate features 0x807, context size is 848 bytes, using 'compacted' format.
[    0.690006] Freeing SMP alternatives memory: 48K
[    0.691921] pid_max: default: 32768 minimum: 301
[    0.693381] LSM: initializing lsm=lockdown,capability,landlock,yama,apparmor,ima,evm
[    0.694938] landlock: Up and running.
[    0.696920] Yama: becoming mindful.
[    0.698382] AppArmor: AppArmor initialized
[    0.699985] Mount-cache hash table entries: 32768 (order: 6, 262144 bytes, linear)
[    0.702934] Mountpoint-cache hash table entries: 32768 (order: 6, 262144 bytes, linear)
[    0.705552] smpboot: CPU0: AMD EPYC 7763 64-Core Processor (family: 0x19, model: 0x1, stepping: 0x1)
[    0.706611] Performance Events: PMU not available due to virtualization, using software events only.
[    0.707359] signal: max sigframe size: 1776
[    0.708383] rcu: Hierarchical SRCU implementation.
[    0.709302] rcu: 	Max phase no-delay instances is 400.
[    0.710361] Timer migration: 1 hierarchy levels; 8 children per group; 1 crossnode level
[    0.712788] NMI watchdog: Perf NMI watchdog permanently disabled
[    0.713521] smp: Bringing up secondary CPUs ...
[    0.714518] smpboot: x86: Booting SMP configuration:
[    0.715349] .... node  #0, CPUs:      #2 #1 #3
[    0.716975] smp: Brought up 1 node, 4 CPUs
[    0.719333] smpboot: Total of 4 processors activated (19563.42 BogoMIPS)
[    0.720654] Memory: 16363564K/16776760K available (20480K kernel code, 4435K rwdata, 13952K rodata, 4768K init, 4944K bss, 404468K reserved, 0K cma-reserved)
[    0.721974] devtmpfs: initialized
[    0.723372] x86/mm: Memory block size: 128MB
[    0.726981] ACPI: PM: Registering ACPI NVS region [mem 0x3ffff000-0x3fffffff] (4096 bytes)
[    0.728444] clocksource: jiffies: mask: 0xffffffff max_cycles: 0xffffffff, max_idle_ns: 1911260446275000 ns
[    0.729366] futex hash table entries: 1024 (order: 4, 65536 bytes, linear)
[    0.730386] pinctrl core: initialized pinctrl subsystem
[    0.731845] PM: RTC time: 13:39:58, date: 2025-11-28
[    0.732793] NET: Registered PF_NETLINK/PF_ROUTE protocol family
[    0.733581] DMA: preallocated 2048 KiB GFP_KERNEL pool for atomic allocations
[    0.734414] DMA: preallocated 2048 KiB GFP_KERNEL|GFP_DMA pool for atomic allocations
[    0.735446] DMA: preallocated 2048 KiB GFP_KERNEL|GFP_DMA32 pool for atomic allocations
[    0.736352] audit: initializing netlink subsys (disabled)
[    0.737320] audit: type=2000 audit(1764337197.168:1): state=initialized audit_enabled=0 res=1
[    0.737320] thermal_sys: Registered thermal governor 'fair_share'
[    0.738345] thermal_sys: Registered thermal governor 'bang_bang'
[    0.739308] thermal_sys: Registered thermal governor 'step_wise'
[    0.740308] thermal_sys: Registered thermal governor 'user_space'
[    0.741306] thermal_sys: Registered thermal governor 'power_allocator'
[    0.742317] cpuidle: using governor ladder
[    0.744407] cpuidle: using governor menu
[    0.748013] acpiphp: ACPI Hot Plug PCI Controller Driver version: 0.5
[    0.749739] PCI: Using configuration type 1 for base access
[    0.750349] PCI: Using configuration type 1 for extended access
[    0.751554] kprobes: kprobe jump-optimization is enabled. All kprobes are optimized if possible.
[    0.782932] HugeTLB: registered 1.00 GiB page size, pre-allocated 0 pages
[    0.784349] HugeTLB: 16380 KiB vmemmap can be freed for a 1.00 GiB page
[    0.785304] HugeTLB: registered 2.00 MiB page size, pre-allocated 0 pages
[    0.786302] HugeTLB: 28 KiB vmemmap can be freed for a 2.00 MiB page
[    0.788112] ACPI: Added _OSI(Module Device)
[    0.789923] ACPI: Added _OSI(Processor Device)
[    0.792351] ACPI: Added _OSI(3.0 _SCP Extensions)
[    0.795305] ACPI: Added _OSI(Processor Aggregator Device)
[    0.802943] ACPI: 1 ACPI AML tables successfully acquired and loaded
[    0.812108] ACPI: Interpreter enabled
[    0.813360] ACPI: PM: (supports S0 S5)
[    0.814351] ACPI: Using IOAPIC for interrupt routing
[    0.815870] PCI: Using host bridge windows from ACPI; if necessary, use "pci=nocrs" and report a bug
[    0.816353] PCI: Using E820 reservations for host bridge windows
[    0.817806] ACPI: Enabled 1 GPEs in block 00 to 0F
[    0.846894] ACPI: PCI Root Bridge [PCI0] (domain 0000 [bus 00-ff])
[    0.847317] acpi PNP0A03:00: _OSC: OS supports [ExtendedConfig ASPM ClockPM Segments MSI HPX-Type3]
[    0.848592] PCI host bridge to bus 0000:00
[    0.849393] pci_bus 0000:00: root bus resource [mem 0xfc0000000-0xfffffffff window]
[    0.850395] pci_bus 0000:00: root bus resource [io  0x0000-0x0cf7 window]
[    0.851325] pci_bus 0000:00: root bus resource [io  0x0d00-0xffff window]
[    0.852307] pci_bus 0000:00: root bus resource [mem 0x000a0000-0x000bffff window]
[    0.853594] pci_bus 0000:00: root bus resource [mem 0x40000000-0xfffbffff window]
[    0.854338] pci_bus 0000:00: root bus resource [bus 00-ff]
[    0.856161] pci 0000:00:00.0: [8086:7192] type 00 class 0x060000 conventional PCI endpoint
[    0.860867] pci 0000:00:07.0: [8086:7110] type 00 class 0x060100 conventional PCI endpoint
[    0.863459] pci 0000:00:07.1: [8086:7111] type 00 class 0x010180 conventional PCI endpoint
[    0.865954] pci 0000:00:07.1: BAR 4 [io  0xffa0-0xffaf]
[    0.867525] pci 0000:00:07.1: BAR 0 [io  0x01f0-0x01f7]: legacy IDE quirk
[    0.868326] pci 0000:00:07.1: BAR 1 [io  0x03f6]: legacy IDE quirk
[    0.869311] pci 0000:00:07.1: BAR 2 [io  0x0170-0x0177]: legacy IDE quirk
[    0.870323] pci 0000:00:07.1: BAR 3 [io  0x0376]: legacy IDE quirk
[    0.872117] * Found PM-Timer Bug on the chipset. Due to workarounds for a bug,
               * this clock source is slow. Consider trying other clock sources
[    0.873424] pci 0000:00:07.3: [8086:7113] type 00 class 0x068000 conventional PCI endpoint
[    0.876028] pci 0000:00:07.3: quirk: [io  0x0400-0x043f] claimed by PIIX4 ACPI
[    0.878321] pci 0000:00:08.0: [1414:5353] type 00 class 0x030000 conventional PCI endpoint
[    0.880812] pci 0000:00:08.0: BAR 0 [mem 0xf8000000-0xfbffffff]
[    0.881688] pci 0000:00:08.0: Video device with shadowed ROM at [mem 0x000c0000-0x000dffff]
[    0.904710] ACPI: PCI: Interrupt link LNKA configured for IRQ 11
[    0.905570] ACPI: PCI: Interrupt link LNKB configured for IRQ 0
[    0.906309] ACPI: PCI: Interrupt link LNKB disabled
[    0.907570] ACPI: PCI: Interrupt link LNKC configured for IRQ 0
[    0.908301] ACPI: PCI: Interrupt link LNKC disabled
[    0.909581] ACPI: PCI: Interrupt link LNKD configured for IRQ 0
[    0.910332] ACPI: PCI: Interrupt link LNKD disabled
[    0.911594] iommu: Default domain type: Translated
[    0.914309] iommu: DMA domain TLB invalidation policy: lazy mode
[    0.917584] SCSI subsystem initialized
[    0.919937] libata version 3.00 loaded.
[    0.919964] ACPI: bus type USB registered
[    0.922314] usbcore: registered new interface driver usbfs
[    0.925302] usbcore: registered new interface driver hub
[    0.928306] usbcore: registered new device driver usb
[    0.930320] pps_core: LinuxPPS API ver. 1 registered
[    0.933295] pps_core: Software ver. 5.3.6 - Copyright 2005-2007 Rodolfo Giometti <giometti@linux.it>
[    0.938339] PTP clock support registered
[    0.940324] EDAC MC: Ver: 3.0.0
[    0.943925] hv_vmbus: Vmbus version:5.3
[    0.946534] NetLabel: Initializing
[    0.948305] NetLabel:  domain hash size = 128
[    0.951302] NetLabel:  protocols = UNLABELED CIPSOv4 CALIPSO
[    0.954364] NetLabel:  unlabeled traffic allowed by default
[    0.957957] mctp: management component transport protocol core
[    0.961324] NET: Registered PF_MCTP protocol family
[    0.963921] PCI: Using ACPI for IRQ routing
[    0.966299] PCI: pci_cache_line_size set to 64 bytes
[    0.966638] e820: reserve RAM buffer [mem 0x0009fc00-0x0009ffff]
[    0.966642] e820: reserve RAM buffer [mem 0x3fff0000-0x3fffffff]
[    0.966961] pci 0000:00:08.0: vgaarb: setting as boot VGA device
[    0.967918] pci 0000:00:08.0: vgaarb: bridge control possible
[    0.967918] pci 0000:00:08.0: vgaarb: VGA device added: decodes=io+mem,owns=io+mem,locks=none
[    0.979922] vgaarb: loaded
[    0.981304] clocksource: Switched to clocksource tsc-early
[    0.985205] VFS: Disk quotas dquot_6.6.0
[    0.987530] VFS: Dquot-cache hash table entries: 512 (order 0, 4096 bytes)
[    0.991589] AppArmor: AppArmor Filesystem Enabled
[    0.994370] pnp: PnP ACPI init
[    0.997226] pnp 00:03: [dma 0 disabled]
[    0.997981] pnp 00:04: [dma 0 disabled]
[    0.998845] pnp 00:05: [dma 2]
[    0.998944] system 00:06: [io  0x01e0-0x01ef] has been reserved
[    1.002175] system 00:06: [io  0x0160-0x016f] has been reserved
[    1.005753] system 00:06: [io  0x0278-0x027f] has been reserved
[    1.008979] system 00:06: [io  0x0378-0x037f] has been reserved
[    1.012266] system 00:06: [io  0x0678-0x067f] has been reserved
[    1.015628] system 00:06: [io  0x0778-0x077f] has been reserved
[    1.018732] system 00:06: [io  0x04d0-0x04d1] has been reserved
[    1.022336] system 00:07: [io  0x0400-0x043f] has been reserved
[    1.025485] system 00:07: [io  0x0370-0x0371] has been reserved
[    1.028629] system 00:07: [io  0x0440-0x044f] has been reserved
[    1.031733] system 00:07: [mem 0xfec00000-0xfec00fff] could not be reserved
[    1.035522] system 00:07: [mem 0xfee00000-0xfee00fff] has been reserved
[    1.039656] system 00:08: [mem 0x00000000-0x0009ffff] could not be reserved
[    1.043342] system 00:08: [mem 0x000c0000-0x000dffff] could not be reserved
[    1.047136] system 00:08: [mem 0x000e0000-0x000fffff] could not be reserved
[    1.050708] system 00:08: [mem 0x00100000-0x3fffffff] could not be reserved
[    1.054447] system 00:08: [mem 0xfffc0000-0xffffffff] has been reserved
[    1.058148] pnp: PnP ACPI: found 9 devices
[    1.068302] clocksource: acpi_pm: mask: 0xffffff max_cycles: 0xffffff, max_idle_ns: 2085701024 ns
[    1.072846] NET: Registered PF_INET protocol family
[    1.075669] IP idents hash table entries: 262144 (order: 9, 2097152 bytes, linear)
[    1.096271] tcp_listen_portaddr_hash hash table entries: 8192 (order: 5, 131072 bytes, linear)
[    1.101587] Table-perturb hash table entries: 65536 (order: 6, 262144 bytes, linear)
[    1.105694] TCP established hash table entries: 131072 (order: 8, 1048576 bytes, linear)
[    1.110469] TCP bind hash table entries: 65536 (order: 9, 2097152 bytes, linear)
[    1.114487] TCP: Hash tables configured (established 131072 bind 65536)
[    1.118112] MPTCP token hash table entries: 16384 (order: 6, 393216 bytes, linear)
[    1.122486] UDP hash table entries: 8192 (order: 6, 262144 bytes, linear)
[    1.126534] UDP-Lite hash table entries: 8192 (order: 6, 262144 bytes, linear)
[    1.130844] NET: Registered PF_UNIX/PF_LOCAL protocol family
[    1.134271] NET: Registered PF_XDP protocol family
[    1.137075] pci_bus 0000:00: resource 4 [mem 0xfc0000000-0xfffffffff window]
[    1.140885] pci_bus 0000:00: resource 5 [io  0x0000-0x0cf7 window]
[    1.144168] pci_bus 0000:00: resource 6 [io  0x0d00-0xffff window]
[    1.147380] pci_bus 0000:00: resource 7 [mem 0x000a0000-0x000bffff window]
[    1.151242] pci_bus 0000:00: resource 8 [mem 0x40000000-0xfffbffff window]
[    1.154828] pci 0000:00:00.0: Limiting direct PCI/PCI transfers
[    1.158177] PCI: CLS 0 bytes, default 64
[    1.160610] PCI-DMA: Using software bounce buffering for IO (SWIOTLB)
[    1.164366] software IO TLB: mapped [mem 0x000000003bff0000-0x000000003fff0000] (64MB)
[    1.168506] clocksource: tsc: mask: 0xffffffffffffffff max_cycles: 0x233fd98c0cf, max_idle_ns: 440795209930 ns
[    1.173595] clocksource: Switched to clocksource tsc
[    1.176764] Initialise system trusted keyrings
[    1.179265] Key type blacklist registered
[    1.181832] workingset: timestamp_bits=36 max_order=22 bucket_order=0
[    1.185614] zbud: loaded
[    1.187587] squashfs: version 4.0 (2009/01/31) Phillip Lougher
[    1.191087] fuse: init (API version 7.40)
[    1.193681] integrity: Platform Keyring initialized
[    1.197783] integrity: Machine keyring initialized
[    1.212426] Key type asymmetric registered
[    1.214947] Asymmetric key parser 'x509' registered
[    1.217880] Block layer SCSI generic (bsg) driver version 0.4 loaded (major 244)
[    1.221909] io scheduler mq-deadline registered
[    1.224868] shpchp: Standard Hot Plug PCI Controller Driver version: 0.4
[    1.228729] hv_vmbus: registering driver hv_pci
[    1.231590] input: Power Button as /devices/LNXSYSTM:00/LNXPWRBN:00/input/input0
[    1.236108] ACPI: button: Power Button [PWRF]
[    1.239191] Serial: 8250/16550 driver, 32 ports, IRQ sharing enabled
[    1.272361] 00:03: ttyS0 at I/O 0x3f8 (irq = 4, base_baud = 115200) is a 16550A
[    1.303353] 00:04: ttyS1 at I/O 0x2f8 (irq = 3, base_baud = 115200) is a 16550A
[    1.314536] Linux agpgart interface v0.103
[    1.319045] loop: module loaded
[    1.321240] hv_vmbus: registering driver hv_storvsc
[    1.324291] Key type psk registered
[    1.326882] scsi host1: storvsc_host_t
[    1.326888] scsi host0: storvsc_host_t
[    1.326899] scsi host2: storvsc_host_t
[    1.327028] ata_piix 0000:00:07.1: version 2.13
[    1.327276] ata_piix 0000:00:07.1: Hyper-V Virtual Machine detected, ATA device ignore set
[    1.328887] scsi host3: storvsc_host_t
[    1.329005] scsi: waiting for bus probes to complete ...
[    1.330521] scsi host4: ata_piix
[    1.330715] scsi host5: ata_piix
[    1.330867] scsi: waiting for bus probes to complete ...
[    1.335518] scsi 1:0:1:0: Direct-Access     Msft     Virtual Disk     1.0  PQ: 0 ANSI: 5
[    1.335545] scsi 0:0:0:0: Direct-Access     Msft     Virtual Disk     1.0  PQ: 0 ANSI: 5
[    1.336482] sd 0:0:0:0: Attached scsi generic sg0 type 0
[    1.336640] sd 0:0:0:0: [sda] 157286400 512-byte logical blocks: (80.5 GB/75.0 GiB)
[    1.336643] sd 0:0:0:0: [sda] 4096-byte physical blocks
[    1.336686] sd 0:0:0:0: [sda] Write Protect is off
[    1.336690] sd 0:0:0:0: [sda] Mode Sense: 0f 00 10 00
[    1.336771] sd 0:0:0:0: [sda] Write cache: disabled, read cache: enabled, supports DPO and FUA
[    1.336825] hv_storvsc 00000000-0000-8899-0000-000000000000: tag#149 cmd 0x5a status: scsi 0x2 srb 0x86 hv 0xc0000001
[    1.337630] hv_storvsc 00000000-0000-8899-0000-000000000000: tag#156 cmd 0x5a status: scsi 0x2 srb 0x86 hv 0xc0000001
[    1.337665] ata1: PATA max UDMA/33 cmd 0x1f0 ctl 0x3f6 bmdma 0xffa0 irq 14 lpm-pol 0
[    1.337667] ata2: PATA max UDMA/33 cmd 0x170 ctl 0x376 bmdma 0xffa8 irq 15 lpm-pol 0
[    1.337723] ACPI: bus type drm_connector registered
[    1.337893] tun: Universal TUN/TAP device driver, 1.6
[    1.341003] sd 1:0:1:0: [sdb] 157286400 512-byte logical blocks: (80.5 GB/75.0 GiB)
[    1.342975] sd 1:0:1:0: Attached scsi generic sg1 type 0
[    1.343016] PPP generic driver version 2.4.2
[    1.343170] i8042: PNP: PS/2 Controller [PNP0303:PS2K,PNP0f03:PS2M] at 0x60,0x64 irq 1,12
[    1.344846] sd 1:0:1:0: [sdb] 4096-byte physical blocks
[    1.347440] serio: i8042 KBD port at 0x60,0x64 irq 1
[    1.349420] sd 1:0:1:0: [sdb] Write Protect is off
[    1.353447] serio: i8042 AUX port at 0x60,0x64 irq 12
[    1.353660] mousedev: PS/2 mouse device common for all mice
[    1.357324] sd 1:0:1:0: [sdb] Mode Sense: 0f 00 10 00
[    1.357453] sd 1:0:1:0: [sdb] Write cache: disabled, read cache: enabled, supports DPO and FUA
[    1.360229] rtc_cmos 00:00: RTC can wake from S4
[    1.362266]  sda: sda1 sda14 sda15 sda16
[    1.362517] sd 0:0:0:0: [sda] Attached SCSI disk
[    1.363996] hv_storvsc 00000000-0001-8899-0000-000000000000: tag#261 cmd 0x5a status: scsi 0x2 srb 0x86 hv 0xc0000001
[    1.400453] input: AT Translated Set 2 keyboard as /devices/platform/i8042/serio0/input/input1
[    1.400875] rtc_cmos 00:00: registered as rtc0
[    1.401622] hv_storvsc 00000000-0001-8899-0000-000000000000: tag#268 cmd 0x5a status: scsi 0x2 srb 0x86 hv 0xc0000001
[    1.471745] rtc_cmos 00:00: setting system clock to 2025-11-28T13:39:59 UTC (1764337199)
[    1.476701] rtc_cmos 00:00: alarms up to one month, 114 bytes nvram
[    1.480360] device-mapper: core: CONFIG_IMA_DISABLE_HTABLE is disabled. Duplicate IMA measurements will not be recorded in the IMA log.
[    1.487485] device-mapper: uevent: version 1.0.3
[    1.490359] device-mapper: ioctl: 4.48.0-ioctl (2023-03-01) initialised: dm-devel@lists.linux.dev
[    1.495818] amd_pstate: the _CPC object is not present in SBIOS or ACPI disabled
[    1.496438]  sdb: sdb1
[    1.500075] hv_utils: Registering HyperV Utility Driver
[    1.501823] sd 1:0:1:0: [sdb] Attached SCSI disk
[    1.504889] hv_vmbus: registering driver hv_utils
[    1.513098] hv_vmbus: registering driver hv_balloon
[    1.517315] hv_utils: Heartbeat IC version 3.0
[    1.520007] hv_utils: Shutdown IC version 3.2
[    1.522199] hv_utils: TimeSync IC version 4.0
[    1.525391] drop_monitor: Initializing network drop monitor service
[    1.525563] hv_balloon: Using Dynamic Memory protocol version 2.0
[    1.528749] NET: Registered PF_INET6 protocol family
[    1.538070] Segment Routing with IPv6
[    1.540259] In-situ OAM (IOAM) with IPv6
[    1.542623] NET: Registered PF_PACKET protocol family
[    1.545633] Key type dns_resolver registered
[    1.548861] IPI shorthand broadcast: enabled
[    1.554304] sched_clock: Marking stable (1395007084, 159148904)->(1787736357, -233580369)
[    1.558748] registered taskstats version 1
[    1.561375] Loading compiled-in X.509 certificates
[    1.564725] Loaded X.509 cert 'Build time autogenerated kernel key: 9d524b68cfc3fab047012c2dd2fcf07bd1b03953'
[    1.570396] Loaded X.509 cert 'Canonical Ltd. Live Patch Signing: 14df34d1a87cf37625abec039ef2bf521249b969'
[    1.576185] Loaded X.509 cert 'Canonical Ltd. Kernel Module Signing: 88f752e560a1e0737e31163a466ad7b70a850c19'
[    1.581455] blacklist: Loading compiled-in revocation X.509 certificates
[    1.585021] Loaded X.509 cert 'Canonical Ltd. Secure Boot Signing: 61482aa2830d0ab2ad5af10b7250da9033ddcef0'
[    1.590062] Loaded X.509 cert 'Canonical Ltd. Secure Boot Signing (2017): 242ade75ac4a15e50d50c84b0d45ff3eae707a03'
[    1.595792] Loaded X.509 cert 'Canonical Ltd. Secure Boot Signing (ESM 2018): 365188c1d374d6b07c3c8f240f8ef722433d6a8b'
[    1.602239] Loaded X.509 cert 'Canonical Ltd. Secure Boot Signing (2019): c0746fd6c5da3ae827864651ad66ae47fe24b3e8'
[    1.607653] Loaded X.509 cert 'Canonical Ltd. Secure Boot Signing (2021 v1): a8d54bbb3825cfb94fa13c9f8a594a195c107b8d'
[    1.613284] Loaded X.509 cert 'Canonical Ltd. Secure Boot Signing (2021 v2): 4cf046892d6fd3c9a5b03f98d845f90851dc6a8c'
[    1.618974] Loaded X.509 cert 'Canonical Ltd. Secure Boot Signing (2021 v3): 100437bb6de6e469b581e61cd66bce3ef4ed53af'
[    1.624665] Loaded X.509 cert 'Canonical Ltd. Secure Boot Signing (Ubuntu Core 2019): c1d57b8f6b743f23ee41f4f7ee292f06eecadfb9'
[    1.638270] Demotion targets for Node 0: null
[    1.641089] Key type .fscrypt registered
[    1.648162] Key type fscrypt-provisioning registered
[    1.651963] Key type encrypted registered
[    1.654526] AppArmor: AppArmor sha256 policy hashing enabled
[    1.657943] ima: No TPM chip found, activating TPM-bypass!
[    1.661230] Loading compiled-in module X.509 certificates
[    1.664705] Loaded X.509 cert 'Build time autogenerated kernel key: 9d524b68cfc3fab047012c2dd2fcf07bd1b03953'
[    1.670309] ima: Allocated hash algorithm: sha256
[    1.673135] ima: No architecture policies found
[    1.676065] evm: Initialising EVM extended attributes:
[    1.679190] evm: security.selinux
[    1.681513] evm: security.SMACK64
[    1.683641] evm: security.SMACK64EXEC
[    1.685890] evm: security.SMACK64TRANSMUTE
[    1.688565] evm: security.SMACK64MMAP
[    1.690823] evm: security.apparmor
[    1.693701] evm: security.ima
[    1.696200] evm: security.capability
[    1.698512] evm: HMAC attrs: 0x1
[    1.700909] PM:   Magic number: 1:647:686
[    1.708433] RAS: Correctable Errors collector initialized.
[    1.728189] clk: Disabling unused clocks
[    1.730959] PM: genpd: Disabling unused power domains
[    1.735379] md: Waiting for all devices to be available before autodetect
[    1.738064] md: If you don't use raid, use raid=noautodetect
[    1.740580] md: Autodetecting RAID arrays.
[    1.742336] md: autorun ...
[    1.743677] md: ... autorun DONE.
[    1.748466] EXT4-fs (sda1): mounted filesystem a72fddf1-49c4-4653-be67-35f223a2066a ro with ordered data mode. Quota mode: none.
[    1.753204] VFS: Mounted root (ext4 filesystem) readonly on device 8:1.
[    1.761399] devtmpfs: mounted
[    1.764795] Freeing unused decrypted memory: 2028K
[    1.767687] Freeing unused kernel image (initmem) memory: 4768K
[    1.770728] Write protecting the kernel read-only data: 34816k
[    1.773840] Freeing unused kernel image (rodata/data gap) memory: 384K
[    1.831144] x86/mm: Checked W+X mappings: passed, no W+X pages found.
[    1.834263] Run /sbin/init as init process
[    1.835900]   with arguments:
[    1.835902]     /sbin/init
[    1.835904]   with environment:
[    1.835906]     HOME=/
[    1.835908]     TERM=linux
[    1.835909]     BOOT_IMAGE=/vmlinuz-6.11.0-1018-azure
[    1.898962] systemd[1]: Inserted module 'autofs4'
[    1.913489] systemd[1]: systemd 255.4-1ubuntu8.11 running in system mode (+PAM +AUDIT +SELINUX +APPARMOR +IMA +SMACK +SECCOMP +GCRYPT -GNUTLS +OPENSSL +ACL +BLKID +CURL +ELFUTILS +FIDO2 +IDN2 -IDN +IPTC +KMOD +LIBCRYPTSETUP +LIBFDISK +PCRE2 -PWQUALITY +P11KIT +QRENCODE +TPM2 +BZIP2 +LZ4 +XZ +ZLIB +ZSTD -BPF_FRAMEWORK -XKBCOMMON +UTMP +SYSVINIT default-hierarchy=unified)
[    1.923929] systemd[1]: Detected virtualization microsoft.
[    1.925969] systemd[1]: Detected architecture x86-64.
[    1.930920] systemd[1]: Hostname set to <runnervmg1sw1>.
[    2.182432] systemd[1]: Queued start job for default target graphical.target.
[    2.211965] systemd[1]: Unnecessary job was removed for sys-devices-virtual-misc-vmbus\x21hv_fcopy.device - /sys/devices/virtual/misc/vmbus!hv_fcopy.
[    2.216361] systemd[1]: Unnecessary job was removed for sys-devices-virtual-misc-vmbus\x21hv_vss.device - /sys/devices/virtual/misc/vmbus!hv_vss.
[    2.221785] systemd[1]: Created slice azure.slice - Slice for Azure VM Agent and Extensions.
[    2.228882] systemd[1]: Created slice system-modprobe.slice - Slice /system/modprobe.
[    2.235727] systemd[1]: Created slice system-serial\x2dgetty.slice - Slice /system/serial-getty.
[    2.243103] systemd[1]: Created slice system-systemd\x2dfsck.slice - Slice /system/systemd-fsck.
[    2.250259] systemd[1]: Created slice user.slice - User and Session Slice.
[    2.255813] systemd[1]: Started systemd-ask-password-wall.path - Forward Password Requests to Wall Directory Watch.
[    2.262856] systemd[1]: Set up automount proc-sys-fs-binfmt_misc.automount - Arbitrary Executable File Formats File System Automount Point.
[    2.271667] systemd[1]: Expecting device dev-disk-by\x2dlabel-BOOT.device - /dev/disk/by-label/BOOT...
[    2.277962] systemd[1]: Expecting device dev-disk-by\x2duuid-7B14\x2d7487.device - /dev/disk/by-uuid/7B14-7487...
[    2.284506] systemd[1]: Expecting device dev-ttyS0.device - /dev/ttyS0...
[    2.288999] systemd[1]: Expecting device sys-devices-virtual-misc-vmbus\x21hv_kvp.device - /sys/devices/virtual/misc/vmbus!hv_kvp...
[    2.295723] systemd[1]: Reached target integritysetup.target - Local Integrity Protected Volumes.
[    2.303882] systemd[1]: Reached target slices.target - Slice Units.
[    2.308303] systemd[1]: Reached target snapd.mounts-pre.target - Mounting snaps.
[    2.313946] systemd[1]: Reached target snapd.mounts.target - Mounted snaps.
[    2.319040] systemd[1]: Reached target swap.target - Swaps.
[    2.323315] systemd[1]: Reached target time-set.target - System Time Set.
[    2.328535] systemd[1]: Reached target veritysetup.target - Local Verity Protected Volumes.
[    2.334891] systemd[1]: Listening on dm-event.socket - Device-mapper event daemon FIFOs.
[    2.340759] systemd[1]: Listening on lvm2-lvmpolld.socket - LVM2 poll daemon socket.
[    2.346569] systemd[1]: Listening on multipathd.socket - multipathd control socket.
[    2.352001] systemd[1]: Listening on syslog.socket - Syslog Socket.
[    2.359387] systemd[1]: Listening on systemd-coredump.socket - Process Core Dump Socket.
[    2.365556] systemd[1]: Listening on systemd-fsckd.socket - fsck to fsckd communication Socket.
[    2.371394] systemd[1]: Listening on systemd-initctl.socket - initctl Compatibility Named Pipe.
[    2.377314] systemd[1]: Listening on systemd-journald-dev-log.socket - Journal Socket (/dev/log).
[    2.384225] systemd[1]: Listening on systemd-journald.socket - Journal Socket.
[    2.389595] systemd[1]: Listening on systemd-networkd.socket - Network Service Netlink Socket.
[    2.395888] systemd[1]: systemd-pcrextend.socket - TPM2 PCR Extension (Varlink) was skipped because of an unmet condition check (ConditionSecurity=measured-uki).
[    2.400860] systemd[1]: Listening on systemd-udevd-control.socket - udev Control Socket.
[    2.406652] systemd[1]: Listening on systemd-udevd-kernel.socket - udev Kernel Socket.
[    2.432220] systemd[1]: Mounting dev-hugepages.mount - Huge Pages File System...
[    2.438076] systemd[1]: Mounting dev-mqueue.mount - POSIX Message Queue File System...
[    2.444357] systemd[1]: Mounting sys-kernel-debug.mount - Kernel Debug File System...
[    2.450481] systemd[1]: Mounting sys-kernel-tracing.mount - Kernel Trace File System...
[    2.457577] systemd[1]: Starting systemd-journald.service - Journal Service...
[    2.465117] systemd[1]: Starting keyboard-setup.service - Set the console keyboard layout...
[    2.472049] systemd[1]: Starting kmod-static-nodes.service - Create List of Static Device Nodes...
[    2.474910] systemd-journald[172]: Collecting audit messages is disabled.
[    2.482238] systemd[1]: Starting lvm2-monitor.service - Monitoring of LVM2 mirrors, snapshots etc. using dmeventd or progress polling...
[    2.490243] systemd[1]: Starting modprobe@configfs.service - Load Kernel Module configfs...
[    2.499298] systemd[1]: Starting modprobe@dm_mod.service - Load Kernel Module dm_mod...
[    2.506771] systemd[1]: Starting modprobe@drm.service - Load Kernel Module drm...
[    2.513284] systemd[1]: Starting modprobe@efi_pstore.service - Load Kernel Module efi_pstore...
[    2.520252] systemd[1]: Starting modprobe@fuse.service - Load Kernel Module fuse...
[    2.528287] systemd[1]: Starting modprobe@loop.service - Load Kernel Module loop...
[    2.534733] systemd[1]: Starting modprobe@nvme_fabrics.service - Load Kernel Module nvme_fabrics...
[    2.541501] systemd[1]: netplan-ovs-cleanup.service - OpenVSwitch configuration for cleanup was skipped because of an unmet condition check (ConditionFileIsExecutable=/usr/bin/ovs-vsctl).
[    2.548464] systemd[1]: Starting systemd-fsck-root.service - File System Check on Root Device...
[    2.556824] systemd[1]: Starting systemd-modules-load.service - Load Kernel Modules...
[    2.561691] systemd[1]: systemd-pcrmachine.service - TPM2 PCR Machine ID Measurement was skipped because of an unmet condition check (ConditionSecurity=measured-uki).
[    2.567329] systemd[1]: systemd-tpm2-setup-early.service - TPM2 SRK Setup (Early) was skipped because of an unmet condition check (ConditionSecurity=measured-uki).
[    2.573593] systemd[1]: Starting systemd-udev-trigger.service - Coldplug All udev Devices...
[    2.581651] systemd[1]: Started systemd-journald.service - Journal Service.
[    2.724780] EXT4-fs (sda1): re-mounted a72fddf1-49c4-4653-be67-35f223a2066a r/w. Quota mode: none.
[    2.751307] systemd-journald[172]: Received client request to flush runtime journal.
[    2.757851] systemd-journald[172]: /var/log/journal/faeb0f5e83fd43498424ee5daeaaebe0/system.journal: Journal file uses a different sequence number ID, rotating.
[    2.757858] systemd-journald[172]: Rotating system journal.
[    3.037619] hv_vmbus: registering driver hyperv_drm
[    3.038042] hyperv_drm 5620e0c7-8062-4dce-aeb7-520c7ef76171: [drm] Synthvid Version major 3, minor 5
[    3.041879] hv_vmbus: registering driver hyperv_keyboard
[    3.043870] [drm] Initialized hyperv_drm 1.0.0 for 5620e0c7-8062-4dce-aeb7-520c7ef76171 on minor 0
[    3.045781] hid: raw HID events driver (C) Jiri Kosina
[    3.061901] hv_vmbus: registering driver hv_netvsc
[    3.256704] cryptd: max_cpu_qlen set to 1000
[    3.320623] input: AT Translated Set 2 keyboard as /devices/LNXSYSTM:00/LNXSYBUS:00/PNP0A03:00/device:07/VMBUS:01/d34b2567-b9b6-42b9-8778-0a4ec0b955bf/serio2/input/input3
[    3.343593] AES CTR mode by8 optimization enabled
[    3.497651] Console: switching to colour frame buffer device 128x48
[    3.583457] hyperv_drm 5620e0c7-8062-4dce-aeb7-520c7ef76171: [drm] fb0: hyperv_drmdrmfb frame buffer device
[    3.848163] workqueue: drm_fb_helper_damage_work hogged CPU for >10000us 4 times, consider switching to WQ_UNBOUND
[    3.849399] hv_vmbus: registering driver hid_hyperv
[    3.856666] input: Microsoft Vmbus HID-compliant Mouse as /devices/0006:045E:0621.0001/input/input4
[    3.859264] hid-hyperv 0006:045E:0621.0001: input: VIRTUAL HID v0.01 Mouse [Microsoft Vmbus HID-compliant Mouse] on 
[    4.001571] kvm_amd: TSC scaling supported
[    4.001577] kvm_amd: Nested Virtualization enabled
[    4.001578] kvm_amd: Nested Paging enabled
[    4.001582] kvm_amd: kvm_amd: Hyper-V enlightened NPT TLB flush enabled
[    4.001583] kvm_amd: kvm_amd: Hyper-V Direct TLB Flush enabled
[    4.001585] kvm_amd: Virtual VMLOAD VMSAVE supported
[    4.001586] kvm_amd: PMU virtualization is disabled
[    4.023161] workqueue: drm_fb_helper_damage_work hogged CPU for >10000us 5 times, consider switching to WQ_UNBOUND
[    4.374161] workqueue: drm_fb_helper_damage_work hogged CPU for >10000us 7 times, consider switching to WQ_UNBOUND
[    4.482994] hv_utils: KVP IC version 4.0
[    4.509770] EXT4-fs (sda16): mounted filesystem 3934d2ba-185b-4e27-aa1a-e9c5b7ae7f73 r/w with ordered data mode. Quota mode: none.
[    4.595773] audit: type=1400 audit(1764337205.402:2): apparmor="STATUS" operation="profile_load" profile="unconfined" name="QtWebEngineProcess" pid=431 comm="apparmor_parser"
[    4.595780] audit: type=1400 audit(1764337205.402:3): apparmor="STATUS" operation="profile_load" profile="unconfined" name="1password" pid=428 comm="apparmor_parser"
[    4.595784] audit: type=1400 audit(1764337205.402:4): apparmor="STATUS" operation="profile_load" profile="unconfined" name="Discord" pid=429 comm="apparmor_parser"
[    4.595788] audit: type=1400 audit(1764337205.402:5): apparmor="STATUS" operation="profile_load" profile="unconfined" name=4D6F6E676F444220436F6D70617373 pid=430 comm="apparmor_parser"
[    4.599874] audit: type=1400 audit(1764337205.407:6): apparmor="STATUS" operation="profile_load" profile="unconfined" name="buildah" pid=435 comm="apparmor_parser"
[    4.599880] audit: type=1400 audit(1764337205.407:7): apparmor="STATUS" operation="profile_load" profile="unconfined" name="brave" pid=434 comm="apparmor_parser"
[    4.599884] audit: type=1400 audit(1764337205.408:8): apparmor="STATUS" operation="profile_load" profile="unconfined" name="busybox" pid=436 comm="apparmor_parser"
[    4.599888] audit: type=1400 audit(1764337205.409:9): apparmor="STATUS" operation="profile_load" profile="unconfined" name="ch-checkns" pid=438 comm="apparmor_parser"
[    4.599970] audit: type=1400 audit(1764337205.409:10): apparmor="STATUS" operation="profile_load" profile="unconfined" name="ch-run" pid=439 comm="apparmor_parser"
[    5.194835] /dev/sr0: Can't lookup blockdev
[    5.257552] 8021q: 802.1Q VLAN Support v1.8
[    9.794021] EXT4-fs (sdb1): mounted filesystem dc0edf10-4c23-408c-83ac-f6e91b4043c7 r/w with ordered data mode. Quota mode: none.
[   11.047227] kauditd_printk_skb: 114 callbacks suppressed
[   11.047231] audit: type=1400 audit(1764337211.857:125): apparmor="STATUS" operation="profile_replace" info="same as current profile, skipping" profile="unconfined" name="rsyslogd" pid=853 comm="apparmor_parser"
[   11.833913] evm: overlay not supported
[   11.842070] systemd-journald[172]: /var/log/journal/faeb0f5e83fd43498424ee5daeaaebe0/user-1001.journal: Journal file uses a different sequence number ID, rotating.
[   11.998370] loop0: detected capacity change from 0 to 8
[   12.174517] audit: type=1400 audit(1764337212.984:126): apparmor="STATUS" operation="profile_replace" profile="unconfined" name="/usr/lib/snapd/snap-confine" pid=1159 comm="apparmor_parser"
[   12.393166] audit: type=1400 audit(1764337213.201:127): apparmor="STATUS" operation="profile_replace" profile="unconfined" name="/usr/lib/snapd/snap-confine//mount-namespace-capture-helper" pid=1159 comm="apparmor_parser"
[   12.973002] audit: type=1400 audit(1764337213.782:128): apparmor="STATUS" operation="profile_load" profile="unconfined" name="docker-default" pid=1278 comm="apparmor_parser"
[   13.086736] Initializing XFRM netlink socket
[   17.241410] bridge: filtering via arp/ip/ip6tables is no longer available by default. Update your scripts to load br_netfilter if you need this.
[   23.836029] Adding 4194300k swap on /mnt/swapfile.  Priority:-2 extents:9 across:4505596k 
[   49.675099] hv_balloon: Max. dynamic memory size: 16384 MB
[ 1133.975532] loop0: detected capacity change from 0 to 1546748
[ 1133.996633] EXT4-fs (loop0): recovery complete
[ 1133.996789] EXT4-fs (loop0): mounted filesystem fe51e821-de88-4608-bf91-39719d810f65 r/w with ordered data mode. Quota mode: none.
