[    0.000000] Linux version 6.11.0-1018-azure (buildd@lcy02-amd64-113) (x86_64-linux-gnu-gcc-13 (Ubuntu 13.3.0-6ubuntu2~24.04) 13.3.0, GNU ld (GNU Binutils for Ubuntu) 2.42) #18~24.04.1-Ubuntu SMP Sat Jun 28 04:46:03 UTC 2025 (Ubuntu 6.11.0-1018.18~24.04.1-azure 6.11.11)
[    0.000000] Command line: BOOT_IMAGE=/vmlinuz-6.11.0-1018-azure root=PARTUUID=92675679-fbc2-4e93-bc37-3604088c3831 ro console=tty1 console=ttyS0 earlyprintk=ttyS0 nvme_core.io_timeout=240 panic=-1
[    0.000000] KERNEL supported cpus:
[    0.000000]   Intel GenuineIntel
[    0.000000]   AMD AuthenticAMD
[    0.000000]   Hygon HygonGenuine
[    0.000000]   Centaur CentaurHauls
[    0.000000]   zhaoxin   Shanghai  
[    0.000000] BIOS-provided physical RAM map:
[    0.000000] BIOS-e820: [mem 0x0000000000000000-0x000000000009fbff] usable
[    0.000000] BIOS-e820: [mem 0x000000000009fc00-0x000000000009ffff] reserved
[    0.000000] BIOS-e820: [mem 0x00000000000e0000-0x00000000000fffff] reserved
[    0.000000] BIOS-e820: [mem 0x0000000000100000-0x000000003ffeffff] usable
[    0.000000] BIOS-e820: [mem 0x000000003fff0000-0x000000003fffefff] ACPI data
[    0.000000] BIOS-e820: [mem 0x000000003ffff000-0x000000003fffffff] ACPI NVS
[    0.000000] BIOS-e820: [mem 0x0000000100000000-0x00000004bfffffff] usable
[    0.000000] printk: legacy bootconsole [earlyser0] enabled
[    0.000000] NX (Execute Disable) protection: active
[    0.000000] APIC: Static calls initialized
[    0.000000] SMBIOS 2.3 present.
[    0.000000] DMI: Microsoft Corporation Virtual Machine/Virtual Machine, BIOS 090008  12/07/2018
[    0.000000] DMI: Memory slots populated: 2/125
[    0.000000] Hypervisor detected: Microsoft Hyper-V
[    0.000000] Hyper-V: privilege flags low 0xae7f, high 0x388030, hints 0x140c2c, misc 0xc0bed7b2
[    0.000000] Hyper-V: Nested features: 0x4a0000
[    0.000000] Hyper-V: LAPIC Timer Frequency: 0x30d40
[    0.000000] Hyper-V: Using hypercall for remote TLB flush
[    0.000000] clocksource: hyperv_clocksource_tsc_page: mask: 0xffffffffffffffff max_cycles: 0x24e6a1710, max_idle_ns: 440795202120 ns
[    0.000000] clocksource: hyperv_clocksource_msr: mask: 0xffffffffffffffff max_cycles: 0x24e6a1710, max_idle_ns: 440795202120 ns
[    0.000000] tsc: Detected 2445.425 MHz processor
[    0.000405] e820: update [mem 0x00000000-0x00000fff] usable ==> reserved
[    0.000410] e820: remove [mem 0x000a0000-0x000fffff] usable
[    0.000418] last_pfn = 0x4c0000 max_arch_pfn = 0x400000000
[    0.002961] MTRR map: 3 entries (1 fixed + 2 variable; max 17), built from 8 variable MTRRs
[    0.006775] x86/PAT: Configuration [0-7]: WB  WC  UC- UC  WB  WP  UC- WT  
[    0.009984] e820: update [mem 0x40000000-0xffffffff] usable ==> reserved
[    0.011665] last_pfn = 0x3ffff max_arch_pfn = 0x400000000
[    0.017942] found SMP MP-table at [mem 0x000ff780-0x000ff78f]
[    0.020773] Using GB pages for direct mapping
[    0.022833] ACPI: Early table checksum verification disabled
[    0.025378] ACPI: RSDP 0x00000000000F5C00 000014 (v00 ACPIAM)
[    0.032800] ACPI: RSDT 0x000000003FFF0000 000040 (v01 VRTUAL MICROSFT 12001807 MSFT 00000097)
[    0.036823] ACPI: FACP 0x000000003FFF0200 000081 (v02 VRTUAL MICROSFT 12001807 MSFT 00000097)
[    0.040715] ACPI: DSDT 0x000000003FFF1D24 003CD5 (v01 MSFTVM MSFTVM02 00000002 INTL 02002026)
[    0.045166] ACPI: FACS 0x000000003FFFF000 000040
[    0.047317] ACPI: WAET 0x000000003FFF1A80 000028 (v01 VRTUAL MICROSFT 12001807 MSFT 00000097)
[    0.051277] ACPI: SLIC 0x000000003FFF1AC0 000176 (v01 VRTUAL MICROSFT 12001807 MSFT 00000097)
[    0.055128] ACPI: OEM0 0x000000003FFF1CC0 000064 (v01 VRTUAL MICROSFT 12001807 MSFT 00000097)
[    0.059260] ACPI: SRAT 0x000000003FFF0800 000160 (v02 VRTUAL MICROSFT 00000001 MSFT 00000001)
[    0.063185] ACPI: APIC 0x000000003FFF0300 000072 (v01 VRTUAL MICROSFT 12001807 MSFT 00000097)
[    0.067047] ACPI: OEMB 0x000000003FFFF040 000064 (v01 VRTUAL MICROSFT 12001807 MSFT 00000097)
[    0.070892] ACPI: Reserving FACP table memory at [mem 0x3fff0200-0x3fff0280]
[    0.074134] ACPI: Reserving DSDT table memory at [mem 0x3fff1d24-0x3fff59f8]
[    0.077574] ACPI: Reserving FACS table memory at [mem 0x3ffff000-0x3ffff03f]
[    0.080906] ACPI: Reserving WAET table memory at [mem 0x3fff1a80-0x3fff1aa7]
[    0.084123] ACPI: Reserving SLIC table memory at [mem 0x3fff1ac0-0x3fff1c35]
[    0.087300] ACPI: Reserving OEM0 table memory at [mem 0x3fff1cc0-0x3fff1d23]
[    0.090654] ACPI: Reserving SRAT table memory at [mem 0x3fff0800-0x3fff095f]
[    0.094232] ACPI: Reserving APIC table memory at [mem 0x3fff0300-0x3fff0371]
[    0.097472] ACPI: Reserving OEMB table memory at [mem 0x3ffff040-0x3ffff0a3]
[    0.100762] SRAT: PXM 0 -> APIC 0x00 -> Node 0
[    0.102769] SRAT: PXM 0 -> APIC 0x01 -> Node 0
[    0.104753] SRAT: PXM 0 -> APIC 0x02 -> Node 0
[    0.106988] SRAT: PXM 0 -> APIC 0x03 -> Node 0
[    0.109016] ACPI: SRAT: Node 0 PXM 0 [mem 0x00000000-0x3fffffff] hotplug
[    0.112067] ACPI: SRAT: Node 0 PXM 0 [mem 0x100000000-0x4bfffffff] hotplug
[    0.115161] ACPI: SRAT: Node 0 PXM 0 [mem 0x4c0000000-0xfbfffffff] hotplug
[    0.118291] ACPI: SRAT: Node 0 PXM 0 [mem 0x1000000000-0xfcffffffff] hotplug
[    0.121452] ACPI: SRAT: Node 0 PXM 0 [mem 0x10000000000-0x1ffffffffff] hotplug
[    0.125097] ACPI: SRAT: Node 0 PXM 0 [mem 0x20000000000-0x3ffffffffff] hotplug
[    0.128406] NUMA: Node 0 [mem 0x00000000-0x3fffffff] + [mem 0x100000000-0x4bfffffff] -> [mem 0x00000000-0x4bfffffff]
[    0.133146] NODE_DATA(0) allocated [mem 0x4bffd5000-0x4bfffffff]
[    0.136037] Zone ranges:
[    0.137234]   DMA      [mem 0x0000000000001000-0x0000000000ffffff]
[    0.143508]   DMA32    [mem 0x0000000001000000-0x00000000ffffffff]
[    0.146509]   Normal   [mem 0x0000000100000000-0x00000004bfffffff]
[    0.149374]   Device   empty
[    0.150662] Movable zone start for each node
[    0.152648] Early memory node ranges
[    0.154304]   node   0: [mem 0x0000000000001000-0x000000000009efff]
[    0.157312]   node   0: [mem 0x0000000000100000-0x000000003ffeffff]
[    0.160275]   node   0: [mem 0x0000000100000000-0x00000004bfffffff]
[    0.164205] Initmem setup node 0 [mem 0x0000000000001000-0x00000004bfffffff]
[    0.167458] On node 0, zone DMA: 1 pages in unavailable ranges
[    0.170115] On node 0, zone DMA: 97 pages in unavailable ranges
[    0.188122] On node 0, zone Normal: 16 pages in unavailable ranges
[    0.193037] ACPI: PM-Timer IO Port: 0x408
[    0.194981] ACPI: LAPIC_NMI (acpi_id[0xff] dfl dfl lint[0x1])
[    0.197952] IOAPIC[0]: apic_id 0, version 17, address 0xfec00000, GSI 0-23
[    0.201100] ACPI: INT_SRC_OVR (bus 0 bus_irq 0 global_irq 2 dfl dfl)
[    0.205745] ACPI: INT_SRC_OVR (bus 0 bus_irq 9 global_irq 9 high level)
[    0.209028] ACPI: Using ACPI (MADT) for SMP configuration information
[    0.212280] CPU topo: Max. logical packages:   1
[    0.214477] CPU topo: Max. logical dies:       1
[    0.216834] CPU topo: Max. dies per package:   1
[    0.219514] CPU topo: Max. threads per core:   2
[    0.221740] CPU topo: Num. cores per package:     2
[    0.224096] CPU topo: Num. threads per package:   4
[    0.226379] CPU topo: Allowing 4 present CPUs plus 0 hotplug CPUs
[    0.229261] random: crng init done
[    0.230815] PM: hibernation: Registered nosave memory: [mem 0x00000000-0x00000fff]
[    0.234495] PM: hibernation: Registered nosave memory: [mem 0x0009f000-0x0009ffff]
[    0.240016] PM: hibernation: Registered nosave memory: [mem 0x000a0000-0x000dffff]
[    0.243524] PM: hibernation: Registered nosave memory: [mem 0x000e0000-0x000fffff]
[    0.247207] PM: hibernation: Registered nosave memory: [mem 0x3fff0000-0x3fffefff]
[    0.250706] PM: hibernation: Registered nosave memory: [mem 0x3ffff000-0x3fffffff]
[    0.257271] PM: hibernation: Registered nosave memory: [mem 0x40000000-0xffffffff]
[    0.260666] [mem 0x40000000-0xffffffff] available for PCI devices
[    0.263434] Booting paravirtualized kernel on Hyper-V
[    0.265700] clocksource: refined-jiffies: mask: 0xffffffff max_cycles: 0xffffffff, max_idle_ns: 1910969940391419 ns
[    0.270859] setup_percpu: NR_CPUS:8192 nr_cpumask_bits:4 nr_cpu_ids:4 nr_node_ids:1
[    0.274467] percpu: Embedded 86 pages/cpu s229376 r8192 d114688 u524288
[    0.277455] pcpu-alloc: s229376 r8192 d114688 u524288 alloc=1*2097152
[    0.277457] pcpu-alloc: [0] 0 1 2 3 
[    0.277472] Hyper-V: PV spinlocks enabled
[    0.279276] PV qspinlock hash table entries: 256 (order: 0, 4096 bytes, linear)
[    0.282516] Kernel command line: BOOT_IMAGE=/vmlinuz-6.11.0-1018-azure root=PARTUUID=92675679-fbc2-4e93-bc37-3604088c3831 ro console=tty1 console=ttyS0 earlyprintk=ttyS0 nvme_core.io_timeout=240 panic=-1
[    0.292589] Unknown kernel command line parameters "BOOT_IMAGE=/vmlinuz-6.11.0-1018-azure", will be passed to user space.
[    0.299272] Dentry cache hash table entries: 2097152 (order: 12, 16777216 bytes, linear)
[    0.303488] Inode-cache hash table entries: 1048576 (order: 11, 8388608 bytes, linear)
[    0.307103] Fallback order for Node 0: 0 
[    0.307107] Built 1 zonelists, mobility grouping on.  Total pages: 4194190
[    0.312062] Policy zone: Normal
[    0.313640] mem auto-init: stack:all(zero), heap alloc:on, heap free:off
[    0.317357] software IO TLB: area num 4.
[    0.346253] SLUB: HWalign=64, Order=0-3, MinObjects=0, CPUs=4, Nodes=1
[    0.351466] ftrace: allocating 57924 entries in 227 pages
[    0.366390] ftrace: allocated 227 pages with 5 groups
[    0.369495] rcu: Hierarchical RCU implementation.
[    0.371939] rcu: 	RCU restricting CPUs from NR_CPUS=8192 to nr_cpu_ids=4.
[    0.375758] 	Rude variant of Tasks RCU enabled.
[    0.377974] 	Tracing variant of Tasks RCU enabled.
[    0.380807] rcu: RCU calculated value of scheduler-enlistment delay is 100 jiffies.
[    0.384792] rcu: Adjusting geometry for rcu_fanout_leaf=16, nr_cpu_ids=4
[    0.388057] RCU Tasks Rude: Setting shift to 2 and lim to 1 rcu_task_cb_adjust=1 rcu_task_cpu_ids=4.
[    0.392534] RCU Tasks Trace: Setting shift to 2 and lim to 1 rcu_task_cb_adjust=1 rcu_task_cpu_ids=4.
[    0.401114] NR_IRQS: 524544, nr_irqs: 456, preallocated irqs: 16
[    0.404387] rcu: srcu_init: Setting srcu_struct sizes based on contention.
[    0.412499] Console: colour VGA+ 80x25
[    0.414491] printk: legacy console [tty1] enabled
[    0.479084] printk: legacy console [ttyS0] enabled
[    0.484162] printk: legacy bootconsole [earlyser0] disabled
[    0.489705] ACPI: Core revision 20240322
[    0.492660] APIC: Switch to symmetric I/O mode setup
[    0.498679] Hyper-V: Host Build 10.0.20348.3115-3-0
[    0.501359] Hyper-V: enabling crash_kexec_post_notifiers
[    0.504332] Hyper-V: Using IPI hypercalls
[    0.506564] APIC: send_IPI() replaced with hv_send_ipi()
[    0.509980] APIC: send_IPI_mask() replaced with hv_send_ipi_mask()
[    0.513419] APIC: send_IPI_mask_allbutself() replaced with hv_send_ipi_mask_allbutself()
[    0.517633] APIC: send_IPI_allbutself() replaced with hv_send_ipi_allbutself()
[    0.521517] APIC: send_IPI_all() replaced with hv_send_ipi_all()
[    0.525133] APIC: send_IPI_self() replaced with hv_send_ipi_self()
[    0.528457] Hyper-V: Using enlightened APIC (xapic mode)
[    0.528466] APIC: eoi() replaced with hv_apic_eoi_write()
[    0.534364] APIC: read() replaced with hv_apic_read()
[    0.537200] APIC: write() replaced with hv_apic_write()
[    0.540681] APIC: icr_write() replaced with hv_apic_icr_write()
[    0.544047] APIC: icr_read() replaced with hv_apic_icr_read()
[    0.559504] ..TIMER: vector=0x30 apic1=0 pin1=2 apic2=-1 pin2=-1
[    0.563012] clocksource: tsc-early: mask: 0xffffffffffffffff max_cycles: 0x233fd71eca6, max_idle_ns: 440795324395 ns
[    0.568309] Calibrating delay loop (skipped), value calculated using timer frequency.. 4890.85 BogoMIPS (lpj=2445425)
[    0.570388] x86/cpu: User Mode Instruction Prevention (UMIP) activated
[    0.571716] Last level iTLB entries: 4KB 512, 2MB 512, 4MB 256
[    0.572695] Last level dTLB entries: 4KB 2048, 2MB 2048, 4MB 1024, 1GB 0
[    0.574310] Spectre V1 : Mitigation: usercopy/swapgs barriers and __user pointer sanitization
[    0.575764] Spectre V2 : Mitigation: Retpolines
[    0.576689] Spectre V2 : Spectre v2 / SpectreRSB mitigation: Filling RSB on context switch
[    0.577777] Spectre V2 : Spectre v2 / SpectreRSB : Filling RSB on VMEXIT
[    0.579306] Speculative Store Bypass: Vulnerable
[    0.580695] Speculative Return Stack Overflow: IBPB-extending microcode not applied!
[    0.581760] Speculative Return Stack Overflow: WARNING: See https://kernel.org/doc/html/latest/admin-guide/hw-vuln/srso.html for mitigation options.
[    0.581761] Speculative Return Stack Overflow: Vulnerable: Safe RET, no microcode
[    0.585327] x86/fpu: Supporting XSAVE feature 0x001: 'x87 floating point registers'
[    0.587306] x86/fpu: Supporting XSAVE feature 0x002: 'SSE registers'
[    0.588687] x86/fpu: Supporting XSAVE feature 0x004: 'AVX registers'
[    0.590306] x86/fpu: Supporting XSAVE feature 0x800: 'Control-flow User registers'
[    0.592306] x86/fpu: xstate_offset[2]:  576, xstate_sizes[2]:  256
[    0.593693] x86/fpu: xstate_offset[11]:  832, xstate_sizes[11]:   16
[    0.594687] x86/fpu: Enabled xstate features 0x807, context size is 848 bytes, using 'compacted' format.
[    0.680957] Freeing SMP alternatives memory: 48K
[    0.683309] pid_max: default: 32768 minimum: 301
[    0.685378] LSM: initializing lsm=lockdown,capability,landlock,yama,apparmor,ima,evm
[    0.686749] landlock: Up and running.
[    0.688307] Yama: becoming mindful.
[    0.690344] AppArmor: AppArmor initialized
[    0.691768] Mount-cache hash table entries: 32768 (order: 6, 262144 bytes, linear)
[    0.692750] Mountpoint-cache hash table entries: 32768 (order: 6, 262144 bytes, linear)
[    0.699546] smpboot: CPU0: AMD EPYC 7763 64-Core Processor (family: 0x19, model: 0x1, stepping: 0x1)
[    0.700971] Performance Events: PMU not available due to virtualization, using software events only.
[    0.701742] signal: max sigframe size: 1776
[    0.702735] rcu: Hierarchical SRCU implementation.
[    0.703690] rcu: 	Max phase no-delay instances is 400.
[    0.704744] Timer migration: 1 hierarchy levels; 8 children per group; 1 crossnode level
[    0.707111] NMI watchdog: Perf NMI watchdog permanently disabled
[    0.707782] smp: Bringing up secondary CPUs ...
[    0.708848] smpboot: x86: Booting SMP configuration:
[    0.709688] .... node  #0, CPUs:      #2 #1 #3
[    0.711354] smp: Brought up 1 node, 4 CPUs
[    0.713724] smpboot: Total of 4 processors activated (19563.40 BogoMIPS)
[    0.714977] Memory: 16363640K/16776760K available (20480K kernel code, 4435K rwdata, 13952K rodata, 4768K init, 4944K bss, 404468K reserved, 0K cma-reserved)
[    0.716729] devtmpfs: initialized
[    0.717751] x86/mm: Memory block size: 128MB
[    0.721367] ACPI: PM: Registering ACPI NVS region [mem 0x3ffff000-0x3fffffff] (4096 bytes)
[    0.722799] clocksource: jiffies: mask: 0xffffffff max_cycles: 0xffffffff, max_idle_ns: 1911260446275000 ns
[    0.723730] futex hash table entries: 1024 (order: 4, 65536 bytes, linear)
[    0.724785] pinctrl core: initialized pinctrl subsystem
[    0.726192] PM: RTC time: 10:38:44, date: 2025-09-03
[    0.727194] NET: Registered PF_NETLINK/PF_ROUTE protocol family
[    0.728015] DMA: preallocated 2048 KiB GFP_KERNEL pool for atomic allocations
[    0.728796] DMA: preallocated 2048 KiB GFP_KERNEL|GFP_DMA pool for atomic allocations
[    0.729875] DMA: preallocated 2048 KiB GFP_KERNEL|GFP_DMA32 pool for atomic allocations
[    0.730791] audit: initializing netlink subsys (disabled)
[    0.731712] audit: type=2000 audit(1756895923.170:1): state=initialized audit_enabled=0 res=1
[    0.731712] thermal_sys: Registered thermal governor 'fair_share'
[    0.732743] thermal_sys: Registered thermal governor 'bang_bang'
[    0.733688] thermal_sys: Registered thermal governor 'step_wise'
[    0.735237] thermal_sys: Registered thermal governor 'user_space'
[    0.735711] thermal_sys: Registered thermal governor 'power_allocator'
[    0.736776] cpuidle: using governor ladder
[    0.738697] cpuidle: using governor menu
[    0.743048] acpiphp: ACPI Hot Plug PCI Controller Driver version: 0.5
[    0.744194] PCI: Using configuration type 1 for base access
[    0.744692] PCI: Using configuration type 1 for extended access
[    0.745909] kprobes: kprobe jump-optimization is enabled. All kprobes are optimized if possible.
[    0.777321] HugeTLB: registered 1.00 GiB page size, pre-allocated 0 pages
[    0.778693] HugeTLB: 16380 KiB vmemmap can be freed for a 1.00 GiB page
[    0.779734] HugeTLB: registered 2.00 MiB page size, pre-allocated 0 pages
[    0.780704] HugeTLB: 28 KiB vmemmap can be freed for a 2.00 MiB page
[    0.782545] ACPI: Added _OSI(Module Device)
[    0.784768] ACPI: Added _OSI(Processor Device)
[    0.787688] ACPI: Added _OSI(3.0 _SCP Extensions)
[    0.789689] ACPI: Added _OSI(Processor Aggregator Device)
[    0.798497] ACPI: 1 ACPI AML tables successfully acquired and loaded
[    0.806773] ACPI: Interpreter enabled
[    0.807709] ACPI: PM: (supports S0 S5)
[    0.808692] ACPI: Using IOAPIC for interrupt routing
[    0.810244] PCI: Using host bridge windows from ACPI; if necessary, use "pci=nocrs" and report a bug
[    0.810725] PCI: Using E820 reservations for host bridge windows
[    0.812206] ACPI: Enabled 1 GPEs in block 00 to 0F
[    0.839972] ACPI: PCI Root Bridge [PCI0] (domain 0000 [bus 00-ff])
[    0.840702] acpi PNP0A03:00: _OSC: OS supports [ExtendedConfig ASPM ClockPM Segments MSI HPX-Type3]
[    0.842259] PCI host bridge to bus 0000:00
[    0.842718] pci_bus 0000:00: root bus resource [mem 0xfc0000000-0xfffffffff window]
[    0.843730] pci_bus 0000:00: root bus resource [io  0x0000-0x0cf7 window]
[    0.844693] pci_bus 0000:00: root bus resource [io  0x0d00-0xffff window]
[    0.845731] pci_bus 0000:00: root bus resource [mem 0x000a0000-0x000bffff window]
[    0.846730] pci_bus 0000:00: root bus resource [mem 0x40000000-0xfffbffff window]
[    0.847724] pci_bus 0000:00: root bus resource [bus 00-ff]
[    0.849377] pci 0000:00:00.0: [8086:7192] type 00 class 0x060000 conventional PCI endpoint
[    0.853990] pci 0000:00:07.0: [8086:7110] type 00 class 0x060100 conventional PCI endpoint
[    0.856761] pci 0000:00:07.1: [8086:7111] type 00 class 0x010180 conventional PCI endpoint
[    0.859386] pci 0000:00:07.1: BAR 4 [io  0xffa0-0xffaf]
[    0.860860] pci 0000:00:07.1: BAR 0 [io  0x01f0-0x01f7]: legacy IDE quirk
[    0.861688] pci 0000:00:07.1: BAR 1 [io  0x03f6]: legacy IDE quirk
[    0.862699] pci 0000:00:07.1: BAR 2 [io  0x0170-0x0177]: legacy IDE quirk
[    0.863703] pci 0000:00:07.1: BAR 3 [io  0x0376]: legacy IDE quirk
[    0.865269] * Found PM-Timer Bug on the chipset. Due to workarounds for a bug,
               * this clock source is slow. Consider trying other clock sources
[    0.865760] pci 0000:00:07.3: [8086:7113] type 00 class 0x068000 conventional PCI endpoint
[    0.868285] pci 0000:00:07.3: quirk: [io  0x0400-0x043f] claimed by PIIX4 ACPI
[    0.869520] pci 0000:00:08.0: [1414:5353] type 00 class 0x030000 conventional PCI endpoint
[    0.871979] pci 0000:00:08.0: BAR 0 [mem 0xf8000000-0xfbffffff]
[    0.873158] pci 0000:00:08.0: Video device with shadowed ROM at [mem 0x000c0000-0x000dffff]
[    0.895247] ACPI: PCI: Interrupt link LNKA configured for IRQ 11
[    0.895972] ACPI: PCI: Interrupt link LNKB configured for IRQ 0
[    0.896733] ACPI: PCI: Interrupt link LNKB disabled
[    0.897947] ACPI: PCI: Interrupt link LNKC configured for IRQ 0
[    0.898729] ACPI: PCI: Interrupt link LNKC disabled
[    0.899946] ACPI: PCI: Interrupt link LNKD configured for IRQ 0
[    0.900694] ACPI: PCI: Interrupt link LNKD disabled
[    0.901988] iommu: Default domain type: Translated
[    0.904702] iommu: DMA domain TLB invalidation policy: lazy mode
[    0.907976] SCSI subsystem initialized
[    0.910326] libata version 3.00 loaded.
[    0.910351] ACPI: bus type USB registered
[    0.911746] usbcore: registered new interface driver usbfs
[    0.917704] usbcore: registered new interface driver hub
[    0.920709] usbcore: registered new device driver usb
[    0.923729] pps_core: LinuxPPS API ver. 1 registered
[    0.926719] pps_core: Software ver. 5.3.6 - Copyright 2005-2007 Rodolfo Giometti <giometti@linux.it>
[    0.931758] PTP clock support registered
[    0.933735] EDAC MC: Ver: 3.0.0
[    0.937308] hv_vmbus: Vmbus version:5.3
[    0.939727] NetLabel: Initializing
[    0.941712] NetLabel:  domain hash size = 128
[    0.944715] NetLabel:  protocols = UNLABELED CIPSOv4 CALIPSO
[    0.947729] NetLabel:  unlabeled traffic allowed by default
[    0.950722] mctp: management component transport protocol core
[    0.953718] NET: Registered PF_MCTP protocol family
[    0.956692] PCI: Using ACPI for IRQ routing
[    0.958692] PCI: pci_cache_line_size set to 64 bytes
[    0.959039] e820: reserve RAM buffer [mem 0x0009fc00-0x0009ffff]
[    0.959042] e820: reserve RAM buffer [mem 0x3fff0000-0x3fffffff]
[    0.959349] pci 0000:00:08.0: vgaarb: setting as boot VGA device
[    0.960305] pci 0000:00:08.0: vgaarb: bridge control possible
[    0.960305] pci 0000:00:08.0: vgaarb: VGA device added: decodes=io+mem,owns=io+mem,locks=none
[    0.971309] vgaarb: loaded
[    0.973432] clocksource: Switched to clocksource tsc-early
[    0.978113] VFS: Disk quotas dquot_6.6.0
[    0.980673] VFS: Dquot-cache hash table entries: 512 (order 0, 4096 bytes)
[    0.985311] AppArmor: AppArmor Filesystem Enabled
[    0.988248] pnp: PnP ACPI init
[    0.991582] pnp 00:03: [dma 0 disabled]
[    0.992593] pnp 00:04: [dma 0 disabled]
[    0.993523] pnp 00:05: [dma 2]
[    0.993651] system 00:06: [io  0x01e0-0x01ef] has been reserved
[    0.997109] system 00:06: [io  0x0160-0x016f] has been reserved
[    1.000455] system 00:06: [io  0x0278-0x027f] has been reserved
[    1.003987] system 00:06: [io  0x0378-0x037f] has been reserved
[    1.007285] system 00:06: [io  0x0678-0x067f] has been reserved
[    1.010883] system 00:06: [io  0x0778-0x077f] has been reserved
[    1.014126] system 00:06: [io  0x04d0-0x04d1] has been reserved
[    1.017723] system 00:07: [io  0x0400-0x043f] has been reserved
[    1.021046] system 00:07: [io  0x0370-0x0371] has been reserved
[    1.024371] system 00:07: [io  0x0440-0x044f] has been reserved
[    1.030853] system 00:07: [mem 0xfec00000-0xfec00fff] could not be reserved
[    1.034883] system 00:07: [mem 0xfee00000-0xfee00fff] has been reserved
[    1.038854] system 00:08: [mem 0x00000000-0x0009ffff] could not be reserved
[    1.042758] system 00:08: [mem 0x000c0000-0x000dffff] could not be reserved
[    1.046455] system 00:08: [mem 0x000e0000-0x000fffff] could not be reserved
[    1.050181] system 00:08: [mem 0x00100000-0x3fffffff] could not be reserved
[    1.053955] system 00:08: [mem 0xfffc0000-0xffffffff] has been reserved
[    1.058531] pnp: PnP ACPI: found 9 devices
[    1.068366] clocksource: acpi_pm: mask: 0xffffff max_cycles: 0xffffff, max_idle_ns: 2085701024 ns
[    1.074715] NET: Registered PF_INET protocol family
[    1.077676] IP idents hash table entries: 262144 (order: 9, 2097152 bytes, linear)
[    1.098272] tcp_listen_portaddr_hash hash table entries: 8192 (order: 5, 131072 bytes, linear)
[    1.103068] Table-perturb hash table entries: 65536 (order: 6, 262144 bytes, linear)
[    1.107329] TCP established hash table entries: 131072 (order: 8, 1048576 bytes, linear)
[    1.111834] TCP bind hash table entries: 65536 (order: 9, 2097152 bytes, linear)
[    1.115858] TCP: Hash tables configured (established 131072 bind 65536)
[    1.119672] MPTCP token hash table entries: 16384 (order: 6, 393216 bytes, linear)
[    1.123825] UDP hash table entries: 8192 (order: 6, 262144 bytes, linear)
[    1.127478] UDP-Lite hash table entries: 8192 (order: 6, 262144 bytes, linear)
[    1.131477] NET: Registered PF_UNIX/PF_LOCAL protocol family
[    1.134511] NET: Registered PF_XDP protocol family
[    1.140125] pci_bus 0000:00: resource 4 [mem 0xfc0000000-0xfffffffff window]
[    1.144289] pci_bus 0000:00: resource 5 [io  0x0000-0x0cf7 window]
[    1.147698] pci_bus 0000:00: resource 6 [io  0x0d00-0xffff window]
[    1.150945] pci_bus 0000:00: resource 7 [mem 0x000a0000-0x000bffff window]
[    1.154925] pci_bus 0000:00: resource 8 [mem 0x40000000-0xfffbffff window]
[    1.158752] pci 0000:00:00.0: Limiting direct PCI/PCI transfers
[    1.162066] PCI: CLS 0 bytes, default 64
[    1.164535] PCI-DMA: Using software bounce buffering for IO (SWIOTLB)
[    1.168069] software IO TLB: mapped [mem 0x000000003bff0000-0x000000003fff0000] (64MB)
[    1.172624] clocksource: tsc: mask: 0xffffffffffffffff max_cycles: 0x233fd71eca6, max_idle_ns: 440795324395 ns
[    1.177830] clocksource: Switched to clocksource tsc
[    1.181049] Initialise system trusted keyrings
[    1.183614] Key type blacklist registered
[    1.186286] workingset: timestamp_bits=36 max_order=22 bucket_order=0
[    1.189713] zbud: loaded
[    1.191696] squashfs: version 4.0 (2009/01/31) Phillip Lougher
[    1.194929] fuse: init (API version 7.40)
[    1.197420] integrity: Platform Keyring initialized
[    1.200148] integrity: Machine keyring initialized
[    1.214859] Key type asymmetric registered
[    1.217436] Asymmetric key parser 'x509' registered
[    1.220227] Block layer SCSI generic (bsg) driver version 0.4 loaded (major 244)
[    1.224167] io scheduler mq-deadline registered
[    1.227074] shpchp: Standard Hot Plug PCI Controller Driver version: 0.4
[    1.230700] hv_vmbus: registering driver hv_pci
[    1.235256] input: Power Button as /devices/LNXSYSTM:00/LNXPWRBN:00/input/input0
[    1.240322] ACPI: button: Power Button [PWRF]
[    1.243533] Serial: 8250/16550 driver, 32 ports, IRQ sharing enabled
[    1.276248] 00:03: ttyS0 at I/O 0x3f8 (irq = 4, base_baud = 115200) is a 16550A
[    1.306885] 00:04: ttyS1 at I/O 0x2f8 (irq = 3, base_baud = 115200) is a 16550A
[    1.313866] Linux agpgart interface v0.103
[    1.318651] loop: module loaded
[    1.320948] hv_vmbus: registering driver hv_storvsc
[    1.323763] Key type psk registered
[    1.324570] scsi host0: storvsc_host_t
[    1.324573] scsi host1: storvsc_host_t
[    1.324911] scsi 1:0:1:0: Direct-Access     Msft     Virtual Disk     1.0  PQ: 0 ANSI: 5
[    1.325375] scsi host2: storvsc_host_t
[    1.326024] sd 1:0:1:0: Attached scsi generic sg0 type 0
[    1.326230] sd 1:0:1:0: [sda] 157286400 512-byte logical blocks: (80.5 GB/75.0 GiB)
[    1.326233] sd 1:0:1:0: [sda] 4096-byte physical blocks
[    1.326237] ata_piix 0000:00:07.1: version 2.13
[    1.326316] sd 1:0:1:0: [sda] Write Protect is off
[    1.326320] sd 1:0:1:0: [sda] Mode Sense: 0f 00 10 00
[    1.326501] ata_piix 0000:00:07.1: Hyper-V Virtual Machine detected, ATA device ignore set
[    1.326504] sd 1:0:1:0: [sda] Write cache: disabled, read cache: enabled, supports DPO and FUA
[    1.326602] hv_storvsc 00000000-0001-8899-0000-000000000000: tag#68 cmd 0x5a status: scsi 0x2 srb 0x86 hv 0xc0000001
[    1.328114] scsi host3: storvsc_host_t
[    1.328183] scsi: waiting for bus probes to complete ...
[    1.328513] hv_storvsc 00000000-0001-8899-0000-000000000000: tag#195 cmd 0x5a status: scsi 0x2 srb 0x86 hv 0xc0000001
[    1.329844] scsi host4: ata_piix
[    1.330013] scsi host5: ata_piix
[    1.330057] ata1: PATA max UDMA/33 cmd 0x1f0 ctl 0x3f6 bmdma 0xffa0 irq 14 lpm-pol 0
[    1.330059] ata2: PATA max UDMA/33 cmd 0x170 ctl 0x376 bmdma 0xffa8 irq 15 lpm-pol 0
[    1.330106] ACPI: bus type drm_connector registered
[    1.337530] scsi 0:0:0:0: Direct-Access     Msft     Virtual Disk     1.0  PQ: 0 ANSI: 5
[    1.339635] tun: Universal TUN/TAP device driver, 1.6
[    1.344055] sd 0:0:0:0: Attached scsi generic sg1 type 0
[    1.346369] PPP generic driver version 2.4.2
[    1.347028] sd 0:0:0:0: [sdb] 157286400 512-byte logical blocks: (80.5 GB/75.0 GiB)
[    1.349630] i8042: PNP: PS/2 Controller [PNP0303:PS2K,PNP0f03:PS2M] at 0x60,0x64 irq 1,12
[    1.349902] sd 0:0:0:0: [sdb] 4096-byte physical blocks
[    1.349922]  sda: sda1
[    1.353809] sd 0:0:0:0: [sdb] Write Protect is off
[    1.358267] sd 1:0:1:0: [sda] Attached SCSI disk
[    1.360531] serio: i8042 KBD port at 0x60,0x64 irq 1
[    1.360539] serio: i8042 AUX port at 0x60,0x64 irq 12
[    1.360721] mousedev: PS/2 mouse device common for all mice
[    1.360894] rtc_cmos 00:00: RTC can wake from S4
[    1.367060] sd 0:0:0:0: [sdb] Mode Sense: 0f 00 10 00
[    1.367619] rtc_cmos 00:00: registered as rtc0
[    1.369198] sd 0:0:0:0: [sdb] Write cache: disabled, read cache: enabled, supports DPO and FUA
[    1.372133] rtc_cmos 00:00: setting system clock to 2025-09-03T10:38:45 UTC (1756895925)
[    1.376862] hv_storvsc 00000000-0000-8899-0000-000000000000: tag#5 cmd 0x5a status: scsi 0x2 srb 0x86 hv 0xc0000001
[    1.378931] rtc_cmos 00:00: alarms up to one month, 114 bytes nvram
[    1.381130] hv_storvsc 00000000-0000-8899-0000-000000000000: tag#12 cmd 0x5a status: scsi 0x2 srb 0x86 hv 0xc0000001
[    1.383995] device-mapper: core: CONFIG_IMA_DISABLE_HTABLE is disabled. Duplicate IMA measurements will not be recorded in the IMA log.
[    1.471331] device-mapper: uevent: version 1.0.3
[    1.472015] input: AT Translated Set 2 keyboard as /devices/platform/i8042/serio0/input/input1
[    1.473763] device-mapper: ioctl: 4.48.0-ioctl (2023-03-01) initialised: dm-devel@lists.linux.dev
[    1.486992] amd_pstate: the _CPC object is not present in SBIOS or ACPI disabled
[    1.491364] hv_utils: Registering HyperV Utility Driver
[    1.494747] hv_vmbus: registering driver hv_utils
[    1.497472] hv_vmbus: registering driver hv_balloon
[    1.497473]  sdb: sdb1 sdb14 sdb15 sdb16
[    1.499910] drop_monitor: Initializing network drop monitor service
[    1.501861] hv_utils: Heartbeat IC version 3.0
[    1.501868] hv_utils: Shutdown IC version 3.2
[    1.501873] hv_utils: TimeSync IC version 4.0
[    1.502118] sd 0:0:0:0: [sdb] Attached SCSI disk
[    1.504965] hv_balloon: Using Dynamic Memory protocol version 2.0
[    1.505044] NET: Registered PF_INET6 protocol family
[    1.505834] Segment Routing with IPv6
[    1.505849] In-situ OAM (IOAM) with IPv6
[    1.505874] NET: Registered PF_PACKET protocol family
[    1.505931] Key type dns_resolver registered
[    1.532747] IPI shorthand broadcast: enabled
[    1.538175] sched_clock: Marking stable (1385007398, 152784744)->(1771289860, -233497718)
[    1.542743] registered taskstats version 1
[    1.545359] Loading compiled-in X.509 certificates
[    1.548550] Loaded X.509 cert 'Build time autogenerated kernel key: 9d524b68cfc3fab047012c2dd2fcf07bd1b03953'
[    1.554027] Loaded X.509 cert 'Canonical Ltd. Live Patch Signing: 14df34d1a87cf37625abec039ef2bf521249b969'
[    1.561299] Loaded X.509 cert 'Canonical Ltd. Kernel Module Signing: 88f752e560a1e0737e31163a466ad7b70a850c19'
[    1.566521] blacklist: Loading compiled-in revocation X.509 certificates
[    1.570234] Loaded X.509 cert 'Canonical Ltd. Secure Boot Signing: 61482aa2830d0ab2ad5af10b7250da9033ddcef0'
[    1.575499] Loaded X.509 cert 'Canonical Ltd. Secure Boot Signing (2017): 242ade75ac4a15e50d50c84b0d45ff3eae707a03'
[    1.580924] Loaded X.509 cert 'Canonical Ltd. Secure Boot Signing (ESM 2018): 365188c1d374d6b07c3c8f240f8ef722433d6a8b'
[    1.586331] Loaded X.509 cert 'Canonical Ltd. Secure Boot Signing (2019): c0746fd6c5da3ae827864651ad66ae47fe24b3e8'
[    1.594633] Loaded X.509 cert 'Canonical Ltd. Secure Boot Signing (2021 v1): a8d54bbb3825cfb94fa13c9f8a594a195c107b8d'
[    1.600052] Loaded X.509 cert 'Canonical Ltd. Secure Boot Signing (2021 v2): 4cf046892d6fd3c9a5b03f98d845f90851dc6a8c'
[    1.605748] Loaded X.509 cert 'Canonical Ltd. Secure Boot Signing (2021 v3): 100437bb6de6e469b581e61cd66bce3ef4ed53af'
[    1.611212] Loaded X.509 cert 'Canonical Ltd. Secure Boot Signing (Ubuntu Core 2019): c1d57b8f6b743f23ee41f4f7ee292f06eecadfb9'
[    1.624123] Demotion targets for Node 0: null
[    1.626728] Key type .fscrypt registered
[    1.629031] Key type fscrypt-provisioning registered
[    1.632536] Key type encrypted registered
[    1.635118] AppArmor: AppArmor sha256 policy hashing enabled
[    1.638223] ima: No TPM chip found, activating TPM-bypass!
[    1.641336] Loading compiled-in module X.509 certificates
[    1.644773] Loaded X.509 cert 'Build time autogenerated kernel key: 9d524b68cfc3fab047012c2dd2fcf07bd1b03953'
[    1.650211] ima: Allocated hash algorithm: sha256
[    1.652968] ima: No architecture policies found
[    1.655615] evm: Initialising EVM extended attributes:
[    1.658515] evm: security.selinux
[    1.660653] evm: security.SMACK64
[    1.662701] evm: security.SMACK64EXEC
[    1.664886] evm: security.SMACK64TRANSMUTE
[    1.667517] evm: security.SMACK64MMAP
[    1.669726] evm: security.apparmor
[    1.671850] evm: security.ima
[    1.673659] evm: security.capability
[    1.675721] evm: HMAC attrs: 0x1
[    1.678107] PM:   Magic number: 9:882:627
[    1.685473] RAS: Correctable Errors collector initialized.
[    1.705157] clk: Disabling unused clocks
[    1.707561] PM: genpd: Disabling unused power domains
[    1.711539] md: Waiting for all devices to be available before autodetect
[    1.714087] md: If you don't use raid, use raid=noautodetect
[    1.716085] md: Autodetecting RAID arrays.
[    1.717690] md: autorun ...
[    1.718904] md: ... autorun DONE.
[    1.723960] EXT4-fs (sdb1): mounted filesystem c1193602-d08f-44fd-b457-42b2aaab2d53 ro with ordered data mode. Quota mode: none.
[    1.727748] VFS: Mounted root (ext4 filesystem) readonly on device 8:17.
[    1.730695] devtmpfs: mounted
[    1.733542] Freeing unused decrypted memory: 2028K
[    1.735936] Freeing unused kernel image (initmem) memory: 4768K
[    1.738133] Write protecting the kernel read-only data: 34816k
[    1.740564] Freeing unused kernel image (rodata/data gap) memory: 384K
[    1.797557] x86/mm: Checked W+X mappings: passed, no W+X pages found.
[    1.799859] Run /sbin/init as init process
[    1.801418]   with arguments:
[    1.801420]     /sbin/init
[    1.801422]   with environment:
[    1.801423]     HOME=/
[    1.801425]     TERM=linux
[    1.801427]     BOOT_IMAGE=/vmlinuz-6.11.0-1018-azure
[    1.853822] systemd[1]: Inserted module 'autofs4'
[    1.866198] systemd[1]: systemd 255.4-1ubuntu8.10 running in system mode (+PAM +AUDIT +SELINUX +APPARMOR +IMA +SMACK +SECCOMP +GCRYPT -GNUTLS +OPENSSL +ACL +BLKID +CURL +ELFUTILS +FIDO2 +IDN2 -IDN +IPTC +KMOD +LIBCRYPTSETUP +LIBFDISK +PCRE2 -PWQUALITY +P11KIT +QRENCODE +TPM2 +BZIP2 +LZ4 +XZ +ZLIB +ZSTD -BPF_FRAMEWORK -XKBCOMMON +UTMP +SYSVINIT default-hierarchy=unified)
[    1.876119] systemd[1]: Detected virtualization microsoft.
[    1.878039] systemd[1]: Detected architecture x86-64.
[    1.882225] systemd[1]: Hostname set to <pkrvm7jw40e0xgp>.
[    2.108798] systemd[1]: Queued start job for default target graphical.target.
[    2.125571] systemd[1]: Unnecessary job was removed for sys-devices-virtual-misc-vmbus\x21hv_fcopy.device - /sys/devices/virtual/misc/vmbus!hv_fcopy.
[    2.130098] systemd[1]: Unnecessary job was removed for sys-devices-virtual-misc-vmbus\x21hv_vss.device - /sys/devices/virtual/misc/vmbus!hv_vss.
[    2.135075] systemd[1]: Created slice azure.slice - Slice for Azure VM Agent and Extensions.
[    2.141563] systemd[1]: Created slice system-modprobe.slice - Slice /system/modprobe.
[    2.150526] systemd[1]: Created slice system-serial\x2dgetty.slice - Slice /system/serial-getty.
[    2.156900] systemd[1]: Created slice system-systemd\x2dfsck.slice - Slice /system/systemd-fsck.
[    2.163233] systemd[1]: Created slice user.slice - User and Session Slice.
[    2.168154] systemd[1]: Started systemd-ask-password-wall.path - Forward Password Requests to Wall Directory Watch.
[    2.174584] systemd[1]: Set up automount proc-sys-fs-binfmt_misc.automount - Arbitrary Executable File Formats File System Automount Point.
[    2.181581] systemd[1]: Expecting device dev-disk-by\x2dlabel-BOOT.device - /dev/disk/by-label/BOOT...
[    2.187431] systemd[1]: Expecting device dev-disk-by\x2duuid-112F\x2d1C35.device - /dev/disk/by-uuid/112F-1C35...
[    2.193323] systemd[1]: Expecting device dev-ttyS0.device - /dev/ttyS0...
[    2.197677] systemd[1]: Expecting device sys-devices-virtual-misc-vmbus\x21hv_kvp.device - /sys/devices/virtual/misc/vmbus!hv_kvp...
[    2.204076] systemd[1]: Reached target integritysetup.target - Local Integrity Protected Volumes.
[    2.209975] systemd[1]: Reached target slices.target - Slice Units.
[    2.214736] systemd[1]: Reached target snapd.mounts-pre.target - Mounting snaps.
[    2.219749] systemd[1]: Reached target snapd.mounts.target - Mounted snaps.
[    2.224594] systemd[1]: Reached target swap.target - Swaps.
[    2.229760] systemd[1]: Reached target time-set.target - System Time Set.
[    2.234444] systemd[1]: Reached target veritysetup.target - Local Verity Protected Volumes.
[    2.240056] systemd[1]: Listening on dm-event.socket - Device-mapper event daemon FIFOs.
[    2.245817] systemd[1]: Listening on lvm2-lvmpolld.socket - LVM2 poll daemon socket.
[    2.251189] systemd[1]: Listening on multipathd.socket - multipathd control socket.
[    2.256818] systemd[1]: Listening on syslog.socket - Syslog Socket.
[    2.267672] systemd[1]: Listening on systemd-coredump.socket - Process Core Dump Socket.
[    2.273327] systemd[1]: Listening on systemd-fsckd.socket - fsck to fsckd communication Socket.
[    2.279331] systemd[1]: Listening on systemd-initctl.socket - initctl Compatibility Named Pipe.
[    2.285243] systemd[1]: Listening on systemd-journald-dev-log.socket - Journal Socket (/dev/log).
[    2.291336] systemd[1]: Listening on systemd-journald.socket - Journal Socket.
[    2.296450] systemd[1]: Listening on systemd-networkd.socket - Network Service Netlink Socket.
[    2.302295] systemd[1]: systemd-pcrextend.socket - TPM2 PCR Extension (Varlink) was skipped because of an unmet condition check (ConditionSecurity=measured-uki).
[    2.307481] systemd[1]: Listening on systemd-udevd-control.socket - udev Control Socket.
[    2.313620] systemd[1]: Listening on systemd-udevd-kernel.socket - udev Kernel Socket.
[    2.329854] systemd[1]: Mounting dev-hugepages.mount - Huge Pages File System...
[    2.335479] systemd[1]: Mounting dev-mqueue.mount - POSIX Message Queue File System...
[    2.341445] systemd[1]: Mounting sys-kernel-debug.mount - Kernel Debug File System...
[    2.345994] systemd[1]: Mounting sys-kernel-tracing.mount - Kernel Trace File System...
[    2.353381] systemd[1]: Starting systemd-journald.service - Journal Service...
[    2.359859] systemd[1]: Starting keyboard-setup.service - Set the console keyboard layout...
[    2.366711] systemd[1]: Starting kmod-static-nodes.service - Create List of Static Device Nodes...
[    2.376113] systemd[1]: Starting lvm2-monitor.service - Monitoring of LVM2 mirrors, snapshots etc. using dmeventd or progress polling...
[    2.377615] systemd-journald[173]: Collecting audit messages is disabled.
[    2.386304] systemd[1]: Starting modprobe@configfs.service - Load Kernel Module configfs...
[    2.393719] systemd[1]: Starting modprobe@dm_mod.service - Load Kernel Module dm_mod...
[    2.401261] systemd[1]: Starting modprobe@drm.service - Load Kernel Module drm...
[    2.408744] systemd[1]: Starting modprobe@efi_pstore.service - Load Kernel Module efi_pstore...
[    2.416823] systemd[1]: Starting modprobe@fuse.service - Load Kernel Module fuse...
[    2.421532] systemd[1]: Starting modprobe@loop.service - Load Kernel Module loop...
[    2.427960] systemd[1]: Starting modprobe@nvme_fabrics.service - Load Kernel Module nvme_fabrics...
[    2.433804] systemd[1]: netplan-ovs-cleanup.service - OpenVSwitch configuration for cleanup was skipped because of an unmet condition check (ConditionFileIsExecutable=/usr/bin/ovs-vsctl).
[    2.440207] systemd[1]: Starting systemd-fsck-root.service - File System Check on Root Device...
[    2.447715] systemd[1]: Starting systemd-modules-load.service - Load Kernel Modules...
[    2.451639] systemd[1]: systemd-pcrmachine.service - TPM2 PCR Machine ID Measurement was skipped because of an unmet condition check (ConditionSecurity=measured-uki).
[    2.456858] systemd[1]: systemd-tpm2-setup-early.service - TPM2 SRK Setup (Early) was skipped because of an unmet condition check (ConditionSecurity=measured-uki).
[    2.462633] systemd[1]: Starting systemd-udev-trigger.service - Coldplug All udev Devices...
[    2.468782] systemd[1]: Started systemd-journald.service - Journal Service.
[    2.603551] EXT4-fs (sdb1): re-mounted c1193602-d08f-44fd-b457-42b2aaab2d53 r/w. Quota mode: none.
[    2.627992] systemd-journald[173]: Received client request to flush runtime journal.
[    2.641131] systemd-journald[173]: /var/log/journal/ad41827f1b7543ac83173f5633219637/system.journal: Journal file uses a different sequence number ID, rotating.
[    2.641136] systemd-journald[173]: Rotating system journal.
[    2.920019] hv_vmbus: registering driver hyperv_drm
[    2.921017] hyperv_drm 5620e0c7-8062-4dce-aeb7-520c7ef76171: [drm] Synthvid Version major 3, minor 5
[    2.921507] [drm] Initialized hyperv_drm 1.0.0 for 5620e0c7-8062-4dce-aeb7-520c7ef76171 on minor 0
[    2.924557] hv_vmbus: registering driver hyperv_keyboard
[    2.924972] input: AT Translated Set 2 keyboard as /devices/LNXSYSTM:00/LNXSYBUS:00/PNP0A03:00/device:07/VMBUS:01/d34b2567-b9b6-42b9-8778-0a4ec0b955bf/serio2/input/input3
[    2.928648] hv_vmbus: registering driver hv_netvsc
[    2.947749] hid: raw HID events driver (C) Jiri Kosina
[    2.959216] cryptd: max_cpu_qlen set to 1000
[    3.337898] Console: switching to colour frame buffer device 128x48
[    3.418602] hyperv_drm 5620e0c7-8062-4dce-aeb7-520c7ef76171: [drm] fb0: hyperv_drmdrmfb frame buffer device
[    3.597899] hv_vmbus: registering driver hid_hyperv
[    3.601577] AES CTR mode by8 optimization enabled
[    3.601642] input: Microsoft Vmbus HID-compliant Mouse as /devices/0006:045E:0621.0001/input/input4
[    3.602215] hid-hyperv 0006:045E:0621.0001: input: VIRTUAL HID v0.01 Mouse [Microsoft Vmbus HID-compliant Mouse] on 
[    3.674798] workqueue: drm_fb_helper_damage_work hogged CPU for >10000us 4 times, consider switching to WQ_UNBOUND
[    3.720964] kvm_amd: TSC scaling supported
[    3.721072] kvm_amd: Nested Virtualization enabled
[    3.721073] kvm_amd: Nested Paging enabled
[    3.721175] kvm_amd: kvm_amd: Hyper-V enlightened NPT TLB flush enabled
[    3.721176] kvm_amd: kvm_amd: Hyper-V Direct TLB Flush enabled
[    3.721180] kvm_amd: Virtual VMLOAD VMSAVE supported
[    3.721180] kvm_amd: PMU virtualization is disabled
[    3.846797] workqueue: drm_fb_helper_damage_work hogged CPU for >10000us 5 times, consider switching to WQ_UNBOUND
[    4.173797] workqueue: drm_fb_helper_damage_work hogged CPU for >10000us 7 times, consider switching to WQ_UNBOUND
[    4.190627] hv_utils: KVP IC version 4.0
[    4.214320] EXT4-fs (sdb16): mounted filesystem 81807f0e-baaf-4da1-96a3-3447a4851403 r/w with ordered data mode. Quota mode: none.
[    4.305839] audit: type=1400 audit(1756895931.133:2): apparmor="STATUS" operation="profile_load" profile="unconfined" name="QtWebEngineProcess" pid=434 comm="apparmor_parser"
[    4.305844] audit: type=1400 audit(1756895931.133:3): apparmor="STATUS" operation="profile_load" profile="unconfined" name="1password" pid=431 comm="apparmor_parser"
[    4.308538] audit: type=1400 audit(1756895931.133:4): apparmor="STATUS" operation="profile_load" profile="unconfined" name=4D6F6E676F444220436F6D70617373 pid=433 comm="apparmor_parser"
[    4.308551] audit: type=1400 audit(1756895931.134:5): apparmor="STATUS" operation="profile_load" profile="unconfined" name="Discord" pid=432 comm="apparmor_parser"
[    4.308555] audit: type=1400 audit(1756895931.136:6): apparmor="STATUS" operation="profile_load" profile="unconfined" name="brave" pid=437 comm="apparmor_parser"
[    4.308599] audit: type=1400 audit(1756895931.136:7): apparmor="STATUS" operation="profile_load" profile="unconfined" name="busybox" pid=439 comm="apparmor_parser"
[    4.308660] audit: type=1400 audit(1756895931.136:8): apparmor="STATUS" operation="profile_load" profile="unconfined" name="buildah" pid=438 comm="apparmor_parser"
[    4.309393] audit: type=1400 audit(1756895931.137:9): apparmor="STATUS" operation="profile_load" profile="unconfined" name="balena-etcher" pid=436 comm="apparmor_parser"
[    4.310448] audit: type=1400 audit(1756895931.138:10): apparmor="STATUS" operation="profile_load" profile="unconfined" name="ch-checkns" pid=441 comm="apparmor_parser"
[    4.895071] /dev/sr0: Can't lookup blockdev
[    4.947277] 8021q: 802.1Q VLAN Support v1.8
[    8.544897] EXT4-fs (sda1): mounted filesystem 785f1dfa-b46d-407b-b597-260bf2ab89a6 r/w with ordered data mode. Quota mode: none.
[   10.064865] kauditd_printk_skb: 114 callbacks suppressed
[   10.064870] audit: type=1400 audit(1756895936.893:125): apparmor="STATUS" operation="profile_replace" info="same as current profile, skipping" profile="unconfined" name="rsyslogd" pid=852 comm="apparmor_parser"
[   10.250847] evm: overlay not supported
[   10.334270] loop0: detected capacity change from 0 to 8
[   10.410082] Adding 4194300k swap on /mnt/swapfile.  Priority:-2 extents:39 across:44441596k 
[   10.514819] systemd-journald[173]: /var/log/journal/ad41827f1b7543ac83173f5633219637/user-1001.journal: Journal file uses a different sequence number ID, rotating.
[   10.676709] audit: type=1400 audit(1756895937.504:126): apparmor="STATUS" operation="profile_replace" profile="unconfined" name="/usr/lib/snapd/snap-confine" pid=1067 comm="apparmor_parser"
[   10.684473] audit: type=1400 audit(1756895937.512:127): apparmor="STATUS" operation="profile_replace" profile="unconfined" name="/usr/lib/snapd/snap-confine//mount-namespace-capture-helper" pid=1067 comm="apparmor_parser"
[   10.952821] audit: type=1400 audit(1756895937.781:128): apparmor="STATUS" operation="profile_load" profile="unconfined" name="docker-default" pid=1279 comm="apparmor_parser"
[   10.987247] Initializing XFRM netlink socket
[   11.132744] bridge: filtering via arp/ip/ip6tables is no longer available by default. Update your scripts to load br_netfilter if you need this.
[   49.661704] hv_balloon: Max. dynamic memory size: 16384 MB
[  954.604821] loop0: detected capacity change from 0 to 1543441
[  954.626426] EXT4-fs (loop0): recovery complete
[  954.626684] EXT4-fs (loop0): mounted filesystem cccdaa0e-44d0-499c-90d6-669c29e1813e r/w with ordered data mode. Quota mode: none.
