[    0.000000] Linux version 6.11.0-1018-azure (buildd@lcy02-amd64-113) (x86_64-linux-gnu-gcc-13 (Ubuntu 13.3.0-6ubuntu2~24.04) 13.3.0, GNU ld (GNU Binutils for Ubuntu) 2.42) #18~24.04.1-Ubuntu SMP Sat Jun 28 04:46:03 UTC 2025 (Ubuntu 6.11.0-1018.18~24.04.1-azure 6.11.11)
[    0.000000] Command line: BOOT_IMAGE=/vmlinuz-6.11.0-1018-azure root=PARTUUID=23ce3e9a-3653-4f49-88fb-24a24f54a16f ro console=tty1 console=ttyS0 earlyprintk=ttyS0 nvme_core.io_timeout=240 panic=-1
[    0.000000] KERNEL supported cpus:
[    0.000000]   Intel GenuineIntel
[    0.000000]   AMD AuthenticAMD
[    0.000000]   Hygon HygonGenuine
[    0.000000]   Centaur CentaurHauls
[    0.000000]   zhaoxin   Shanghai  
[    0.000000] BIOS-provided physical RAM map:
[    0.000000] BIOS-e820: [mem 0x0000000000000000-0x000000000009fbff] usable
[    0.000000] BIOS-e820: [mem 0x000000000009fc00-0x000000000009ffff] reserved
[    0.000000] BIOS-e820: [mem 0x00000000000e0000-0x00000000000fffff] reserved
[    0.000000] BIOS-e820: [mem 0x0000000000100000-0x000000003ffeffff] usable
[    0.000000] BIOS-e820: [mem 0x000000003fff0000-0x000000003fffefff] ACPI data
[    0.000000] BIOS-e820: [mem 0x000000003ffff000-0x000000003fffffff] ACPI NVS
[    0.000000] BIOS-e820: [mem 0x0000000100000000-0x00000004bfffffff] usable
[    0.000000] printk: legacy bootconsole [earlyser0] enabled
[    0.000000] NX (Execute Disable) protection: active
[    0.000000] APIC: Static calls initialized
[    0.000000] SMBIOS 2.3 present.
[    0.000000] DMI: Microsoft Corporation Virtual Machine/Virtual Machine, BIOS 090008  02/27/2023
[    0.000000] DMI: Memory slots populated: 2/125
[    0.000000] Hypervisor detected: Microsoft Hyper-V
[    0.000000] Hyper-V: privilege flags low 0xae7f, high 0x388030, hints 0x140c2c, misc 0xc0bed7b2
[    0.000000] Hyper-V: Nested features: 0x4a0000
[    0.000000] Hyper-V: LAPIC Timer Frequency: 0x30d40
[    0.000000] Hyper-V: Using hypercall for remote TLB flush
[    0.000000] clocksource: hyperv_clocksource_tsc_page: mask: 0xffffffffffffffff max_cycles: 0x24e6a1710, max_idle_ns: 440795202120 ns
[    0.000000] clocksource: hyperv_clocksource_msr: mask: 0xffffffffffffffff max_cycles: 0x24e6a1710, max_idle_ns: 440795202120 ns
[    0.000000] tsc: Detected 2445.424 MHz processor
[    0.000402] e820: update [mem 0x00000000-0x00000fff] usable ==> reserved
[    0.000405] e820: remove [mem 0x000a0000-0x000fffff] usable
[    0.000409] last_pfn = 0x4c0000 max_arch_pfn = 0x400000000
[    0.003019] MTRR map: 3 entries (1 fixed + 2 variable; max 17), built from 8 variable MTRRs
[    0.006864] x86/PAT: Configuration [0-7]: WB  WC  UC- UC  WB  WP  UC- WT  
[    0.010091] e820: update [mem 0x40000000-0xffffffff] usable ==> reserved
[    0.012040] last_pfn = 0x3ffff max_arch_pfn = 0x400000000
[    0.018625] found SMP MP-table at [mem 0x000ff780-0x000ff78f]
[    0.021682] Using GB pages for direct mapping
[    0.024150] ACPI: Early table checksum verification disabled
[    0.027156] ACPI: RSDP 0x00000000000F5C10 000014 (v00 ACPIAM)
[    0.029906] ACPI: RSDT 0x000000003FFF0000 000040 (v01 VRTUAL MICROSFT 02002327 MSFT 00000097)
[    0.033956] ACPI: FACP 0x000000003FFF0200 000081 (v02 VRTUAL MICROSFT 02002327 MSFT 00000097)
[    0.037911] ACPI: DSDT 0x000000003FFF1D24 003CD5 (v01 MSFTVM MSFTVM02 00000002 INTL 02002026)
[    0.041864] ACPI: FACS 0x000000003FFFF000 000040
[    0.044452] ACPI: WAET 0x000000003FFF1A80 000028 (v01 VRTUAL MICROSFT 02002327 MSFT 00000097)
[    0.048438] ACPI: SLIC 0x000000003FFF1AC0 000176 (v01 VRTUAL MICROSFT 02002327 MSFT 00000097)
[    0.052319] ACPI: OEM0 0x000000003FFF1CC0 000064 (v01 VRTUAL MICROSFT 02002327 MSFT 00000097)
[    0.056240] ACPI: SRAT 0x000000003FFF0800 000160 (v02 VRTUAL MICROSFT 00000001 MSFT 00000001)
[    0.062377] ACPI: APIC 0x000000003FFF0300 000072 (v01 VRTUAL MICROSFT 02002327 MSFT 00000097)
[    0.066448] ACPI: OEMB 0x000000003FFFF040 000064 (v01 VRTUAL MICROSFT 02002327 MSFT 00000097)
[    0.070633] ACPI: Reserving FACP table memory at [mem 0x3fff0200-0x3fff0280]
[    0.074374] ACPI: Reserving DSDT table memory at [mem 0x3fff1d24-0x3fff59f8]
[    0.077723] ACPI: Reserving FACS table memory at [mem 0x3ffff000-0x3ffff03f]
[    0.081085] ACPI: Reserving WAET table memory at [mem 0x3fff1a80-0x3fff1aa7]
[    0.084761] ACPI: Reserving SLIC table memory at [mem 0x3fff1ac0-0x3fff1c35]
[    0.088335] ACPI: Reserving OEM0 table memory at [mem 0x3fff1cc0-0x3fff1d23]
[    0.092929] ACPI: Reserving SRAT table memory at [mem 0x3fff0800-0x3fff095f]
[    0.096863] ACPI: Reserving APIC table memory at [mem 0x3fff0300-0x3fff0371]
[    0.100937] ACPI: Reserving OEMB table memory at [mem 0x3ffff040-0x3ffff0a3]
[    0.105166] SRAT: PXM 0 -> APIC 0x00 -> Node 0
[    0.107199] SRAT: PXM 0 -> APIC 0x01 -> Node 0
[    0.109519] SRAT: PXM 0 -> APIC 0x02 -> Node 0
[    0.111622] SRAT: PXM 0 -> APIC 0x03 -> Node 0
[    0.113669] ACPI: SRAT: Node 0 PXM 0 [mem 0x00000000-0x3fffffff] hotplug
[    0.116761] ACPI: SRAT: Node 0 PXM 0 [mem 0x100000000-0x4bfffffff] hotplug
[    0.120212] ACPI: SRAT: Node 0 PXM 0 [mem 0x4c0000000-0xfbfffffff] hotplug
[    0.123373] ACPI: SRAT: Node 0 PXM 0 [mem 0x1000000000-0xfcffffffff] hotplug
[    0.126792] ACPI: SRAT: Node 0 PXM 0 [mem 0x10000000000-0x1ffffffffff] hotplug
[    0.130227] ACPI: SRAT: Node 0 PXM 0 [mem 0x20000000000-0x3ffffffffff] hotplug
[    0.133546] NUMA: Node 0 [mem 0x00000000-0x3fffffff] + [mem 0x100000000-0x4bfffffff] -> [mem 0x00000000-0x4bfffffff]
[    0.138843] NODE_DATA(0) allocated [mem 0x4bffd5000-0x4bfffffff]
[    0.141800] Zone ranges:
[    0.142957]   DMA      [mem 0x0000000000001000-0x0000000000ffffff]
[    0.145799]   DMA32    [mem 0x0000000001000000-0x00000000ffffffff]
[    0.148640]   Normal   [mem 0x0000000100000000-0x00000004bfffffff]
[    0.151870]   Device   empty
[    0.153209] Movable zone start for each node
[    0.155147] Early memory node ranges
[    0.156777]   node   0: [mem 0x0000000000001000-0x000000000009efff]
[    0.159860]   node   0: [mem 0x0000000000100000-0x000000003ffeffff]
[    0.162791]   node   0: [mem 0x0000000100000000-0x00000004bfffffff]
[    0.165766] Initmem setup node 0 [mem 0x0000000000001000-0x00000004bfffffff]
[    0.170898] On node 0, zone DMA: 1 pages in unavailable ranges
[    0.173681] On node 0, zone DMA: 97 pages in unavailable ranges
[    0.190293] On node 0, zone Normal: 16 pages in unavailable ranges
[    0.194859] ACPI: PM-Timer IO Port: 0x408
[    0.196837] ACPI: LAPIC_NMI (acpi_id[0xff] dfl dfl lint[0x1])
[    0.200095] IOAPIC[0]: apic_id 0, version 17, address 0xfec00000, GSI 0-23
[    0.203332] ACPI: INT_SRC_OVR (bus 0 bus_irq 0 global_irq 2 dfl dfl)
[    0.206315] ACPI: INT_SRC_OVR (bus 0 bus_irq 9 global_irq 9 high level)
[    0.209804] ACPI: Using ACPI (MADT) for SMP configuration information
[    0.214882] CPU topo: Max. logical packages:   1
[    0.217287] CPU topo: Max. logical dies:       1
[    0.219481] CPU topo: Max. dies per package:   1
[    0.221743] CPU topo: Max. threads per core:   2
[    0.223893] CPU topo: Num. cores per package:     2
[    0.226119] CPU topo: Num. threads per package:   4
[    0.228999] CPU topo: Allowing 4 present CPUs plus 0 hotplug CPUs
[    0.232451] random: crng init done
[    0.234174] PM: hibernation: Registered nosave memory: [mem 0x00000000-0x00000fff]
[    0.237718] PM: hibernation: Registered nosave memory: [mem 0x0009f000-0x0009ffff]
[    0.241237] PM: hibernation: Registered nosave memory: [mem 0x000a0000-0x000dffff]
[    0.245065] PM: hibernation: Registered nosave memory: [mem 0x000e0000-0x000fffff]
[    0.248919] PM: hibernation: Registered nosave memory: [mem 0x3fff0000-0x3fffefff]
[    0.252562] PM: hibernation: Registered nosave memory: [mem 0x3ffff000-0x3fffffff]
[    0.256123] PM: hibernation: Registered nosave memory: [mem 0x40000000-0xffffffff]
[    0.260470] [mem 0x40000000-0xffffffff] available for PCI devices
[    0.263300] Booting paravirtualized kernel on Hyper-V
[    0.265625] clocksource: refined-jiffies: mask: 0xffffffff max_cycles: 0xffffffff, max_idle_ns: 1910969940391419 ns
[    0.270457] setup_percpu: NR_CPUS:8192 nr_cpumask_bits:4 nr_cpu_ids:4 nr_node_ids:1
[    0.277305] percpu: Embedded 86 pages/cpu s229376 r8192 d114688 u524288
[    0.280429] pcpu-alloc: s229376 r8192 d114688 u524288 alloc=1*2097152
[    0.280431] pcpu-alloc: [0] 0 1 2 3 
[    0.280446] Hyper-V: PV spinlocks enabled
[    0.282305] PV qspinlock hash table entries: 256 (order: 0, 4096 bytes, linear)
[    0.285708] Kernel command line: BOOT_IMAGE=/vmlinuz-6.11.0-1018-azure root=PARTUUID=23ce3e9a-3653-4f49-88fb-24a24f54a16f ro console=tty1 console=ttyS0 earlyprintk=ttyS0 nvme_core.io_timeout=240 panic=-1
[    0.294961] Unknown kernel command line parameters "BOOT_IMAGE=/vmlinuz-6.11.0-1018-azure", will be passed to user space.
[    0.300980] Dentry cache hash table entries: 2097152 (order: 12, 16777216 bytes, linear)
[    0.305815] Inode-cache hash table entries: 1048576 (order: 11, 8388608 bytes, linear)
[    0.309635] Fallback order for Node 0: 0 
[    0.309638] Built 1 zonelists, mobility grouping on.  Total pages: 4194190
[    0.314812] Policy zone: Normal
[    0.316256] mem auto-init: stack:all(zero), heap alloc:on, heap free:off
[    0.319370] software IO TLB: area num 4.
[    0.347828] SLUB: HWalign=64, Order=0-3, MinObjects=0, CPUs=4, Nodes=1
[    0.352968] ftrace: allocating 57924 entries in 227 pages
[    0.367164] ftrace: allocated 227 pages with 5 groups
[    0.369758] rcu: Hierarchical RCU implementation.
[    0.372004] rcu: 	RCU restricting CPUs from NR_CPUS=8192 to nr_cpu_ids=4.
[    0.375356] 	Rude variant of Tasks RCU enabled.
[    0.377466] 	Tracing variant of Tasks RCU enabled.
[    0.379705] rcu: RCU calculated value of scheduler-enlistment delay is 100 jiffies.
[    0.385540] rcu: Adjusting geometry for rcu_fanout_leaf=16, nr_cpu_ids=4
[    0.388877] RCU Tasks Rude: Setting shift to 2 and lim to 1 rcu_task_cb_adjust=1 rcu_task_cpu_ids=4.
[    0.393402] RCU Tasks Trace: Setting shift to 2 and lim to 1 rcu_task_cb_adjust=1 rcu_task_cpu_ids=4.
[    0.401333] NR_IRQS: 524544, nr_irqs: 456, preallocated irqs: 16
[    0.404558] rcu: srcu_init: Setting srcu_struct sizes based on contention.
[    0.412082] Console: colour VGA+ 80x25
[    0.414121] printk: legacy console [tty1] enabled
[    0.469768] printk: legacy console [ttyS0] enabled
[    0.475430] printk: legacy bootconsole [earlyser0] disabled
[    0.481489] ACPI: Core revision 20240322
[    0.483927] APIC: Switch to symmetric I/O mode setup
[    0.489789] Hyper-V: Host Build 10.0.26102.1175-1-0
[    0.494664] Hyper-V: enabling crash_kexec_post_notifiers
[    0.497640] Hyper-V: Using IPI hypercalls
[    0.499935] APIC: send_IPI() replaced with hv_send_ipi()
[    0.502897] APIC: send_IPI_mask() replaced with hv_send_ipi_mask()
[    0.506709] APIC: send_IPI_mask_allbutself() replaced with hv_send_ipi_mask_allbutself()
[    0.511344] APIC: send_IPI_allbutself() replaced with hv_send_ipi_allbutself()
[    0.515770] APIC: send_IPI_all() replaced with hv_send_ipi_all()
[    0.519346] APIC: send_IPI_self() replaced with hv_send_ipi_self()
[    0.523162] Hyper-V: Using enlightened APIC (xapic mode)
[    0.523170] APIC: eoi() replaced with hv_apic_eoi_write()
[    0.529229] APIC: read() replaced with hv_apic_read()
[    0.532077] APIC: write() replaced with hv_apic_write()
[    0.535075] APIC: icr_write() replaced with hv_apic_icr_write()
[    0.539153] APIC: icr_read() replaced with hv_apic_icr_read()
[    0.556594] ..TIMER: vector=0x30 apic1=0 pin1=2 apic2=-1 pin2=-1
[    0.560274] clocksource: tsc-early: mask: 0xffffffffffffffff max_cycles: 0x233fd5e8294, max_idle_ns: 440795237246 ns
[    0.565897] Calibrating delay loop (skipped), value calculated using timer frequency.. 4890.84 BogoMIPS (lpj=2445424)
[    0.567974] x86/cpu: User Mode Instruction Prevention (UMIP) activated
[    0.569307] Last level iTLB entries: 4KB 512, 2MB 512, 4MB 256
[    0.570896] Last level dTLB entries: 4KB 2048, 2MB 2048, 4MB 1024, 1GB 0
[    0.572287] Spectre V1 : Mitigation: usercopy/swapgs barriers and __user pointer sanitization
[    0.573319] Spectre V2 : Mitigation: Retpolines
[    0.574896] Spectre V2 : Spectre v2 / SpectreRSB mitigation: Filling RSB on context switch
[    0.576322] Spectre V2 : Spectre v2 / SpectreRSB : Filling RSB on VMEXIT
[    0.577896] Speculative Store Bypass: Vulnerable
[    0.579387] Speculative Return Stack Overflow: IBPB-extending microcode not applied!
[    0.580896] Speculative Return Stack Overflow: WARNING: See https://kernel.org/doc/html/latest/admin-guide/hw-vuln/srso.html for mitigation options.
[    0.580897] Speculative Return Stack Overflow: Vulnerable: Safe RET, no microcode
[    0.584912] x86/fpu: Supporting XSAVE feature 0x001: 'x87 floating point registers'
[    0.586896] x86/fpu: Supporting XSAVE feature 0x002: 'SSE registers'
[    0.588896] x86/fpu: Supporting XSAVE feature 0x004: 'AVX registers'
[    0.590277] x86/fpu: Supporting XSAVE feature 0x800: 'Control-flow User registers'
[    0.591896] x86/fpu: xstate_offset[2]:  576, xstate_sizes[2]:  256
[    0.593292] x86/fpu: xstate_offset[11]:  832, xstate_sizes[11]:   16
[    0.594368] x86/fpu: Enabled xstate features 0x807, context size is 848 bytes, using 'compacted' format.
[    0.684283] Freeing SMP alternatives memory: 48K
[    0.685898] pid_max: default: 32768 minimum: 301
[    0.687361] LSM: initializing lsm=lockdown,capability,landlock,yama,apparmor,ima,evm
[    0.689914] landlock: Up and running.
[    0.691284] Yama: becoming mindful.
[    0.692334] AppArmor: AppArmor initialized
[    0.693963] Mount-cache hash table entries: 32768 (order: 6, 262144 bytes, linear)
[    0.695909] Mountpoint-cache hash table entries: 32768 (order: 6, 262144 bytes, linear)
[    0.701895] smpboot: CPU0: AMD EPYC 7763 64-Core Processor (family: 0x19, model: 0x1, stepping: 0x1)
[    0.702548] Performance Events: PMU not available due to virtualization, using software events only.
[    0.703334] signal: max sigframe size: 1776
[    0.704507] rcu: Hierarchical SRCU implementation.
[    0.705295] rcu: 	Max phase no-delay instances is 400.
[    0.706356] Timer migration: 1 hierarchy levels; 8 children per group; 1 crossnode level
[    0.708669] NMI watchdog: Perf NMI watchdog permanently disabled
[    0.709382] smp: Bringing up secondary CPUs ...
[    0.710437] smpboot: x86: Booting SMP configuration:
[    0.711283] .... node  #0, CPUs:      #2 #1 #3
[    0.712960] smp: Brought up 1 node, 4 CPUs
[    0.715281] smpboot: Total of 4 processors activated (19563.39 BogoMIPS)
[    0.716635] Memory: 16363624K/16776760K available (20480K kernel code, 4435K rwdata, 13952K rodata, 4768K init, 4944K bss, 404472K reserved, 0K cma-reserved)
[    0.717900] devtmpfs: initialized
[    0.719384] x86/mm: Memory block size: 128MB
[    0.722960] ACPI: PM: Registering ACPI NVS region [mem 0x3ffff000-0x3fffffff] (4096 bytes)
[    0.724491] clocksource: jiffies: mask: 0xffffffff max_cycles: 0xffffffff, max_idle_ns: 1911260446275000 ns
[    0.725337] futex hash table entries: 1024 (order: 4, 65536 bytes, linear)
[    0.726419] pinctrl core: initialized pinctrl subsystem
[    0.727782] PM: RTC time: 08:46:56, date: 2026-01-07
[    0.728780] NET: Registered PF_NETLINK/PF_ROUTE protocol family
[    0.729574] DMA: preallocated 2048 KiB GFP_KERNEL pool for atomic allocations
[    0.730384] DMA: preallocated 2048 KiB GFP_KERNEL|GFP_DMA pool for atomic allocations
[    0.731444] DMA: preallocated 2048 KiB GFP_KERNEL|GFP_DMA32 pool for atomic allocations
[    0.732375] audit: initializing netlink subsys (disabled)
[    0.733560] audit: type=2000 audit(1767775615.174:1): state=initialized audit_enabled=0 res=1
[    0.733560] thermal_sys: Registered thermal governor 'fair_share'
[    0.734335] thermal_sys: Registered thermal governor 'bang_bang'
[    0.735292] thermal_sys: Registered thermal governor 'step_wise'
[    0.736460] thermal_sys: Registered thermal governor 'user_space'
[    0.737348] thermal_sys: Registered thermal governor 'power_allocator'
[    0.738359] cpuidle: using governor ladder
[    0.740292] cpuidle: using governor menu
[    0.743976] acpiphp: ACPI Hot Plug PCI Controller Driver version: 0.5
[    0.745698] PCI: Using configuration type 1 for base access
[    0.746513] PCI: Using configuration type 1 for extended access
[    0.747533] kprobes: kprobe jump-optimization is enabled. All kprobes are optimized if possible.
[    0.778909] HugeTLB: registered 1.00 GiB page size, pre-allocated 0 pages
[    0.780297] HugeTLB: 16380 KiB vmemmap can be freed for a 1.00 GiB page
[    0.781293] HugeTLB: registered 2.00 MiB page size, pre-allocated 0 pages
[    0.782287] HugeTLB: 28 KiB vmemmap can be freed for a 2.00 MiB page
[    0.784070] ACPI: Added _OSI(Module Device)
[    0.785899] ACPI: Added _OSI(Processor Device)
[    0.792285] ACPI: Added _OSI(3.0 _SCP Extensions)
[    0.794289] ACPI: Added _OSI(Processor Aggregator Device)
[    0.801938] ACPI: 1 ACPI AML tables successfully acquired and loaded
[    0.811011] ACPI: Interpreter enabled
[    0.813308] ACPI: PM: (supports S0 S5)
[    0.815279] ACPI: Using IOAPIC for interrupt routing
[    0.819212] PCI: Using host bridge windows from ACPI; if necessary, use "pci=nocrs" and report a bug
[    0.824317] PCI: Ignoring E820 reservations for host bridge windows
[    0.828802] ACPI: Enabled 1 GPEs in block 00 to 0F
[    0.860077] ACPI: PCI Root Bridge [PCI0] (domain 0000 [bus 00-ff])
[    0.864292] acpi PNP0A03:00: _OSC: OS supports [ExtendedConfig ASPM ClockPM Segments MSI HPX-Type3]
[    0.870633] PCI host bridge to bus 0000:00
[    0.873345] pci_bus 0000:00: root bus resource [mem 0xfc0000000-0xfffffffff window]
[    0.878376] pci_bus 0000:00: root bus resource [io  0x0000-0x0cf7 window]
[    0.882336] pci_bus 0000:00: root bus resource [io  0x0d00-0xffff window]
[    0.886289] pci_bus 0000:00: root bus resource [mem 0x000a0000-0x000bffff window]
[    0.890336] pci_bus 0000:00: root bus resource [mem 0x40000000-0xfffbffff window]
[    0.894379] pci_bus 0000:00: root bus resource [bus 00-ff]
[    0.904001] pci 0000:00:00.0: [8086:7192] type 00 class 0x060000 conventional PCI endpoint
[    0.911621] pci 0000:00:07.0: [8086:7110] type 00 class 0x060100 conventional PCI endpoint
[    0.918380] pci 0000:00:07.1: [8086:7111] type 00 class 0x010180 conventional PCI endpoint
[    0.926097] pci 0000:00:07.1: BAR 4 [io  0xffa0-0xffaf]
[    0.929469] pci 0000:00:07.1: BAR 0 [io  0x01f0-0x01f7]: legacy IDE quirk
[    0.934302] pci 0000:00:07.1: BAR 1 [io  0x03f6]: legacy IDE quirk
[    0.937301] pci 0000:00:07.1: BAR 2 [io  0x0170-0x0177]: legacy IDE quirk
[    0.941289] pci 0000:00:07.1: BAR 3 [io  0x0376]: legacy IDE quirk
[    0.944967] * Found PM-Timer Bug on the chipset. Due to workarounds for a bug,
               * this clock source is slow. Consider trying other clock sources
[    0.952355] pci 0000:00:07.3: [8086:7113] type 00 class 0x068000 conventional PCI endpoint
[    0.958937] pci 0000:00:07.3: quirk: [io  0x0400-0x043f] claimed by PIIX4 ACPI
[    0.964141] pci 0000:00:08.0: [1414:5353] type 00 class 0x030000 conventional PCI endpoint
[    0.970717] pci 0000:00:08.0: BAR 0 [mem 0xf8000000-0xfbffffff]
[    0.974668] pci 0000:00:08.0: Video device with shadowed ROM at [mem 0x000c0000-0x000dffff]
[    1.001621] ACPI: PCI: Interrupt link LNKA configured for IRQ 11
[    1.004546] ACPI: PCI: Interrupt link LNKB configured for IRQ 0
[    1.010299] ACPI: PCI: Interrupt link LNKB disabled
[    1.013553] ACPI: PCI: Interrupt link LNKC configured for IRQ 0
[    1.017335] ACPI: PCI: Interrupt link LNKC disabled
[    1.020676] ACPI: PCI: Interrupt link LNKD configured for IRQ 0
[    1.025408] ACPI: PCI: Interrupt link LNKD disabled
[    1.028913] iommu: Default domain type: Translated
[    1.030382] iommu: DMA domain TLB invalidation policy: lazy mode
[    1.031557] SCSI subsystem initialized
[    1.032304] libata version 3.00 loaded.
[    1.032304] ACPI: bus type USB registered
[    1.033301] usbcore: registered new interface driver usbfs
[    1.034296] usbcore: registered new interface driver hub
[    1.035338] usbcore: registered new device driver usb
[    1.036349] pps_core: LinuxPPS API ver. 1 registered
[    1.037358] pps_core: Software ver. 5.3.6 - Copyright 2005-2007 Rodolfo Giometti <giometti@linux.it>
[    1.038432] PTP clock support registered
[    1.039307] EDAC MC: Ver: 3.0.0
[    1.040985] hv_vmbus: Vmbus version:5.3
[    1.042328] NetLabel: Initializing
[    1.043539] NetLabel:  domain hash size = 128
[    1.044300] NetLabel:  protocols = UNLABELED CIPSOv4 CALIPSO
[    1.045960] NetLabel:  unlabeled traffic allowed by default
[    1.049916] mctp: management component transport protocol core
[    1.053377] NET: Registered PF_MCTP protocol family
[    1.056905] PCI: Using ACPI for IRQ routing
[    1.058451] PCI: pci_cache_line_size set to 64 bytes
[    1.058862] e820: reserve RAM buffer [mem 0x0009fc00-0x0009ffff]
[    1.058865] e820: reserve RAM buffer [mem 0x3fff0000-0x3fffffff]
[    1.058962] pci 0000:00:08.0: vgaarb: setting as boot VGA device
[    1.059895] pci 0000:00:08.0: vgaarb: bridge control possible
[    1.059895] pci 0000:00:08.0: vgaarb: VGA device added: decodes=io+mem,owns=io+mem,locks=none
[    1.059898] vgaarb: loaded
[    1.061374] clocksource: Switched to clocksource tsc-early
[    1.066606] VFS: Disk quotas dquot_6.6.0
[    1.069833] VFS: Dquot-cache hash table entries: 512 (order 0, 4096 bytes)
[    1.075753] AppArmor: AppArmor Filesystem Enabled
[    1.079372] pnp: PnP ACPI init
[    1.083073] pnp 00:03: [dma 0 disabled]
[    1.083983] pnp 00:04: [dma 0 disabled]
[    1.084919] pnp 00:05: [dma 2]
[    1.085020] system 00:06: [io  0x01e0-0x01ef] has been reserved
[    1.089822] system 00:06: [io  0x0160-0x016f] has been reserved
[    1.093799] system 00:06: [io  0x0278-0x027f] has been reserved
[    1.098234] system 00:06: [io  0x0378-0x037f] has been reserved
[    1.102680] system 00:06: [io  0x0678-0x067f] has been reserved
[    1.107059] system 00:06: [io  0x0778-0x077f] has been reserved
[    1.110877] system 00:06: [io  0x04d0-0x04d1] has been reserved
[    1.115280] system 00:07: [io  0x0400-0x043f] has been reserved
[    1.120019] system 00:07: [io  0x0370-0x0371] has been reserved
[    1.124725] system 00:07: [io  0x0440-0x044f] has been reserved
[    1.129212] system 00:07: [mem 0xfec00000-0xfec00fff] could not be reserved
[    1.133986] system 00:07: [mem 0xfee00000-0xfee00fff] has been reserved
[    1.139049] system 00:08: [mem 0x00000000-0x0009ffff] could not be reserved
[    1.144052] system 00:08: [mem 0x000c0000-0x000dffff] could not be reserved
[    1.148833] system 00:08: [mem 0x000e0000-0x000fffff] could not be reserved
[    1.153669] system 00:08: [mem 0x00100000-0x3fffffff] could not be reserved
[    1.158113] system 00:08: [mem 0xfffc0000-0xffffffff] has been reserved
[    1.162362] pnp: PnP ACPI: found 9 devices
[    1.174207] clocksource: acpi_pm: mask: 0xffffff max_cycles: 0xffffff, max_idle_ns: 2085701024 ns
[    1.179605] NET: Registered PF_INET protocol family
[    1.182496] IP idents hash table entries: 262144 (order: 9, 2097152 bytes, linear)
[    1.203105] tcp_listen_portaddr_hash hash table entries: 8192 (order: 5, 131072 bytes, linear)
[    1.207729] Table-perturb hash table entries: 65536 (order: 6, 262144 bytes, linear)
[    1.212237] TCP established hash table entries: 131072 (order: 8, 1048576 bytes, linear)
[    1.216993] TCP bind hash table entries: 65536 (order: 9, 2097152 bytes, linear)
[    1.221037] TCP: Hash tables configured (established 131072 bind 65536)
[    1.225231] MPTCP token hash table entries: 16384 (order: 6, 393216 bytes, linear)
[    1.229475] UDP hash table entries: 8192 (order: 6, 262144 bytes, linear)
[    1.233214] UDP-Lite hash table entries: 8192 (order: 6, 262144 bytes, linear)
[    1.237328] NET: Registered PF_UNIX/PF_LOCAL protocol family
[    1.240864] NET: Registered PF_XDP protocol family
[    1.243607] pci_bus 0000:00: resource 4 [mem 0xfc0000000-0xfffffffff window]
[    1.247502] pci_bus 0000:00: resource 5 [io  0x0000-0x0cf7 window]
[    1.251029] pci_bus 0000:00: resource 6 [io  0x0d00-0xffff window]
[    1.254400] pci_bus 0000:00: resource 7 [mem 0x000a0000-0x000bffff window]
[    1.258746] pci_bus 0000:00: resource 8 [mem 0x40000000-0xfffbffff window]
[    1.262716] pci 0000:00:00.0: Limiting direct PCI/PCI transfers
[    1.266176] PCI: CLS 0 bytes, default 64
[    1.268650] PCI-DMA: Using software bounce buffering for IO (SWIOTLB)
[    1.275069] software IO TLB: mapped [mem 0x000000003bff0000-0x000000003fff0000] (64MB)
[    1.279600] clocksource: tsc: mask: 0xffffffffffffffff max_cycles: 0x233fd5e8294, max_idle_ns: 440795237246 ns
[    1.284914] clocksource: Switched to clocksource tsc
[    1.288563] Initialise system trusted keyrings
[    1.291142] Key type blacklist registered
[    1.293602] workingset: timestamp_bits=36 max_order=22 bucket_order=0
[    1.297104] zbud: loaded
[    1.299114] squashfs: version 4.0 (2009/01/31) Phillip Lougher
[    1.303552] fuse: init (API version 7.40)
[    1.306220] integrity: Platform Keyring initialized
[    1.309006] integrity: Machine keyring initialized
[    1.323536] Key type asymmetric registered
[    1.325972] Asymmetric key parser 'x509' registered
[    1.328823] Block layer SCSI generic (bsg) driver version 0.4 loaded (major 244)
[    1.333136] io scheduler mq-deadline registered
[    1.336126] shpchp: Standard Hot Plug PCI Controller Driver version: 0.4
[    1.339811] hv_vmbus: registering driver hv_pci
[    1.342551] input: Power Button as /devices/LNXSYSTM:00/LNXPWRBN:00/input/input0
[    1.346664] ACPI: button: Power Button [PWRF]
[    1.350135] Serial: 8250/16550 driver, 32 ports, IRQ sharing enabled
[    1.381637] 00:03: ttyS0 at I/O 0x3f8 (irq = 4, base_baud = 115200) is a 16550A
[    1.412723] 00:04: ttyS1 at I/O 0x2f8 (irq = 3, base_baud = 115200) is a 16550A
[    1.420001] Linux agpgart interface v0.103
[    1.424998] loop: module loaded
[    1.428215] hv_vmbus: registering driver hv_storvsc
[    1.431252] Key type psk registered
[    1.434325] scsi host0: storvsc_host_t
[    1.434360] scsi host1: storvsc_host_t
[    1.434386] ata_piix 0000:00:07.1: version 2.13
[    1.434663] ata_piix 0000:00:07.1: Hyper-V Virtual Machine detected, ATA device ignore set
[    1.436858] scsi host3: storvsc_host_t
[    1.437047] scsi 0:0:0:0: Direct-Access     Msft     Virtual Disk     1.0  PQ: 0 ANSI: 5
[    1.438093] sd 0:0:0:0: Attached scsi generic sg0 type 0
[    1.438131] sd 0:0:0:0: [sda] 157286400 512-byte logical blocks: (80.5 GB/75.0 GiB)
[    1.438134] sd 0:0:0:0: [sda] 4096-byte physical blocks
[    1.438177] sd 0:0:0:0: [sda] Write Protect is off
[    1.438179] sd 0:0:0:0: [sda] Mode Sense: 0f 00 10 00
[    1.438277] sd 0:0:0:0: [sda] Write cache: disabled, read cache: enabled, supports DPO and FUA
[    1.438316] hv_storvsc 00000000-0000-8899-0000-000000000000: tag#86 cmd 0x5a status: scsi 0x2 srb 0x86 hv 0xc0000001
[    1.438624] scsi host4: ata_piix
[    1.439027] scsi host5: ata_piix
[    1.439083] ata1: PATA max UDMA/33 cmd 0x1f0 ctl 0x3f6 bmdma 0xffa0 irq 14 lpm-pol 0
[    1.439086] ata2: PATA max UDMA/33 cmd 0x170 ctl 0x376 bmdma 0xffa8 irq 15 lpm-pol 0
[    1.439182] hv_storvsc 00000000-0000-8899-0000-000000000000: tag#92 cmd 0x5a status: scsi 0x2 srb 0x86 hv 0xc0000001
[    1.439399] ACPI: bus type drm_connector registered
[    1.439625] tun: Universal TUN/TAP device driver, 1.6
[    1.440105] scsi host2: storvsc_host_t
[    1.440119] scsi 1:0:1:0: Direct-Access     Msft     Virtual Disk     1.0  PQ: 0 ANSI: 5
[    1.441269] sd 1:0:1:0: [sdb] 157286400 512-byte logical blocks: (80.5 GB/75.0 GiB)
[    1.441273] sd 1:0:1:0: [sdb] 4096-byte physical blocks
[    1.441334] sd 1:0:1:0: [sdb] Write Protect is off
[    1.441337] sd 1:0:1:0: [sdb] Mode Sense: 0f 00 10 00
[    1.441426] sd 1:0:1:0: [sdb] Write cache: disabled, read cache: enabled, supports DPO and FUA
[    1.441476] hv_storvsc 00000000-0001-8899-0000-000000000000: tag#149 cmd 0x5a status: scsi 0x2 srb 0x86 hv 0xc0000001
[    1.445151] sd 1:0:1:0: Attached scsi generic sg1 type 0
[    1.445220] PPP generic driver version 2.4.2
[    1.445504] i8042: PNP: PS/2 Controller [PNP0303:PS2K,PNP0f03:PS2M] at 0x60,0x64 irq 1,12
[    1.445572] hv_storvsc 00000000-0001-8899-0000-000000000000: tag#156 cmd 0x5a status: scsi 0x2 srb 0x86 hv 0xc0000001
[    1.455024] serio: i8042 KBD port at 0x60,0x64 irq 1
[    1.457757]  sdb: sdb1
[    1.460426] serio: i8042 AUX port at 0x60,0x64 irq 12
[    1.460592]  sda: sda1 sda14 sda15 sda16
[    1.463388] sd 1:0:1:0: [sdb] Attached SCSI disk
[    1.463496] sd 0:0:0:0: [sda] Attached SCSI disk
[    1.465980] mousedev: PS/2 mouse device common for all mice
[    1.570526] rtc_cmos 00:00: RTC can wake from S4
[    1.575908] rtc_cmos 00:00: registered as rtc0
[    1.578905] rtc_cmos 00:00: setting system clock to 2026-01-07T08:46:57 UTC (1767775617)
[    1.584128] rtc_cmos 00:00: alarms up to one month, 114 bytes nvram
[    1.587603] device-mapper: core: CONFIG_IMA_DISABLE_HTABLE is disabled. Duplicate IMA measurements will not be recorded in the IMA log.
[    1.593910] device-mapper: uevent: version 1.0.3
[    1.596642] device-mapper: ioctl: 4.48.0-ioctl (2023-03-01) initialised: dm-devel@lists.linux.dev
[    1.603806] amd_pstate: the _CPC object is not present in SBIOS or ACPI disabled
[    1.608595] hv_utils: Registering HyperV Utility Driver
[    1.611546] hv_vmbus: registering driver hv_utils
[    1.614401] hv_vmbus: registering driver hv_balloon
[    1.615077] hv_utils: Heartbeat IC version 3.0
[    1.615268] input: AT Translated Set 2 keyboard as /devices/platform/i8042/serio0/input/input1
[    1.617378] drop_monitor: Initializing network drop monitor service
[    1.619619] hv_utils: Shutdown IC version 3.2
[    1.624114] NET: Registered PF_INET6 protocol family
[    1.627216] hv_utils: TimeSync IC version 4.0
[    1.630759] Segment Routing with IPv6
[    1.632870] hv_balloon: Using Dynamic Memory protocol version 2.0
[    1.635056] In-situ OAM (IOAM) with IPv6
[    1.645841] NET: Registered PF_PACKET protocol family
[    1.648774] Key type dns_resolver registered
[    1.651589] IPI shorthand broadcast: enabled
[    1.656962] sched_clock: Marking stable (1506005021, 150461470)->(1850985420, -194518929)
[    1.661951] registered taskstats version 1
[    1.664679] Loading compiled-in X.509 certificates
[    1.667991] Loaded X.509 cert 'Build time autogenerated kernel key: 9d524b68cfc3fab047012c2dd2fcf07bd1b03953'
[    1.673906] Loaded X.509 cert 'Canonical Ltd. Live Patch Signing: 14df34d1a87cf37625abec039ef2bf521249b969'
[    1.680483] Loaded X.509 cert 'Canonical Ltd. Kernel Module Signing: 88f752e560a1e0737e31163a466ad7b70a850c19'
[    1.686062] blacklist: Loading compiled-in revocation X.509 certificates
[    1.689785] Loaded X.509 cert 'Canonical Ltd. Secure Boot Signing: 61482aa2830d0ab2ad5af10b7250da9033ddcef0'
[    1.695426] Loaded X.509 cert 'Canonical Ltd. Secure Boot Signing (2017): 242ade75ac4a15e50d50c84b0d45ff3eae707a03'
[    1.700866] Loaded X.509 cert 'Canonical Ltd. Secure Boot Signing (ESM 2018): 365188c1d374d6b07c3c8f240f8ef722433d6a8b'
[    1.708769] Loaded X.509 cert 'Canonical Ltd. Secure Boot Signing (2019): c0746fd6c5da3ae827864651ad66ae47fe24b3e8'
[    1.714282] Loaded X.509 cert 'Canonical Ltd. Secure Boot Signing (2021 v1): a8d54bbb3825cfb94fa13c9f8a594a195c107b8d'
[    1.719854] Loaded X.509 cert 'Canonical Ltd. Secure Boot Signing (2021 v2): 4cf046892d6fd3c9a5b03f98d845f90851dc6a8c'
[    1.725751] Loaded X.509 cert 'Canonical Ltd. Secure Boot Signing (2021 v3): 100437bb6de6e469b581e61cd66bce3ef4ed53af'
[    1.731357] Loaded X.509 cert 'Canonical Ltd. Secure Boot Signing (Ubuntu Core 2019): c1d57b8f6b743f23ee41f4f7ee292f06eecadfb9'
[    1.744193] Demotion targets for Node 0: null
[    1.747033] Key type .fscrypt registered
[    1.749515] Key type fscrypt-provisioning registered
[    1.753000] Key type encrypted registered
[    1.755732] AppArmor: AppArmor sha256 policy hashing enabled
[    1.758863] ima: No TPM chip found, activating TPM-bypass!
[    1.761910] Loading compiled-in module X.509 certificates
[    1.765294] Loaded X.509 cert 'Build time autogenerated kernel key: 9d524b68cfc3fab047012c2dd2fcf07bd1b03953'
[    1.770833] ima: Allocated hash algorithm: sha256
[    1.773550] ima: No architecture policies found
[    1.776176] evm: Initialising EVM extended attributes:
[    1.779036] evm: security.selinux
[    1.781100] evm: security.SMACK64
[    1.783130] evm: security.SMACK64EXEC
[    1.785524] evm: security.SMACK64TRANSMUTE
[    1.787902] evm: security.SMACK64MMAP
[    1.790077] evm: security.apparmor
[    1.792127] evm: security.ima
[    1.793966] evm: security.capability
[    1.796133] evm: HMAC attrs: 0x1
[    1.798478] PM:   Magic number: 10:576:775
[    1.801458] misc psaux: hash matches
[    1.803640] misc fuse: hash matches
[    1.810609] RAS: Correctable Errors collector initialized.
[    1.830334] clk: Disabling unused clocks
[    1.834691] PM: genpd: Disabling unused power domains
[    1.838794] md: Waiting for all devices to be available before autodetect
[    1.841158] md: If you don't use raid, use raid=noautodetect
[    1.843245] md: Autodetecting RAID arrays.
[    1.844861] md: autorun ...
[    1.846232] md: ... autorun DONE.
[    1.851038] EXT4-fs (sda1): mounted filesystem a72fddf1-49c4-4653-be67-35f223a2066a ro with ordered data mode. Quota mode: none.
[    1.854949] VFS: Mounted root (ext4 filesystem) readonly on device 8:1.
[    1.857732] devtmpfs: mounted
[    1.860570] Freeing unused decrypted memory: 2028K
[    1.863930] Freeing unused kernel image (initmem) memory: 4768K
[    1.866247] Write protecting the kernel read-only data: 34816k
[    1.868734] Freeing unused kernel image (rodata/data gap) memory: 384K
[    1.925613] x86/mm: Checked W+X mappings: passed, no W+X pages found.
[    1.929174] Run /sbin/init as init process
[    1.931469]   with arguments:
[    1.931472]     /sbin/init
[    1.931473]   with environment:
[    1.931475]     HOME=/
[    1.931477]     TERM=linux
[    1.931478]     BOOT_IMAGE=/vmlinuz-6.11.0-1018-azure
[    1.995249] systemd[1]: Inserted module 'autofs4'
[    2.011543] systemd[1]: systemd 255.4-1ubuntu8.11 running in system mode (+PAM +AUDIT +SELINUX +APPARMOR +IMA +SMACK +SECCOMP +GCRYPT -GNUTLS +OPENSSL +ACL +BLKID +CURL +ELFUTILS +FIDO2 +IDN2 -IDN +IPTC +KMOD +LIBCRYPTSETUP +LIBFDISK +PCRE2 -PWQUALITY +P11KIT +QRENCODE +TPM2 +BZIP2 +LZ4 +XZ +ZLIB +ZSTD -BPF_FRAMEWORK -XKBCOMMON +UTMP +SYSVINIT default-hierarchy=unified)
[    2.027651] systemd[1]: Detected virtualization microsoft.
[    2.030338] systemd[1]: Detected architecture x86-64.
[    2.037414] systemd[1]: Hostname set to <runnervmh13bl>.
[    2.310070] systemd[1]: Queued start job for default target graphical.target.
[    2.334310] systemd[1]: Unnecessary job was removed for sys-devices-virtual-misc-vmbus\x21hv_fcopy.device - /sys/devices/virtual/misc/vmbus!hv_fcopy.
[    2.339228] systemd[1]: Unnecessary job was removed for sys-devices-virtual-misc-vmbus\x21hv_vss.device - /sys/devices/virtual/misc/vmbus!hv_vss.
[    2.344841] systemd[1]: Created slice azure.slice - Slice for Azure VM Agent and Extensions.
[    2.352263] systemd[1]: Created slice system-modprobe.slice - Slice /system/modprobe.
[    2.358993] systemd[1]: Created slice system-serial\x2dgetty.slice - Slice /system/serial-getty.
[    2.368327] systemd[1]: Created slice system-systemd\x2dfsck.slice - Slice /system/systemd-fsck.
[    2.375921] systemd[1]: Created slice user.slice - User and Session Slice.
[    2.381829] systemd[1]: Started systemd-ask-password-wall.path - Forward Password Requests to Wall Directory Watch.
[    2.389841] systemd[1]: Set up automount proc-sys-fs-binfmt_misc.automount - Arbitrary Executable File Formats File System Automount Point.
[    2.398221] systemd[1]: Expecting device dev-disk-by\x2dlabel-BOOT.device - /dev/disk/by-label/BOOT...
[    2.405028] systemd[1]: Expecting device dev-disk-by\x2duuid-7B14\x2d7487.device - /dev/disk/by-uuid/7B14-7487...
[    2.412269] systemd[1]: Expecting device dev-ttyS0.device - /dev/ttyS0...
[    2.417244] systemd[1]: Expecting device sys-devices-virtual-misc-vmbus\x21hv_kvp.device - /sys/devices/virtual/misc/vmbus!hv_kvp...
[    2.424842] systemd[1]: Reached target integritysetup.target - Local Integrity Protected Volumes.
[    2.432156] systemd[1]: Reached target slices.target - Slice Units.
[    2.437022] systemd[1]: Reached target snapd.mounts-pre.target - Mounting snaps.
[    2.443053] systemd[1]: Reached target snapd.mounts.target - Mounted snaps.
[    2.448518] systemd[1]: Reached target swap.target - Swaps.
[    2.453092] systemd[1]: Reached target time-set.target - System Time Set.
[    2.458525] systemd[1]: Reached target veritysetup.target - Local Verity Protected Volumes.
[    2.464653] systemd[1]: Listening on dm-event.socket - Device-mapper event daemon FIFOs.
[    2.470694] systemd[1]: Listening on lvm2-lvmpolld.socket - LVM2 poll daemon socket.
[    2.478325] systemd[1]: Listening on multipathd.socket - multipathd control socket.
[    2.484373] systemd[1]: Listening on syslog.socket - Syslog Socket.
[    2.492340] systemd[1]: Listening on systemd-coredump.socket - Process Core Dump Socket.
[    2.498854] systemd[1]: Listening on systemd-fsckd.socket - fsck to fsckd communication Socket.
[    2.505783] systemd[1]: Listening on systemd-initctl.socket - initctl Compatibility Named Pipe.
[    2.512790] systemd[1]: Listening on systemd-journald-dev-log.socket - Journal Socket (/dev/log).
[    2.519876] systemd[1]: Listening on systemd-journald.socket - Journal Socket.
[    2.526271] systemd[1]: Listening on systemd-networkd.socket - Network Service Netlink Socket.
[    2.532500] systemd[1]: systemd-pcrextend.socket - TPM2 PCR Extension (Varlink) was skipped because of an unmet condition check (ConditionSecurity=measured-uki).
[    2.538077] systemd[1]: Listening on systemd-udevd-control.socket - udev Control Socket.
[    2.543779] systemd[1]: Listening on systemd-udevd-kernel.socket - udev Kernel Socket.
[    2.559530] systemd[1]: Mounting dev-hugepages.mount - Huge Pages File System...
[    2.565281] systemd[1]: Mounting dev-mqueue.mount - POSIX Message Queue File System...
[    2.573547] systemd[1]: Mounting sys-kernel-debug.mount - Kernel Debug File System...
[    2.578396] systemd[1]: Mounting sys-kernel-tracing.mount - Kernel Trace File System...
[    2.588973] systemd[1]: Starting systemd-journald.service - Journal Service...
[    2.595166] systemd[1]: Starting keyboard-setup.service - Set the console keyboard layout...
[    2.602619] systemd[1]: Starting kmod-static-nodes.service - Create List of Static Device Nodes...
[    2.608219] systemd-journald[174]: Collecting audit messages is disabled.
[    2.612046] systemd[1]: Starting lvm2-monitor.service - Monitoring of LVM2 mirrors, snapshots etc. using dmeventd or progress polling...
[    2.620630] systemd[1]: Starting modprobe@configfs.service - Load Kernel Module configfs...
[    2.625763] systemd[1]: Starting modprobe@dm_mod.service - Load Kernel Module dm_mod...
[    2.634871] systemd[1]: Starting modprobe@drm.service - Load Kernel Module drm...
[    2.641201] systemd[1]: Starting modprobe@efi_pstore.service - Load Kernel Module efi_pstore...
[    2.649097] systemd[1]: Starting modprobe@fuse.service - Load Kernel Module fuse...
[    2.653834] systemd[1]: Starting modprobe@loop.service - Load Kernel Module loop...
[    2.658966] systemd[1]: Starting modprobe@nvme_fabrics.service - Load Kernel Module nvme_fabrics...
[    2.666099] systemd[1]: netplan-ovs-cleanup.service - OpenVSwitch configuration for cleanup was skipped because of an unmet condition check (ConditionFileIsExecutable=/usr/bin/ovs-vsctl).
[    2.672910] systemd[1]: Starting systemd-fsck-root.service - File System Check on Root Device...
[    2.682388] systemd[1]: Starting systemd-modules-load.service - Load Kernel Modules...
[    2.686188] systemd[1]: systemd-pcrmachine.service - TPM2 PCR Machine ID Measurement was skipped because of an unmet condition check (ConditionSecurity=measured-uki).
[    2.697878] systemd[1]: systemd-tpm2-setup-early.service - TPM2 SRK Setup (Early) was skipped because of an unmet condition check (ConditionSecurity=measured-uki).
[    2.703991] systemd[1]: Starting systemd-udev-trigger.service - Coldplug All udev Devices...
[    2.710969] systemd[1]: Started systemd-journald.service - Journal Service.
[    2.862141] EXT4-fs (sda1): re-mounted a72fddf1-49c4-4653-be67-35f223a2066a r/w. Quota mode: none.
[    2.896755] systemd-journald[174]: Received client request to flush runtime journal.
[    2.912761] systemd-journald[174]: /var/log/journal/2831c50a8f464b3fb6759cd84d0e21ce/system.journal: Journal file uses a different sequence number ID, rotating.
[    2.912767] systemd-journald[174]: Rotating system journal.
[    3.187965] hv_vmbus: registering driver hyperv_keyboard
[    3.188769] input: AT Translated Set 2 keyboard as /devices/LNXSYSTM:00/LNXSYBUS:00/PNP0A03:00/device:07/VMBUS:01/d34b2567-b9b6-42b9-8778-0a4ec0b955bf/serio2/input/input3
[    3.190812] hv_vmbus: registering driver hyperv_drm
[    3.193802] hyperv_drm 5620e0c7-8062-4dce-aeb7-520c7ef76171: [drm] Synthvid Version major 3, minor 5
[    3.196646] hv_vmbus: registering driver hv_netvsc
[    3.197198] [drm] Initialized hyperv_drm 1.0.0 for 5620e0c7-8062-4dce-aeb7-520c7ef76171 on minor 0
[    3.206097] hid: raw HID events driver (C) Jiri Kosina
[    3.246026] cryptd: max_cpu_qlen set to 1000
[    3.547258] Console: switching to colour frame buffer device 128x48
[    3.786509] hyperv_drm 5620e0c7-8062-4dce-aeb7-520c7ef76171: [drm] fb0: hyperv_drmdrmfb frame buffer device
[    3.956964] hv_vmbus: registering driver hid_hyperv
[    3.958473] workqueue: drm_fb_helper_damage_work hogged CPU for >10000us 4 times, consider switching to WQ_UNBOUND
[    3.970843] input: Microsoft Vmbus HID-compliant Mouse as /devices/0006:045E:0621.0001/input/input4
[    3.970931] hid-hyperv 0006:045E:0621.0001: input: VIRTUAL HID v0.01 Mouse [Microsoft Vmbus HID-compliant Mouse] on 
[    3.977724] AES CTR mode by8 optimization enabled
[    4.100877] kvm_amd: TSC scaling supported
[    4.100981] kvm_amd: Nested Virtualization enabled
[    4.100983] kvm_amd: Nested Paging enabled
[    4.101077] kvm_amd: kvm_amd: Hyper-V enlightened NPT TLB flush enabled
[    4.101078] kvm_amd: kvm_amd: Hyper-V Direct TLB Flush enabled
[    4.101082] kvm_amd: Virtual VMLOAD VMSAVE supported
[    4.101082] kvm_amd: PMU virtualization is disabled
[    4.130470] workqueue: drm_fb_helper_damage_work hogged CPU for >10000us 5 times, consider switching to WQ_UNBOUND
[    4.460475] workqueue: drm_fb_helper_damage_work hogged CPU for >10000us 7 times, consider switching to WQ_UNBOUND
[    4.561224] hv_utils: KVP IC version 4.0
[    4.617587] EXT4-fs (sda16): mounted filesystem 3934d2ba-185b-4e27-aa1a-e9c5b7ae7f73 r/w with ordered data mode. Quota mode: none.
[    4.689731] audit: type=1400 audit(1767775623.732:2): apparmor="STATUS" operation="profile_load" profile="unconfined" name="QtWebEngineProcess" pid=426 comm="apparmor_parser"
[    4.689886] audit: type=1400 audit(1767775623.732:3): apparmor="STATUS" operation="profile_load" profile="unconfined" name="Discord" pid=424 comm="apparmor_parser"
[    4.689892] audit: type=1400 audit(1767775623.732:4): apparmor="STATUS" operation="profile_load" profile="unconfined" name="1password" pid=423 comm="apparmor_parser"
[    4.690242] audit: type=1400 audit(1767775623.732:5): apparmor="STATUS" operation="profile_load" profile="unconfined" name=4D6F6E676F444220436F6D70617373 pid=425 comm="apparmor_parser"
[    4.692980] audit: type=1400 audit(1767775623.735:6): apparmor="STATUS" operation="profile_load" profile="unconfined" name="balena-etcher" pid=429 comm="apparmor_parser"
[    4.693397] audit: type=1400 audit(1767775623.735:7): apparmor="STATUS" operation="profile_load" profile="unconfined" name="buildah" pid=431 comm="apparmor_parser"
[    4.693535] audit: type=1400 audit(1767775623.736:8): apparmor="STATUS" operation="profile_load" profile="unconfined" name="busybox" pid=432 comm="apparmor_parser"
[    4.693812] audit: type=1400 audit(1767775623.736:9): apparmor="STATUS" operation="profile_load" profile="unconfined" name="brave" pid=430 comm="apparmor_parser"
[    4.695559] audit: type=1400 audit(1767775623.738:10): apparmor="STATUS" operation="profile_load" profile="unconfined" name="ch-checkns" pid=436 comm="apparmor_parser"
[    5.331345] /dev/sr0: Can't lookup blockdev
[    5.403989] 8021q: 802.1Q VLAN Support v1.8
[   10.312623] EXT4-fs (sdb1): mounted filesystem 1c3e38e2-0a1f-455d-a8cd-2042888a08b5 r/w with ordered data mode. Quota mode: none.
[   11.883444] kauditd_printk_skb: 114 callbacks suppressed
[   11.883448] audit: type=1400 audit(1767775630.924:125): apparmor="STATUS" operation="profile_replace" info="same as current profile, skipping" profile="unconfined" name="rsyslogd" pid=859 comm="apparmor_parser"
[   11.984276] evm: overlay not supported
[   12.127276] loop0: detected capacity change from 0 to 8
[   12.383698] audit: type=1400 audit(1767775631.425:126): apparmor="STATUS" operation="profile_replace" profile="unconfined" name="/usr/lib/snapd/snap-confine" pid=1067 comm="apparmor_parser"
[   12.390312] audit: type=1400 audit(1767775631.432:127): apparmor="STATUS" operation="profile_replace" profile="unconfined" name="/usr/lib/snapd/snap-confine//mount-namespace-capture-helper" pid=1067 comm="apparmor_parser"
[   12.548598] systemd-journald[174]: /var/log/journal/2831c50a8f464b3fb6759cd84d0e21ce/user-1001.journal: Journal file uses a different sequence number ID, rotating.
[   13.074606] audit: type=1400 audit(1767775632.117:128): apparmor="STATUS" operation="profile_load" profile="unconfined" name="docker-default" pid=1254 comm="apparmor_parser"
[   13.234457] Initializing XFRM netlink socket
[   18.539958] bridge: filtering via arp/ip/ip6tables is no longer available by default. Update your scripts to load br_netfilter if you need this.
[   24.041461] Adding 4194300k swap on /mnt/swapfile.  Priority:-2 extents:9 across:4505596k 
[   49.722267] hv_balloon: Max. dynamic memory size: 16384 MB
[ 1383.627734] loop0: detected capacity change from 0 to 1546810
[ 1383.635808] EXT4-fs (loop0): recovery complete
[ 1383.636293] EXT4-fs (loop0): mounted filesystem c607a0e0-4770-4448-b6b3-c59cca834021 r/w with ordered data mode. Quota mode: none.
