[    0.000000] Linux version 6.11.0-1018-azure (buildd@lcy02-amd64-113) (x86_64-linux-gnu-gcc-13 (Ubuntu 13.3.0-6ubuntu2~24.04) 13.3.0, GNU ld (GNU Binutils for Ubuntu) 2.42) #18~24.04.1-Ubuntu SMP Sat Jun 28 04:46:03 UTC 2025 (Ubuntu 6.11.0-1018.18~24.04.1-azure 6.11.11)
[    0.000000] Command line: BOOT_IMAGE=/vmlinuz-6.11.0-1018-azure root=PARTUUID=23ce3e9a-3653-4f49-88fb-24a24f54a16f ro console=tty1 console=ttyS0 earlyprintk=ttyS0 nvme_core.io_timeout=240 panic=-1
[    0.000000] KERNEL supported cpus:
[    0.000000]   Intel GenuineIntel
[    0.000000]   AMD AuthenticAMD
[    0.000000]   Hygon HygonGenuine
[    0.000000]   Centaur CentaurHauls
[    0.000000]   zhaoxin   Shanghai  
[    0.000000] BIOS-provided physical RAM map:
[    0.000000] BIOS-e820: [mem 0x0000000000000000-0x000000000009fbff] usable
[    0.000000] BIOS-e820: [mem 0x000000000009fc00-0x000000000009ffff] reserved
[    0.000000] BIOS-e820: [mem 0x00000000000e0000-0x00000000000fffff] reserved
[    0.000000] BIOS-e820: [mem 0x0000000000100000-0x000000003ffeffff] usable
[    0.000000] BIOS-e820: [mem 0x000000003fff0000-0x000000003fffefff] ACPI data
[    0.000000] BIOS-e820: [mem 0x000000003ffff000-0x000000003fffffff] ACPI NVS
[    0.000000] BIOS-e820: [mem 0x0000000100000000-0x00000004bfffffff] usable
[    0.000000] printk: legacy bootconsole [earlyser0] enabled
[    0.000000] NX (Execute Disable) protection: active
[    0.000000] APIC: Static calls initialized
[    0.000000] SMBIOS 2.3 present.
[    0.000000] DMI: Microsoft Corporation Virtual Machine/Virtual Machine, BIOS 090008  12/07/2018
[    0.000000] DMI: Memory slots populated: 2/125
[    0.000000] Hypervisor detected: Microsoft Hyper-V
[    0.000000] Hyper-V: privilege flags low 0xae7f, high 0x388030, hints 0x164e24, misc 0xc0bed7b2
[    0.000000] Hyper-V: Nested features: 0x3e0101
[    0.000000] Hyper-V: LAPIC Timer Frequency: 0x30d40
[    0.000000] Hyper-V: Using hypercall for remote TLB flush
[    0.000000] clocksource: hyperv_clocksource_tsc_page: mask: 0xffffffffffffffff max_cycles: 0x24e6a1710, max_idle_ns: 440795202120 ns
[    0.000000] clocksource: hyperv_clocksource_msr: mask: 0xffffffffffffffff max_cycles: 0x24e6a1710, max_idle_ns: 440795202120 ns
[    0.000000] tsc: Detected 2793.437 MHz processor
[    0.000514] e820: update [mem 0x00000000-0x00000fff] usable ==> reserved
[    0.000518] e820: remove [mem 0x000a0000-0x000fffff] usable
[    0.000522] last_pfn = 0x4c0000 max_arch_pfn = 0x10000000000
[    0.003360] MTRR map: 5 entries (3 fixed + 2 variable; max 19), built from 8 variable MTRRs
[    0.006606] x86/PAT: Configuration [0-7]: WB  WC  UC- UC  WB  WP  UC- WT  
[    0.009396] e820: update [mem 0x40000000-0xffffffff] usable ==> reserved
[    0.010724] last_pfn = 0x3ffff max_arch_pfn = 0x10000000000
[    0.021794] found SMP MP-table at [mem 0x000ff780-0x000ff78f]
[    0.024253] Using GB pages for direct mapping
[    0.026086] ACPI: Early table checksum verification disabled
[    0.028285] ACPI: RSDP 0x00000000000F5C00 000014 (v00 ACPIAM)
[    0.030505] ACPI: RSDT 0x000000003FFF0000 000040 (v01 VRTUAL MICROSFT 12001807 MSFT 00000097)
[    0.034012] ACPI: FACP 0x000000003FFF0200 000081 (v02 VRTUAL MICROSFT 12001807 MSFT 00000097)
[    0.037291] ACPI: DSDT 0x000000003FFF1D24 003CD5 (v01 MSFTVM MSFTVM02 00000002 INTL 02002026)
[    0.040612] ACPI: FACS 0x000000003FFFF000 000040
[    0.042591] ACPI: WAET 0x000000003FFF1A80 000028 (v01 VRTUAL MICROSFT 12001807 MSFT 00000097)
[    0.045881] ACPI: SLIC 0x000000003FFF1AC0 000176 (v01 VRTUAL MICROSFT 12001807 MSFT 00000097)
[    0.049492] ACPI: OEM0 0x000000003FFF1CC0 000064 (v01 VRTUAL MICROSFT 12001807 MSFT 00000097)
[    0.052926] ACPI: SRAT 0x000000003FFF0800 000160 (v02 VRTUAL MICROSFT 00000001 MSFT 00000001)
[    0.056242] ACPI: APIC 0x000000003FFF0300 000072 (v01 VRTUAL MICROSFT 12001807 MSFT 00000097)
[    0.059572] ACPI: OEMB 0x000000003FFFF040 000064 (v01 VRTUAL MICROSFT 12001807 MSFT 00000097)
[    0.063187] ACPI: Reserving FACP table memory at [mem 0x3fff0200-0x3fff0280]
[    0.066214] ACPI: Reserving DSDT table memory at [mem 0x3fff1d24-0x3fff59f8]
[    0.069070] ACPI: Reserving FACS table memory at [mem 0x3ffff000-0x3ffff03f]
[    0.071882] ACPI: Reserving WAET table memory at [mem 0x3fff1a80-0x3fff1aa7]
[    0.074612] ACPI: Reserving SLIC table memory at [mem 0x3fff1ac0-0x3fff1c35]
[    0.077983] ACPI: Reserving OEM0 table memory at [mem 0x3fff1cc0-0x3fff1d23]
[    0.081129] ACPI: Reserving SRAT table memory at [mem 0x3fff0800-0x3fff095f]
[    0.083893] ACPI: Reserving APIC table memory at [mem 0x3fff0300-0x3fff0371]
[    0.086834] ACPI: Reserving OEMB table memory at [mem 0x3ffff040-0x3ffff0a3]
[    0.089731] SRAT: PXM 0 -> APIC 0x00 -> Node 0
[    0.091447] SRAT: PXM 0 -> APIC 0x01 -> Node 0
[    0.093259] SRAT: PXM 0 -> APIC 0x02 -> Node 0
[    0.095048] SRAT: PXM 0 -> APIC 0x03 -> Node 0
[    0.096829] ACPI: SRAT: Node 0 PXM 0 [mem 0x00000000-0x3fffffff] hotplug
[    0.099566] ACPI: SRAT: Node 0 PXM 0 [mem 0x100000000-0x4bfffffff] hotplug
[    0.102346] ACPI: SRAT: Node 0 PXM 0 [mem 0x4c0000000-0xfbfffffff] hotplug
[    0.104986] ACPI: SRAT: Node 0 PXM 0 [mem 0x1000000000-0xffffffffff] hotplug
[    0.107745] ACPI: SRAT: Node 0 PXM 0 [mem 0x10000000000-0x1ffffffffff] hotplug
[    0.111031] ACPI: SRAT: Node 0 PXM 0 [mem 0x20000000000-0x3ffffffffff] hotplug
[    0.113891] NUMA: Node 0 [mem 0x00000000-0x3fffffff] + [mem 0x100000000-0x4bfffffff] -> [mem 0x00000000-0x4bfffffff]
[    0.118022] NODE_DATA(0) allocated [mem 0x4bffd5000-0x4bfffffff]
[    0.120657] Zone ranges:
[    0.121637]   DMA      [mem 0x0000000000001000-0x0000000000ffffff]
[    0.124137]   DMA32    [mem 0x0000000001000000-0x00000000ffffffff]
[    0.127506]   Normal   [mem 0x0000000100000000-0x00000004bfffffff]
[    0.129996]   Device   empty
[    0.131136] Movable zone start for each node
[    0.132800] Early memory node ranges
[    0.134208]   node   0: [mem 0x0000000000001000-0x000000000009efff]
[    0.136621]   node   0: [mem 0x0000000000100000-0x000000003ffeffff]
[    0.139221]   node   0: [mem 0x0000000100000000-0x00000004bfffffff]
[    0.141677] Initmem setup node 0 [mem 0x0000000000001000-0x00000004bfffffff]
[    0.144884] On node 0, zone DMA: 1 pages in unavailable ranges
[    0.147163] On node 0, zone DMA: 97 pages in unavailable ranges
[    0.173904] On node 0, zone Normal: 16 pages in unavailable ranges
[    0.178053] ACPI: PM-Timer IO Port: 0x408
[    0.179643] ACPI: LAPIC_NMI (acpi_id[0xff] dfl dfl lint[0x1])
[    0.182047] IOAPIC[0]: apic_id 0, version 17, address 0xfec00000, GSI 0-23
[    0.184820] ACPI: INT_SRC_OVR (bus 0 bus_irq 0 global_irq 2 dfl dfl)
[    0.187345] ACPI: INT_SRC_OVR (bus 0 bus_irq 9 global_irq 9 high level)
[    0.190037] ACPI: Using ACPI (MADT) for SMP configuration information
[    0.192616] TSC deadline timer available
[    0.194131] CPU topo: Max. logical packages:   1
[    0.195935] CPU topo: Max. logical dies:       1
[    0.197721] CPU topo: Max. dies per package:   1
[    0.199504] CPU topo: Max. threads per core:   2
[    0.201281] CPU topo: Num. cores per package:     2
[    0.203169] CPU topo: Num. threads per package:   4
[    0.205044] CPU topo: Allowing 4 present CPUs plus 0 hotplug CPUs
[    0.207688] random: crng init done
[    0.209009] PM: hibernation: Registered nosave memory: [mem 0x00000000-0x00000fff]
[    0.211943] PM: hibernation: Registered nosave memory: [mem 0x0009f000-0x0009ffff]
[    0.215020] PM: hibernation: Registered nosave memory: [mem 0x000a0000-0x000dffff]
[    0.218052] PM: hibernation: Registered nosave memory: [mem 0x000e0000-0x000fffff]
[    0.221098] PM: hibernation: Registered nosave memory: [mem 0x3fff0000-0x3fffefff]
[    0.224223] PM: hibernation: Registered nosave memory: [mem 0x3ffff000-0x3fffffff]
[    0.227210] PM: hibernation: Registered nosave memory: [mem 0x40000000-0xffffffff]
[    0.230181] [mem 0x40000000-0xffffffff] available for PCI devices
[    0.232576] Booting paravirtualized kernel on Hyper-V
[    0.234587] clocksource: refined-jiffies: mask: 0xffffffff max_cycles: 0xffffffff, max_idle_ns: 1910969940391419 ns
[    0.239351] setup_percpu: NR_CPUS:8192 nr_cpumask_bits:4 nr_cpu_ids:4 nr_node_ids:1
[    0.242562] percpu: Embedded 86 pages/cpu s229376 r8192 d114688 u524288
[    0.245158] pcpu-alloc: s229376 r8192 d114688 u524288 alloc=1*2097152
[    0.245160] pcpu-alloc: [0] 0 1 2 3 
[    0.245176] Hyper-V: PV spinlocks enabled
[    0.246736] PV qspinlock hash table entries: 256 (order: 0, 4096 bytes, linear)
[    0.249631] Kernel command line: BOOT_IMAGE=/vmlinuz-6.11.0-1018-azure root=PARTUUID=23ce3e9a-3653-4f49-88fb-24a24f54a16f ro console=tty1 console=ttyS0 earlyprintk=ttyS0 nvme_core.io_timeout=240 panic=-1
[    0.257095] Unknown kernel command line parameters "BOOT_IMAGE=/vmlinuz-6.11.0-1018-azure", will be passed to user space.
[    0.262772] Dentry cache hash table entries: 2097152 (order: 12, 16777216 bytes, linear)
[    0.266772] Inode-cache hash table entries: 1048576 (order: 11, 8388608 bytes, linear)
[    0.270101] Fallback order for Node 0: 0 
[    0.270105] Built 1 zonelists, mobility grouping on.  Total pages: 4194190
[    0.274415] Policy zone: Normal
[    0.275631] mem auto-init: stack:all(zero), heap alloc:on, heap free:off
[    0.278237] software IO TLB: area num 4.
[    0.324944] SLUB: HWalign=64, Order=0-3, MinObjects=0, CPUs=4, Nodes=1
[    0.329911] ftrace: allocating 57924 entries in 227 pages
[    0.342137] ftrace: allocated 227 pages with 5 groups
[    0.345445] rcu: Hierarchical RCU implementation.
[    0.347252] rcu: 	RCU restricting CPUs from NR_CPUS=8192 to nr_cpu_ids=4.
[    0.350192] 	Rude variant of Tasks RCU enabled.
[    0.351929] 	Tracing variant of Tasks RCU enabled.
[    0.354692] rcu: RCU calculated value of scheduler-enlistment delay is 100 jiffies.
[    0.358221] rcu: Adjusting geometry for rcu_fanout_leaf=16, nr_cpu_ids=4
[    0.361255] RCU Tasks Rude: Setting shift to 2 and lim to 1 rcu_task_cb_adjust=1 rcu_task_cpu_ids=4.
[    0.365731] RCU Tasks Trace: Setting shift to 2 and lim to 1 rcu_task_cb_adjust=1 rcu_task_cpu_ids=4.
[    0.372781] NR_IRQS: 524544, nr_irqs: 456, preallocated irqs: 16
[    0.375841] rcu: srcu_init: Setting srcu_struct sizes based on contention.
[    0.382966] Console: colour VGA+ 80x25
[    0.384750] printk: legacy console [tty1] enabled
[    0.433372] printk: legacy console [ttyS0] enabled
[    0.437611] printk: legacy bootconsole [earlyser0] disabled
[    0.442416] ACPI: Core revision 20240322
[    0.444556] APIC: Switch to symmetric I/O mode setup
[    0.449113] Hyper-V: Host Build 10.0.20348.3136-3-0
[    0.451353] Hyper-V: enabling crash_kexec_post_notifiers
[    0.453836] Hyper-V: Using IPI hypercalls
[    0.455789] APIC: send_IPI() replaced with hv_send_ipi()
[    0.458234] APIC: send_IPI_mask() replaced with hv_send_ipi_mask()
[    0.461268] APIC: send_IPI_mask_allbutself() replaced with hv_send_ipi_mask_allbutself()
[    0.464864] APIC: send_IPI_allbutself() replaced with hv_send_ipi_allbutself()
[    0.468258] APIC: send_IPI_all() replaced with hv_send_ipi_all()
[    0.471048] APIC: send_IPI_self() replaced with hv_send_ipi_self()
[    0.480562] ..TIMER: vector=0x30 apic1=0 pin1=2 apic2=-1 pin2=-1
[    0.483483] clocksource: tsc-early: mask: 0xffffffffffffffff max_cycles: 0x28440910e78, max_idle_ns: 440795261560 ns
[    0.488049] Calibrating delay loop (skipped), value calculated using timer frequency.. 5586.87 BogoMIPS (lpj=2793437)
[    0.490153] x86/cpu: User Mode Instruction Prevention (UMIP) activated
[    0.493072] Last level iTLB entries: 4KB 0, 2MB 0, 4MB 0
[    0.494366] Last level dTLB entries: 4KB 0, 2MB 0, 4MB 0, 1GB 0
[    0.495376] Spectre V1 : Mitigation: usercopy/swapgs barriers and __user pointer sanitization
[    0.497048] Spectre V2 : Mitigation: Retpolines
[    0.498366] Spectre V2 : Spectre v2 / SpectreRSB mitigation: Filling RSB on context switch
[    0.499397] Spectre V2 : Spectre v2 / SpectreRSB : Filling RSB on VMEXIT
[    0.500367] RETBleed: WARNING: Spectre v2 mitigation leaves CPU vulnerable to RETBleed attacks, data leaks possible!
[    0.502047] RETBleed: Vulnerable
[    0.503385] Speculative Store Bypass: Vulnerable
[    0.506048] MMIO Stale Data: Vulnerable: Clear CPU buffers attempted, no microcode
[    0.508068] x86/fpu: Supporting XSAVE feature 0x001: 'x87 floating point registers'
[    0.509397] x86/fpu: Supporting XSAVE feature 0x002: 'SSE registers'
[    0.510366] x86/fpu: Supporting XSAVE feature 0x004: 'AVX registers'
[    0.511357] x86/fpu: Supporting XSAVE feature 0x020: 'AVX-512 opmask'
[    0.512370] x86/fpu: Supporting XSAVE feature 0x040: 'AVX-512 Hi256'
[    0.514047] x86/fpu: Supporting XSAVE feature 0x080: 'AVX-512 ZMM_Hi256'
[    0.515368] x86/fpu: xstate_offset[2]:  576, xstate_sizes[2]:  256
[    0.517047] x86/fpu: xstate_offset[5]:  832, xstate_sizes[5]:   64
[    0.519047] x86/fpu: xstate_offset[6]:  896, xstate_sizes[6]:  512
[    0.520357] x86/fpu: xstate_offset[7]: 1408, xstate_sizes[7]: 1024
[    0.521373] x86/fpu: Enabled xstate features 0xe7, context size is 2432 bytes, using 'compacted' format.
[    0.583967] Freeing SMP alternatives memory: 48K
[    0.584381] pid_max: default: 32768 minimum: 301
[    0.585415] LSM: initializing lsm=lockdown,capability,landlock,yama,apparmor,ima,evm
[    0.586395] landlock: Up and running.
[    0.587405] Yama: becoming mindful.
[    0.589080] AppArmor: AppArmor initialized
[    0.591105] Mount-cache hash table entries: 32768 (order: 6, 262144 bytes, linear)
[    0.592422] Mountpoint-cache hash table entries: 32768 (order: 6, 262144 bytes, linear)
[    0.594515] smpboot: CPU0: Intel(R) Xeon(R) Platinum 8370C CPU @ 2.80GHz (family: 0x6, model: 0x6a, stepping: 0x6)
[    0.595549] Performance Events: unsupported p6 CPU model 106 no PMU driver, software events only.
[    0.596409] signal: max sigframe size: 3632
[    0.597385] rcu: Hierarchical SRCU implementation.
[    0.598366] rcu: 	Max phase no-delay instances is 400.
[    0.599403] Timer migration: 1 hierarchy levels; 8 children per group; 1 crossnode level
[    0.600628] NMI watchdog: Perf NMI watchdog permanently disabled
[    0.601411] smp: Bringing up secondary CPUs ...
[    0.602462] smpboot: x86: Booting SMP configuration:
[    0.603365] .... node  #0, CPUs:      #2 #1 #3
[    0.604275] MMIO Stale Data CPU bug present and SMT on, data leak possible. See https://www.kernel.org/doc/html/latest/admin-guide/hw-vuln/processor_mmio_stale_data.html for more details.
[    0.606467] smp: Brought up 1 node, 4 CPUs
[    0.607364] smpboot: Total of 4 processors activated (22347.49 BogoMIPS)
[    0.608545] Memory: 16362392K/16776760K available (20480K kernel code, 4435K rwdata, 13952K rodata, 4768K init, 4944K bss, 405480K reserved, 0K cma-reserved)
[    0.609864] devtmpfs: initialized
[    0.610413] x86/mm: Memory block size: 128MB
[    0.612375] ACPI: PM: Registering ACPI NVS region [mem 0x3ffff000-0x3fffffff] (4096 bytes)
[    0.613443] clocksource: jiffies: mask: 0xffffffff max_cycles: 0xffffffff, max_idle_ns: 1911260446275000 ns
[    0.614412] futex hash table entries: 1024 (order: 4, 65536 bytes, linear)
[    0.615440] pinctrl core: initialized pinctrl subsystem
[    0.616762] PM: RTC time: 13:27:22, date: 2025-10-23
[    0.617963] NET: Registered PF_NETLINK/PF_ROUTE protocol family
[    0.618680] DMA: preallocated 2048 KiB GFP_KERNEL pool for atomic allocations
[    0.619691] DMA: preallocated 2048 KiB GFP_KERNEL|GFP_DMA pool for atomic allocations
[    0.620634] DMA: preallocated 2048 KiB GFP_KERNEL|GFP_DMA32 pool for atomic allocations
[    0.621406] audit: initializing netlink subsys (disabled)
[    0.622380] audit: type=2000 audit(1761226041.138:1): state=initialized audit_enabled=0 res=1
[    0.622380] thermal_sys: Registered thermal governor 'fair_share'
[    0.623409] thermal_sys: Registered thermal governor 'bang_bang'
[    0.626361] thermal_sys: Registered thermal governor 'step_wise'
[    0.628373] thermal_sys: Registered thermal governor 'user_space'
[    0.631360] thermal_sys: Registered thermal governor 'power_allocator'
[    0.634395] cpuidle: using governor ladder
[    0.639378] cpuidle: using governor menu
[    0.641445] acpiphp: ACPI Hot Plug PCI Controller Driver version: 0.5
[    0.644680] PCI: Using configuration type 1 for base access
[    0.647534] kprobes: kprobe jump-optimization is enabled. All kprobes are optimized if possible.
[    0.680770] HugeTLB: registered 1.00 GiB page size, pre-allocated 0 pages
[    0.684524] HugeTLB: 16380 KiB vmemmap can be freed for a 1.00 GiB page
[    0.688419] HugeTLB: registered 2.00 MiB page size, pre-allocated 0 pages
[    0.692437] HugeTLB: 28 KiB vmemmap can be freed for a 2.00 MiB page
[    0.696187] ACPI: Added _OSI(Module Device)
[    0.698433] ACPI: Added _OSI(Processor Device)
[    0.701466] ACPI: Added _OSI(3.0 _SCP Extensions)
[    0.703441] ACPI: Added _OSI(Processor Aggregator Device)
[    0.707831] ACPI: 1 ACPI AML tables successfully acquired and loaded
[    0.713319] ACPI: Interpreter enabled
[    0.715426] ACPI: PM: (supports S0 S5)
[    0.717442] ACPI: Using IOAPIC for interrupt routing
[    0.720616] PCI: Using host bridge windows from ACPI; if necessary, use "pci=nocrs" and report a bug
[    0.725471] PCI: Using E820 reservations for host bridge windows
[    0.729674] ACPI: Enabled 1 GPEs in block 00 to 0F
[    0.745819] ACPI: PCI Root Bridge [PCI0] (domain 0000 [bus 00-ff])
[    0.749436] acpi PNP0A03:00: _OSC: OS supports [ASPM ClockPM Segments MSI HPX-Type3]
[    0.753493] acpi PNP0A03:00: _OSC: not requesting OS control; OS requires [ExtendedConfig ASPM ClockPM MSI]
[    0.758509] acpi PNP0A03:00: fail to add MMCONFIG information, can't access extended configuration space under this bridge
[    0.764617] PCI host bridge to bus 0000:00
[    0.766418] pci_bus 0000:00: root bus resource [mem 0xfc0000000-0xfffffffff window]
[    0.770463] pci_bus 0000:00: root bus resource [io  0x0000-0x0cf7 window]
[    0.774470] pci_bus 0000:00: root bus resource [io  0x0d00-0xffff window]
[    0.777450] pci_bus 0000:00: root bus resource [mem 0x000a0000-0x000bffff window]
[    0.781467] pci_bus 0000:00: root bus resource [mem 0x40000000-0xfffbffff window]
[    0.785464] pci_bus 0000:00: root bus resource [bus 00-ff]
[    0.788574] pci 0000:00:00.0: [8086:7192] type 00 class 0x060000 conventional PCI endpoint
[    0.795080] pci 0000:00:07.0: [8086:7110] type 00 class 0x060100 conventional PCI endpoint
[    0.802383] pci 0000:00:07.1: [8086:7111] type 00 class 0x010180 conventional PCI endpoint
[    0.807983] pci 0000:00:07.1: BAR 4 [io  0xffa0-0xffaf]
[    0.811579] pci 0000:00:07.1: BAR 0 [io  0x01f0-0x01f7]: legacy IDE quirk
[    0.815439] pci 0000:00:07.1: BAR 1 [io  0x03f6]: legacy IDE quirk
[    0.818454] pci 0000:00:07.1: BAR 2 [io  0x0170-0x0177]: legacy IDE quirk
[    0.821444] pci 0000:00:07.1: BAR 3 [io  0x0376]: legacy IDE quirk
[    0.825933] * Found PM-Timer Bug on the chipset. Due to workarounds for a bug,
               * this clock source is slow. Consider trying other clock sources
[    0.832491] pci 0000:00:07.3: [8086:7113] type 00 class 0x068000 conventional PCI endpoint
[    0.837947] pci 0000:00:07.3: quirk: [io  0x0400-0x043f] claimed by PIIX4 ACPI
[    0.843209] pci 0000:00:08.0: [1414:5353] type 00 class 0x030000 conventional PCI endpoint
[    0.848686] pci 0000:00:08.0: BAR 0 [mem 0xf8000000-0xfbffffff]
[    0.851794] pci 0000:00:08.0: Video device with shadowed ROM at [mem 0x000c0000-0x000dffff]
[    0.869393] ACPI: PCI: Interrupt link LNKA configured for IRQ 11
[    0.872616] ACPI: PCI: Interrupt link LNKB configured for IRQ 0
[    0.875415] ACPI: PCI: Interrupt link LNKB disabled
[    0.878589] ACPI: PCI: Interrupt link LNKC configured for IRQ 0
[    0.881408] ACPI: PCI: Interrupt link LNKC disabled
[    0.884594] ACPI: PCI: Interrupt link LNKD configured for IRQ 0
[    0.887440] ACPI: PCI: Interrupt link LNKD disabled
[    0.890600] iommu: Default domain type: Translated
[    0.893428] iommu: DMA domain TLB invalidation policy: lazy mode
[    0.896566] SCSI subsystem initialized
[    0.899075] libata version 3.00 loaded.
[    0.899076] ACPI: bus type USB registered
[    0.900434] usbcore: registered new interface driver usbfs
[    0.903440] usbcore: registered new interface driver hub
[    0.906435] usbcore: registered new device driver usb
[    0.910444] pps_core: LinuxPPS API ver. 1 registered
[    0.912452] pps_core: Software ver. 5.3.6 - Copyright 2005-2007 Rodolfo Giometti <giometti@linux.it>
[    0.917440] PTP clock support registered
[    0.920066] EDAC MC: Ver: 3.0.0
[    0.924056] hv_vmbus: Vmbus version:5.3
[    0.926459] NetLabel: Initializing
[    0.928423] NetLabel:  domain hash size = 128
[    0.931435] NetLabel:  protocols = UNLABELED CIPSOv4 CALIPSO
[    0.934443] NetLabel:  unlabeled traffic allowed by default
[    0.937505] mctp: management component transport protocol core
[    0.940456] NET: Registered PF_MCTP protocol family
[    0.943440] PCI: Using ACPI for IRQ routing
[    0.945435] PCI: pci_cache_line_size set to 64 bytes
[    0.945790] e820: reserve RAM buffer [mem 0x0009fc00-0x0009ffff]
[    0.945793] e820: reserve RAM buffer [mem 0x3fff0000-0x3fffffff]
[    0.946086] pci 0000:00:08.0: vgaarb: setting as boot VGA device
[    0.947046] pci 0000:00:08.0: vgaarb: bridge control possible
[    0.947046] pci 0000:00:08.0: vgaarb: VGA device added: decodes=io+mem,owns=io+mem,locks=none
[    0.957050] vgaarb: loaded
[    0.959138] clocksource: Switched to clocksource tsc-early
[    0.962620] VFS: Disk quotas dquot_6.6.0
[    0.965210] VFS: Dquot-cache hash table entries: 512 (order 0, 4096 bytes)
[    0.968965] AppArmor: AppArmor Filesystem Enabled
[    0.971792] pnp: PnP ACPI init
[    0.974267] pnp 00:03: [dma 0 disabled]
[    0.974771] pnp 00:04: [dma 0 disabled]
[    0.975330] pnp 00:05: [dma 2]
[    0.975391] system 00:06: [io  0x01e0-0x01ef] has been reserved
[    0.978582] system 00:06: [io  0x0160-0x016f] has been reserved
[    0.981491] system 00:06: [io  0x0278-0x027f] has been reserved
[    0.984305] system 00:06: [io  0x0378-0x037f] has been reserved
[    0.987279] system 00:06: [io  0x0678-0x067f] has been reserved
[    0.990182] system 00:06: [io  0x0778-0x077f] has been reserved
[    0.993095] system 00:06: [io  0x04d0-0x04d1] has been reserved
[    0.995998] system 00:07: [io  0x0400-0x043f] has been reserved
[    0.998803] system 00:07: [io  0x0370-0x0371] has been reserved
[    1.001546] system 00:07: [io  0x0440-0x044f] has been reserved
[    1.004607] system 00:07: [mem 0xfec00000-0xfec00fff] could not be reserved
[    1.007948] system 00:07: [mem 0xfee00000-0xfee00fff] has been reserved
[    1.011070] system 00:08: [mem 0x00000000-0x0009ffff] could not be reserved
[    1.014510] system 00:08: [mem 0x000c0000-0x000dffff] could not be reserved
[    1.017892] system 00:08: [mem 0x000e0000-0x000fffff] could not be reserved
[    1.021769] system 00:08: [mem 0x00100000-0x3fffffff] could not be reserved
[    1.024887] system 00:08: [mem 0xfffc0000-0xffffffff] has been reserved
[    1.028150] pnp: PnP ACPI: found 9 devices
[    1.036778] clocksource: acpi_pm: mask: 0xffffff max_cycles: 0xffffff, max_idle_ns: 2085701024 ns
[    1.040801] NET: Registered PF_INET protocol family
[    1.043335] IP idents hash table entries: 262144 (order: 9, 2097152 bytes, linear)
[    1.060619] tcp_listen_portaddr_hash hash table entries: 8192 (order: 5, 131072 bytes, linear)
[    1.065368] Table-perturb hash table entries: 65536 (order: 6, 262144 bytes, linear)
[    1.069054] TCP established hash table entries: 131072 (order: 8, 1048576 bytes, linear)
[    1.072939] TCP bind hash table entries: 65536 (order: 9, 2097152 bytes, linear)
[    1.076413] TCP: Hash tables configured (established 131072 bind 65536)
[    1.079470] MPTCP token hash table entries: 16384 (order: 6, 393216 bytes, linear)
[    1.083217] UDP hash table entries: 8192 (order: 6, 262144 bytes, linear)
[    1.086335] UDP-Lite hash table entries: 8192 (order: 6, 262144 bytes, linear)
[    1.089749] NET: Registered PF_UNIX/PF_LOCAL protocol family
[    1.092408] NET: Registered PF_XDP protocol family
[    1.094735] pci_bus 0000:00: resource 4 [mem 0xfc0000000-0xfffffffff window]
[    1.097965] pci_bus 0000:00: resource 5 [io  0x0000-0x0cf7 window]
[    1.100814] pci_bus 0000:00: resource 6 [io  0x0d00-0xffff window]
[    1.103705] pci_bus 0000:00: resource 7 [mem 0x000a0000-0x000bffff window]
[    1.106811] pci_bus 0000:00: resource 8 [mem 0x40000000-0xfffbffff window]
[    1.109993] pci 0000:00:00.0: Limiting direct PCI/PCI transfers
[    1.112988] PCI: CLS 0 bytes, default 64
[    1.115099] PCI-DMA: Using software bounce buffering for IO (SWIOTLB)
[    1.118059] software IO TLB: mapped [mem 0x000000003bff0000-0x000000003fff0000] (64MB)
[    1.121619] clocksource: tsc: mask: 0xffffffffffffffff max_cycles: 0x28440910e78, max_idle_ns: 440795261560 ns
[    1.125985] clocksource: Switched to clocksource tsc
[    1.129629] Initialise system trusted keyrings
[    1.131886] Key type blacklist registered
[    1.133905] workingset: timestamp_bits=36 max_order=22 bucket_order=0
[    1.136807] zbud: loaded
[    1.138416] squashfs: version 4.0 (2009/01/31) Phillip Lougher
[    1.141176] fuse: init (API version 7.40)
[    1.143312] integrity: Platform Keyring initialized
[    1.145847] integrity: Machine keyring initialized
[    1.156472] Key type asymmetric registered
[    1.158783] Asymmetric key parser 'x509' registered
[    1.161485] Block layer SCSI generic (bsg) driver version 0.4 loaded (major 244)
[    1.164853] io scheduler mq-deadline registered
[    1.167209] shpchp: Standard Hot Plug PCI Controller Driver version: 0.4
[    1.170286] hv_vmbus: registering driver hv_pci
[    1.172496] input: Power Button as /devices/LNXSYSTM:00/LNXPWRBN:00/input/input0
[    1.175902] ACPI: button: Power Button [PWRF]
[    1.178650] Serial: 8250/16550 driver, 32 ports, IRQ sharing enabled
[    1.207194] 00:03: ttyS0 at I/O 0x3f8 (irq = 4, base_baud = 115200) is a 16550A
[    1.237531] 00:04: ttyS1 at I/O 0x2f8 (irq = 3, base_baud = 115200) is a 16550A
[    1.245672] Linux agpgart interface v0.103
[    1.249240] loop: module loaded
[    1.251345] hv_vmbus: registering driver hv_storvsc
[    1.254068] Key type psk registered
[    1.255006] scsi host0: storvsc_host_t
[    1.255081] scsi host2: storvsc_host_t
[    1.255101] scsi host3: storvsc_host_t
[    1.256013] scsi host1: storvsc_host_t
[    1.256229] ata_piix 0000:00:07.1: version 2.13
[    1.256502] ata_piix 0000:00:07.1: Hyper-V Virtual Machine detected, ATA device ignore set
[    1.258114] scsi: waiting for bus probes to complete ...
[    1.258624] scsi host4: ata_piix
[    1.258791] scsi host5: ata_piix
[    1.258830] ata1: PATA max UDMA/33 cmd 0x1f0 ctl 0x3f6 bmdma 0xffa0 irq 14 lpm-pol 0
[    1.258832] ata2: PATA max UDMA/33 cmd 0x170 ctl 0x376 bmdma 0xffa8 irq 15 lpm-pol 0
[    1.258869] ACPI: bus type drm_connector registered
[    1.258976] tun: Universal TUN/TAP device driver, 1.6
[    1.260046] PPP generic driver version 2.4.2
[    1.260066] scsi: waiting for bus probes to complete ...
[    1.283508] scsi 1:0:1:0: Direct-Access     Msft     Virtual Disk     1.0  PQ: 0 ANSI: 5
[    1.285585] scsi 0:0:0:0: Direct-Access     Msft     Virtual Disk     1.0  PQ: 0 ANSI: 5
[    1.285731] i8042: PNP: PS/2 Controller [PNP0303:PS2K,PNP0f03:PS2M] at 0x60,0x64 irq 1,12
[    1.288899] serio: i8042 KBD port at 0x60,0x64 irq 1
[    1.289218] sd 1:0:1:0: Attached scsi generic sg0 type 0
[    1.289369] sd 1:0:1:0: [sda] 157286400 512-byte logical blocks: (80.5 GB/75.0 GiB)
[    1.289372] sd 1:0:1:0: [sda] 4096-byte physical blocks
[    1.289439] sd 1:0:1:0: [sda] Write Protect is off
[    1.289441] sd 1:0:1:0: [sda] Mode Sense: 0f 00 10 00
[    1.289557] sd 1:0:1:0: [sda] Write cache: disabled, read cache: enabled, supports DPO and FUA
[    1.289602] hv_storvsc 00000000-0001-8899-0000-000000000000: tag#197 cmd 0x5a status: scsi 0x2 srb 0x86 hv 0xc0000001
[    1.290215] hv_storvsc 00000000-0001-8899-0000-000000000000: tag#204 cmd 0x5a status: scsi 0x2 srb 0x86 hv 0xc0000001
[    1.318516] sd 0:0:0:0: Attached scsi generic sg1 type 0
[    1.320748] serio: i8042 AUX port at 0x60,0x64 irq 12
[    1.321196] sd 0:0:0:0: [sdb] 157286400 512-byte logical blocks: (80.5 GB/75.0 GiB)
[    1.325228] mousedev: PS/2 mouse device common for all mice
[    1.330054] sd 0:0:0:0: [sdb] 4096-byte physical blocks
[    1.335500] rtc_cmos 00:00: RTC can wake from S4
[    1.340005]  sda: sda1
[    1.340234] sd 0:0:0:0: [sdb] Write Protect is off
[    1.342822] rtc_cmos 00:00: registered as rtc0
[    1.343234] rtc_cmos 00:00: setting system clock to 2025-10-23T13:27:22 UTC (1761226042)
[    1.343425] rtc_cmos 00:00: alarms up to one month, 114 bytes nvram
[    1.343449] device-mapper: core: CONFIG_IMA_DISABLE_HTABLE is disabled. Duplicate IMA measurements will not be recorded in the IMA log.
[    1.343470] device-mapper: uevent: version 1.0.3
[    1.343535] device-mapper: ioctl: 4.48.0-ioctl (2023-03-01) initialised: dm-devel@lists.linux.dev
[    1.343545] intel_pstate: Intel P-state driver initializing
[    1.344161] sd 1:0:1:0: [sda] Attached SCSI disk
[    1.346590] sd 0:0:0:0: [sdb] Mode Sense: 0f 00 10 00
[    1.352586] hv_utils: Registering HyperV Utility Driver
[    1.356740] sd 0:0:0:0: [sdb] Write cache: disabled, read cache: enabled, supports DPO and FUA
[    1.358712] hv_vmbus: registering driver hv_utils
[    1.358734] hv_vmbus: registering driver hv_balloon
[    1.365383] hv_storvsc 00000000-0000-8899-0000-000000000000: tag#69 cmd 0x5a status: scsi 0x2 srb 0x86 hv 0xc0000001
[    1.365386] hv_utils: Heartbeat IC version 3.0
[    1.371516] hv_utils: Shutdown IC version 3.2
[    1.371927] hv_utils: TimeSync IC version 4.0
[    1.392160] hv_storvsc 00000000-0000-8899-0000-000000000000: tag#76 cmd 0x5a status: scsi 0x2 srb 0x86 hv 0xc0000001
[    1.423171] drop_monitor: Initializing network drop monitor service
[    1.423345] hv_balloon: Using Dynamic Memory protocol version 2.0
[    1.426431] NET: Registered PF_INET6 protocol family
[    1.431720] input: AT Translated Set 2 keyboard as /devices/platform/i8042/serio0/input/input1
[    1.432692] Segment Routing with IPv6
[    1.439598] In-situ OAM (IOAM) with IPv6
[    1.440411]  sdb: sdb1 sdb14 sdb15 sdb16
[    1.441550] NET: Registered PF_PACKET protocol family
[    1.443526] sd 0:0:0:0: [sdb] Attached SCSI disk
[    1.445787] Key type dns_resolver registered
[    1.452299] IPI shorthand broadcast: enabled
[    1.455835] sched_clock: Marking stable (1351003334, 104650726)->(1531368213, -75714153)
[    1.460081] registered taskstats version 1
[    1.463743] Loading compiled-in X.509 certificates
[    1.466844] Loaded X.509 cert 'Build time autogenerated kernel key: 9d524b68cfc3fab047012c2dd2fcf07bd1b03953'
[    1.472371] Loaded X.509 cert 'Canonical Ltd. Live Patch Signing: 14df34d1a87cf37625abec039ef2bf521249b969'
[    1.477704] Loaded X.509 cert 'Canonical Ltd. Kernel Module Signing: 88f752e560a1e0737e31163a466ad7b70a850c19'
[    1.483062] blacklist: Loading compiled-in revocation X.509 certificates
[    1.486683] Loaded X.509 cert 'Canonical Ltd. Secure Boot Signing: 61482aa2830d0ab2ad5af10b7250da9033ddcef0'
[    1.491968] Loaded X.509 cert 'Canonical Ltd. Secure Boot Signing (2017): 242ade75ac4a15e50d50c84b0d45ff3eae707a03'
[    1.497434] Loaded X.509 cert 'Canonical Ltd. Secure Boot Signing (ESM 2018): 365188c1d374d6b07c3c8f240f8ef722433d6a8b'
[    1.502910] Loaded X.509 cert 'Canonical Ltd. Secure Boot Signing (2019): c0746fd6c5da3ae827864651ad66ae47fe24b3e8'
[    1.508138] Loaded X.509 cert 'Canonical Ltd. Secure Boot Signing (2021 v1): a8d54bbb3825cfb94fa13c9f8a594a195c107b8d'
[    1.513750] Loaded X.509 cert 'Canonical Ltd. Secure Boot Signing (2021 v2): 4cf046892d6fd3c9a5b03f98d845f90851dc6a8c'
[    1.519030] Loaded X.509 cert 'Canonical Ltd. Secure Boot Signing (2021 v3): 100437bb6de6e469b581e61cd66bce3ef4ed53af'
[    1.524370] Loaded X.509 cert 'Canonical Ltd. Secure Boot Signing (Ubuntu Core 2019): c1d57b8f6b743f23ee41f4f7ee292f06eecadfb9'
[    1.532517] Demotion targets for Node 0: null
[    1.534908] Key type .fscrypt registered
[    1.536918] Key type fscrypt-provisioning registered
[    1.540145] Key type encrypted registered
[    1.542269] AppArmor: AppArmor sha256 policy hashing enabled
[    1.545092] ima: No TPM chip found, activating TPM-bypass!
[    1.547741] Loading compiled-in module X.509 certificates
[    1.550788] Loaded X.509 cert 'Build time autogenerated kernel key: 9d524b68cfc3fab047012c2dd2fcf07bd1b03953'
[    1.555785] ima: Allocated hash algorithm: sha256
[    1.558413] ima: No architecture policies found
[    1.560815] evm: Initialising EVM extended attributes:
[    1.563327] evm: security.selinux
[    1.565049] evm: security.SMACK64
[    1.566741] evm: security.SMACK64EXEC
[    1.568553] evm: security.SMACK64TRANSMUTE
[    1.570674] evm: security.SMACK64MMAP
[    1.572725] evm: security.apparmor
[    1.575314] evm: security.ima
[    1.576977] evm: security.capability
[    1.578897] evm: HMAC attrs: 0x1
[    1.580916] PM:   Magic number: 13:59:484
[    1.586211] RAS: Correctable Errors collector initialized.
[    1.599078] clk: Disabling unused clocks
[    1.601659] PM: genpd: Disabling unused power domains
[    1.605164] md: Waiting for all devices to be available before autodetect
[    1.607213] md: If you don't use raid, use raid=noautodetect
[    1.609042] md: Autodetecting RAID arrays.
[    1.610443] md: autorun ...
[    1.611499] md: ... autorun DONE.
[    1.615528] EXT4-fs (sdb1): mounted filesystem a72fddf1-49c4-4653-be67-35f223a2066a ro with ordered data mode. Quota mode: none.
[    1.618758] VFS: Mounted root (ext4 filesystem) readonly on device 8:17.
[    1.621129] devtmpfs: mounted
[    1.630101] Freeing unused decrypted memory: 2028K
[    1.632776] Freeing unused kernel image (initmem) memory: 4768K
[    1.634892] Write protecting the kernel read-only data: 34816k
[    1.637312] Freeing unused kernel image (rodata/data gap) memory: 384K
[    1.680342] x86/mm: Checked W+X mappings: passed, no W+X pages found.
[    1.684878] Run /sbin/init as init process
[    1.686622]   with arguments:
[    1.686623]     /sbin/init
[    1.686624]   with environment:
[    1.686625]     HOME=/
[    1.686626]     TERM=linux
[    1.686626]     BOOT_IMAGE=/vmlinuz-6.11.0-1018-azure
[    1.740035] systemd[1]: Inserted module 'autofs4'
[    1.752832] systemd[1]: systemd 255.4-1ubuntu8.10 running in system mode (+PAM +AUDIT +SELINUX +APPARMOR +IMA +SMACK +SECCOMP +GCRYPT -GNUTLS +OPENSSL +ACL +BLKID +CURL +ELFUTILS +FIDO2 +IDN2 -IDN +IPTC +KMOD +LIBCRYPTSETUP +LIBFDISK +PCRE2 -PWQUALITY +P11KIT +QRENCODE +TPM2 +BZIP2 +LZ4 +XZ +ZLIB +ZSTD -BPF_FRAMEWORK -XKBCOMMON +UTMP +SYSVINIT default-hierarchy=unified)
[    1.762151] systemd[1]: Detected virtualization microsoft.
[    1.764196] systemd[1]: Detected architecture x86-64.
[    1.768473] systemd[1]: Hostname set to <runnervmwhb2z>.
[    2.000897] systemd[1]: Queued start job for default target graphical.target.
[    2.029407] systemd[1]: Unnecessary job was removed for sys-devices-virtual-misc-vmbus\x21hv_fcopy.device - /sys/devices/virtual/misc/vmbus!hv_fcopy.
[    2.033901] systemd[1]: Unnecessary job was removed for sys-devices-virtual-misc-vmbus\x21hv_vss.device - /sys/devices/virtual/misc/vmbus!hv_vss.
[    2.038467] systemd[1]: Created slice azure.slice - Slice for Azure VM Agent and Extensions.
[    2.044623] systemd[1]: Created slice system-modprobe.slice - Slice /system/modprobe.
[    2.050548] systemd[1]: Created slice system-serial\x2dgetty.slice - Slice /system/serial-getty.
[    2.056627] systemd[1]: Created slice system-systemd\x2dfsck.slice - Slice /system/systemd-fsck.
[    2.062671] systemd[1]: Created slice user.slice - User and Session Slice.
[    2.067883] systemd[1]: Started systemd-ask-password-wall.path - Forward Password Requests to Wall Directory Watch.
[    2.074201] systemd[1]: Set up automount proc-sys-fs-binfmt_misc.automount - Arbitrary Executable File Formats File System Automount Point.
[    2.081001] systemd[1]: Expecting device dev-disk-by\x2dlabel-BOOT.device - /dev/disk/by-label/BOOT...
[    2.086632] systemd[1]: Expecting device dev-disk-by\x2duuid-7B14\x2d7487.device - /dev/disk/by-uuid/7B14-7487...
[    2.092713] systemd[1]: Expecting device dev-ttyS0.device - /dev/ttyS0...
[    2.097129] systemd[1]: Expecting device sys-devices-virtual-misc-vmbus\x21hv_kvp.device - /sys/devices/virtual/misc/vmbus!hv_kvp...
[    2.103425] systemd[1]: Reached target integritysetup.target - Local Integrity Protected Volumes.
[    2.109318] systemd[1]: Reached target slices.target - Slice Units.
[    2.113935] systemd[1]: Reached target snapd.mounts-pre.target - Mounting snaps.
[    2.118896] systemd[1]: Reached target snapd.mounts.target - Mounted snaps.
[    2.123726] systemd[1]: Reached target swap.target - Swaps.
[    2.127668] systemd[1]: Reached target time-set.target - System Time Set.
[    2.133327] systemd[1]: Reached target veritysetup.target - Local Verity Protected Volumes.
[    2.138940] systemd[1]: Listening on dm-event.socket - Device-mapper event daemon FIFOs.
[    2.144498] systemd[1]: Listening on lvm2-lvmpolld.socket - LVM2 poll daemon socket.
[    2.149748] systemd[1]: Listening on multipathd.socket - multipathd control socket.
[    2.154738] systemd[1]: Listening on syslog.socket - Syslog Socket.
[    2.161638] systemd[1]: Listening on systemd-coredump.socket - Process Core Dump Socket.
[    2.167140] systemd[1]: Listening on systemd-fsckd.socket - fsck to fsckd communication Socket.
[    2.172937] systemd[1]: Listening on systemd-initctl.socket - initctl Compatibility Named Pipe.
[    2.178986] systemd[1]: Listening on systemd-journald-dev-log.socket - Journal Socket (/dev/log).
[    2.184885] systemd[1]: Listening on systemd-journald.socket - Journal Socket.
[    2.189936] systemd[1]: Listening on systemd-networkd.socket - Network Service Netlink Socket.
[    2.195974] systemd[1]: systemd-pcrextend.socket - TPM2 PCR Extension (Varlink) was skipped because of an unmet condition check (ConditionSecurity=measured-uki).
[    2.200890] systemd[1]: Listening on systemd-udevd-control.socket - udev Control Socket.
[    2.206408] systemd[1]: Listening on systemd-udevd-kernel.socket - udev Kernel Socket.
[    2.221715] systemd[1]: Mounting dev-hugepages.mount - Huge Pages File System...
[    2.227475] systemd[1]: Mounting dev-mqueue.mount - POSIX Message Queue File System...
[    2.232919] systemd[1]: Mounting sys-kernel-debug.mount - Kernel Debug File System...
[    2.238591] systemd[1]: Mounting sys-kernel-tracing.mount - Kernel Trace File System...
[    2.245503] systemd[1]: Starting systemd-journald.service - Journal Service...
[    2.251102] systemd[1]: Starting keyboard-setup.service - Set the console keyboard layout...
[    2.258468] systemd-journald[174]: Collecting audit messages is disabled.
[    2.261490] systemd[1]: Starting kmod-static-nodes.service - Create List of Static Device Nodes...
[    2.266385] systemd[1]: Starting lvm2-monitor.service - Monitoring of LVM2 mirrors, snapshots etc. using dmeventd or progress polling...
[    2.273422] systemd[1]: Starting modprobe@configfs.service - Load Kernel Module configfs...
[    2.278009] systemd[1]: Starting modprobe@dm_mod.service - Load Kernel Module dm_mod...
[    2.284340] systemd[1]: Starting modprobe@drm.service - Load Kernel Module drm...
[    2.289888] systemd[1]: Starting modprobe@efi_pstore.service - Load Kernel Module efi_pstore...
[    2.296860] systemd[1]: Starting modprobe@fuse.service - Load Kernel Module fuse...
[    2.302244] systemd[1]: Starting modprobe@loop.service - Load Kernel Module loop...
[    2.307725] systemd[1]: Starting modprobe@nvme_fabrics.service - Load Kernel Module nvme_fabrics...
[    2.313203] systemd[1]: netplan-ovs-cleanup.service - OpenVSwitch configuration for cleanup was skipped because of an unmet condition check (ConditionFileIsExecutable=/usr/bin/ovs-vsctl).
[    2.318905] systemd[1]: Starting systemd-fsck-root.service - File System Check on Root Device...
[    2.326233] systemd[1]: Starting systemd-modules-load.service - Load Kernel Modules...
[    2.329746] systemd[1]: systemd-pcrmachine.service - TPM2 PCR Machine ID Measurement was skipped because of an unmet condition check (ConditionSecurity=measured-uki).
[    2.334598] systemd[1]: systemd-tpm2-setup-early.service - TPM2 SRK Setup (Early) was skipped because of an unmet condition check (ConditionSecurity=measured-uki).
[    2.340105] systemd[1]: Starting systemd-udev-trigger.service - Coldplug All udev Devices...
[    2.346275] systemd[1]: Started systemd-journald.service - Journal Service.
[    2.461221] EXT4-fs (sdb1): re-mounted a72fddf1-49c4-4653-be67-35f223a2066a r/w. Quota mode: none.
[    2.484689] systemd-journald[174]: Received client request to flush runtime journal.
[    2.492013] systemd-journald[174]: /var/log/journal/8666dca590ab44e886276dfeb55aaf04/system.journal: Journal file uses a different sequence number ID, rotating.
[    2.492018] systemd-journald[174]: Rotating system journal.
[    2.703949] hv_vmbus: registering driver hyperv_keyboard
[    2.704354] input: AT Translated Set 2 keyboard as /devices/LNXSYSTM:00/LNXSYBUS:00/PNP0A03:00/device:07/VMBUS:01/d34b2567-b9b6-42b9-8778-0a4ec0b955bf/serio2/input/input3
[    2.709373] hid: raw HID events driver (C) Jiri Kosina
[    2.720216] hv_vmbus: registering driver hid_hyperv
[    2.723435] input: Microsoft Vmbus HID-compliant Mouse as /devices/0006:045E:0621.0001/input/input4
[    2.724455] hv_vmbus: registering driver hyperv_drm
[    2.724605] cryptd: max_cpu_qlen set to 1000
[    2.724815] hv_vmbus: registering driver hv_netvsc
[    2.724861] hyperv_drm 5620e0c7-8062-4dce-aeb7-520c7ef76171: [drm] Synthvid Version major 3, minor 5
[    2.733872] hid-hyperv 0006:045E:0621.0001: input: VIRTUAL HID v0.01 Mouse [Microsoft Vmbus HID-compliant Mouse] on 
[    2.734019] [drm] Initialized hyperv_drm 1.0.0 for 5620e0c7-8062-4dce-aeb7-520c7ef76171 on minor 0
[    3.016345] hv_netvsc 6045bdc9-479c-6045-bdc9-479c6045bdc9 eth0: VF slot 1 added
[    3.029917] hv_pci 6fd40864-8375-433d-a6a5-2049d5398269: PCI VMBus probing: Using version 0x10004
[    3.031773] hv_pci 6fd40864-8375-433d-a6a5-2049d5398269: PCI host bridge to bus 8375:00
[    3.031783] pci_bus 8375:00: root bus resource [mem 0xfc0000000-0xfc00fffff window]
[    3.031792] pci_bus 8375:00: No busn resource found for root bus, will use [bus 00-ff]
[    3.033695] pci 8375:00:02.0: [15b3:1018] type 00 class 0x020000 PCIe Endpoint
[    3.037421] pci 8375:00:02.0: BAR 0 [mem 0xfc0000000-0xfc00fffff 64bit pref]
[    3.037984] pci 8375:00:02.0: enabling Extended Tags
[    3.048592] pci 8375:00:02.0: 0.000 Gb/s available PCIe bandwidth, limited by Unknown x0 link at 8375:00:02.0 (capable of 126.016 Gb/s with 8.0 GT/s PCIe x16 link)
[    3.055083] pci_bus 8375:00: busn_res: [bus 00-ff] end is updated to 00
[    3.055095] pci 8375:00:02.0: BAR 0 [mem 0xfc0000000-0xfc00fffff 64bit pref]: assigned
[    3.478069] Console: switching to colour frame buffer device 128x48
[    3.621834] hyperv_drm 5620e0c7-8062-4dce-aeb7-520c7ef76171: [drm] fb0: hyperv_drmdrmfb frame buffer device
[    3.924046] AES CTR mode by8 optimization enabled
[    4.066662] workqueue: drm_fb_helper_damage_work hogged CPU for >10000us 4 times, consider switching to WQ_UNBOUND
[    4.161888] mlx5_core 8375:00:02.0: enabling device (0000 -> 0002)
[    4.165315] mlx5_core 8375:00:02.0: firmware version: 16.30.5000
[    4.172499] kvm_intel: Using Hyper-V Enlightened VMCS
[    4.357668] workqueue: drm_fb_helper_damage_work hogged CPU for >10000us 5 times, consider switching to WQ_UNBOUND
[    4.359371] hv_netvsc 6045bdc9-479c-6045-bdc9-479c6045bdc9 eth0: VF registering: eth1
[    4.359399] mlx5_core 8375:00:02.0 eth1: joined to eth0
[    4.363610] mlx5_core 8375:00:02.0: MLX5E: StrdRq(1) RqSz(8) StrdSz(256) RxCqeCmprss(0 basic)
[    4.370610] mlx5_core 8375:00:02.0 enP33653s1: renamed from eth1
[    4.504048] MACsec IEEE 802.1AE
[    4.939661] workqueue: drm_fb_helper_damage_work hogged CPU for >10000us 7 times, consider switching to WQ_UNBOUND
[    5.099378] hv_utils: KVP IC version 4.0
[    5.120103] EXT4-fs (sdb16): mounted filesystem 3934d2ba-185b-4e27-aa1a-e9c5b7ae7f73 r/w with ordered data mode. Quota mode: none.
[    5.186928] audit: type=1400 audit(1761226049.997:2): apparmor="STATUS" operation="profile_load" profile="unconfined" name=4D6F6E676F444220436F6D70617373 pid=450 comm="apparmor_parser"
[    5.187438] audit: type=1400 audit(1761226049.997:3): apparmor="STATUS" operation="profile_load" profile="unconfined" name="1password" pid=448 comm="apparmor_parser"
[    5.187463] audit: type=1400 audit(1761226049.997:4): apparmor="STATUS" operation="profile_load" profile="unconfined" name="Discord" pid=449 comm="apparmor_parser"
[    5.187685] audit: type=1400 audit(1761226049.998:5): apparmor="STATUS" operation="profile_load" profile="unconfined" name="QtWebEngineProcess" pid=451 comm="apparmor_parser"
[    5.190447] audit: type=1400 audit(1761226050.000:6): apparmor="STATUS" operation="profile_load" profile="unconfined" name="brave" pid=456 comm="apparmor_parser"
[    5.190451] audit: type=1400 audit(1761226050.000:7): apparmor="STATUS" operation="profile_load" profile="unconfined" name="buildah" pid=457 comm="apparmor_parser"
[    5.191006] audit: type=1400 audit(1761226050.001:8): apparmor="STATUS" operation="profile_load" profile="unconfined" name="busybox" pid=458 comm="apparmor_parser"
[    5.192064] audit: type=1400 audit(1761226050.002:9): apparmor="STATUS" operation="profile_load" profile="unconfined" name="balena-etcher" pid=455 comm="apparmor_parser"
[    5.194131] audit: type=1400 audit(1761226050.003:10): apparmor="STATUS" operation="profile_load" profile="unconfined" name="cam" pid=459 comm="apparmor_parser"
[    5.817562] /dev/sr0: Can't lookup blockdev
[    5.923193] mlx5_core 8375:00:02.0 enP33653s1: Link up
[    5.952429] hv_netvsc 6045bdc9-479c-6045-bdc9-479c6045bdc9 eth0: Data path switched to VF: enP33653s1
[    5.968045] 8021q: 802.1Q VLAN Support v1.8
[    6.575984] hv_netvsc 6045bdc9-479c-6045-bdc9-479c6045bdc9 eth0: Data path switched from VF: enP33653s1
[    7.178820] mlx5_core 8375:00:02.0 enP33653s1: Link up
[    7.198774] hv_netvsc 6045bdc9-479c-6045-bdc9-479c6045bdc9 eth0: Data path switched to VF: enP33653s1
[    8.882269] EXT4-fs (sda1): mounted filesystem 410b6b37-6b96-44a0-98e2-d36239c4dc1c r/w with ordered data mode. Quota mode: none.
[   10.478199] kauditd_printk_skb: 114 callbacks suppressed
[   10.478203] audit: type=1400 audit(1761226055.288:125): apparmor="STATUS" operation="profile_replace" info="same as current profile, skipping" profile="unconfined" name="rsyslogd" pid=866 comm="apparmor_parser"
[   10.687292] Adding 4194300k swap on /mnt/swapfile.  Priority:-2 extents:9 across:4505596k 
[   10.713819] systemd-journald[174]: /var/log/journal/8666dca590ab44e886276dfeb55aaf04/user-1001.journal: Journal file uses a different sequence number ID, rotating.
[   10.760870] loop0: detected capacity change from 0 to 8
[   10.809694] evm: overlay not supported
[   10.973786] audit: type=1400 audit(1761226055.784:126): apparmor="STATUS" operation="profile_replace" profile="unconfined" name="/usr/lib/snapd/snap-confine" pid=1167 comm="apparmor_parser"
[   10.979343] audit: type=1400 audit(1761226055.789:127): apparmor="STATUS" operation="profile_replace" profile="unconfined" name="/usr/lib/snapd/snap-confine//mount-namespace-capture-helper" pid=1167 comm="apparmor_parser"
[   11.760997] audit: type=1400 audit(1761226056.571:128): apparmor="STATUS" operation="profile_load" profile="unconfined" name="docker-default" pid=1324 comm="apparmor_parser"
[   11.797051] Initializing XFRM netlink socket
[   11.923934] bridge: filtering via arp/ip/ip6tables is no longer available by default. Update your scripts to load br_netfilter if you need this.
[   49.525844] hv_balloon: Max. dynamic memory size: 16384 MB
[ 1297.835672] loop0: detected capacity change from 0 to 1544741
[ 1297.846769] EXT4-fs (loop0): recovery complete
[ 1297.847077] EXT4-fs (loop0): mounted filesystem 8ffacc23-bebc-46f5-b895-8c4a9cc61a49 r/w with ordered data mode. Quota mode: none.
