[    0.000000] Linux version 6.17.0-1013-azure (buildd@lcy02-amd64-104) (x86_64-linux-gnu-gcc-13 (Ubuntu 13.3.0-6ubuntu2~24.04.1) 13.3.0, GNU ld (GNU Binutils for Ubuntu) 2.42) #13~24.04.1-Ubuntu SMP Wed Apr 15 16:52:17 UTC 2026 (Ubuntu 6.17.0-1013.13~24.04.1-azure 6.17.13)
[    0.000000] Command line: BOOT_IMAGE=/vmlinuz-6.17.0-1013-azure root=PARTUUID=702932d5-828f-4216-ae23-a0a58eb57c4c ro console=tty1 console=ttyS0 earlyprintk=ttyS0 nvme_core.io_timeout=240 panic=-1
[    0.000000] KERNEL supported cpus:
[    0.000000]   Intel GenuineIntel
[    0.000000]   AMD AuthenticAMD
[    0.000000]   Hygon HygonGenuine
[    0.000000]   Centaur CentaurHauls
[    0.000000]   zhaoxin   Shanghai  
[    0.000000] BIOS-provided physical RAM map:
[    0.000000] BIOS-e820: [mem 0x0000000000000000-0x000000000009ffff] usable
[    0.000000] BIOS-e820: [mem 0x00000000000c0000-0x00000000000fffff] reserved
[    0.000000] BIOS-e820: [mem 0x0000000000100000-0x00000000044fdfff] usable
[    0.000000] BIOS-e820: [mem 0x00000000044fe000-0x00000000048fdfff] reserved
[    0.000000] BIOS-e820: [mem 0x00000000048fe000-0x000000003ff1efff] usable
[    0.000000] BIOS-e820: [mem 0x000000003ff1f000-0x000000003ffc8fff] reserved
[    0.000000] BIOS-e820: [mem 0x000000003ffc9000-0x000000003fffafff] ACPI data
[    0.000000] BIOS-e820: [mem 0x000000003fffb000-0x000000003fffefff] ACPI NVS
[    0.000000] BIOS-e820: [mem 0x000000003ffff000-0x000000003fffffff] usable
[    0.000000] BIOS-e820: [mem 0x0000000100000000-0x00000004bfffffff] usable
[    0.000000] printk: legacy bootconsole [earlyser0] enabled
[    0.000000] NX (Execute Disable) protection: active
[    0.000000] APIC: Static calls initialized
[    0.000000] efi: EFI v2.7 by Microsoft
[    0.000000] efi: ACPI=0x3fffa000 ACPI 2.0=0x3fffa014 SMBIOS=0x3ff88000 SMBIOS 3.0=0x3ff86000 MEMATTR=0x3f41d418 MOKvar=0x3ff83000 RNG=0x3ffd2018 
[    0.000000] random: crng init done
[    0.000000] SMBIOS 3.1.0 present.
[    0.000000] DMI: Microsoft Corporation Virtual Machine/Virtual Machine, BIOS Hyper-V UEFI Release v4.1 01/08/2026
[    0.000000] DMI: Memory slots populated: 2/2
[    0.000000] secureboot: Secure boot disabled
[    0.000000] Hypervisor detected: Microsoft Hyper-V
[    0.000000] Hyper-V: privilege flags low 0xae7f, high 0x3b8030, ext 0x22, hints 0x140c2c, misc 0xe03ed7b2
[    0.000000] Hyper-V: Nested features: 0x4a0000
[    0.000000] Hyper-V: LAPIC Timer Frequency: 0x30d40
[    0.000000] Hyper-V: Using hypercall for remote TLB flush
[    0.000000] clocksource: hyperv_clocksource_tsc_page: mask: 0xffffffffffffffff max_cycles: 0x24e6a1710, max_idle_ns: 440795202120 ns
[    0.000000] clocksource: hyperv_clocksource_msr: mask: 0xffffffffffffffff max_cycles: 0x24e6a1710, max_idle_ns: 440795202120 ns
[    0.000000] tsc: Detected 2596.153 MHz processor
[    0.000010] e820: update [mem 0x00000000-0x00000fff] usable ==> reserved
[    0.000015] e820: remove [mem 0x000a0000-0x000fffff] usable
[    0.000021] last_pfn = 0x4c0000 max_arch_pfn = 0x400000000
[    0.002361] MTRR map: 4 entries (2 fixed + 2 variable; max 18), built from 8 variable MTRRs
[    0.006030] x86/PAT: Configuration [0-7]: WB  WC  UC- UC  WB  WP  UC- WT  
[    0.009307] e820: update [mem 0x40000000-0xffffffff] usable ==> reserved
[    0.010628] last_pfn = 0x40000 max_arch_pfn = 0x400000000
[    0.016923] Using GB pages for direct mapping
[    0.019007] secureboot: Secure boot disabled
[    0.020861] ACPI: Early table checksum verification disabled
[    0.023259] ACPI: RSDP 0x000000003FFFA014 000024 (v02 VRTUAL)
[    0.025670] ACPI: XSDT 0x000000003FFF90E8 00005C (v01 VRTUAL MICROSFT 00000001 MSFT 00000001)
[    0.029481] ACPI: FACP 0x000000003FFF8000 000114 (v06 VRTUAL MICROSFT 00000001 MSFT 00000001)
[    0.033156] ACPI: DSDT 0x000000003FFD6000 01E22B (v02 MSFTVM DSDT01   00000001 INTL 20230628)
[    0.036767] ACPI: FACS 0x000000003FFFE000 000040
[    0.038737] ACPI: OEM0 0x000000003FFF7000 000064 (v01 VRTUAL MICROSFT 00000001 MSFT 00000001)
[    0.042324] ACPI: SPCR 0x000000003FFF6000 000050 (v02 VRTUAL MICROSFT 00000001 MSFT 00000001)
[    0.046047] ACPI: WAET 0x000000003FFF5000 000028 (v01 VRTUAL MICROSFT 00000001 MSFT 00000001)
[    0.049647] ACPI: APIC 0x000000003FFD5000 000068 (v04 VRTUAL MICROSFT 00000001 MSFT 00000001)
[    0.053197] ACPI: SRAT 0x000000003FFD4000 000250 (v02 VRTUAL MICROSFT 00000001 MSFT 00000001)
[    0.056821] ACPI: BGRT 0x000000003FFD3000 000038 (v01 VRTUAL MICROSFT 00000001 MSFT 00000001)
[    0.060805] ACPI: Reserving FACP table memory at [mem 0x3fff8000-0x3fff8113]
[    0.064015] ACPI: Reserving DSDT table memory at [mem 0x3ffd6000-0x3fff422a]
[    0.066894] ACPI: Reserving FACS table memory at [mem 0x3fffe000-0x3fffe03f]
[    0.069828] ACPI: Reserving OEM0 table memory at [mem 0x3fff7000-0x3fff7063]
[    0.072763] ACPI: Reserving SPCR table memory at [mem 0x3fff6000-0x3fff604f]
[    0.075957] ACPI: Reserving WAET table memory at [mem 0x3fff5000-0x3fff5027]
[    0.078875] ACPI: Reserving APIC table memory at [mem 0x3ffd5000-0x3ffd5067]
[    0.082031] ACPI: Reserving SRAT table memory at [mem 0x3ffd4000-0x3ffd424f]
[    0.085543] ACPI: Reserving BGRT table memory at [mem 0x3ffd3000-0x3ffd3037]
[    0.089276] ACPI: SRAT: Node 0 PXM 0 [mem 0x00000000-0x3fffffff] hotplug
[    0.093131] ACPI: SRAT: Node 0 PXM 0 [mem 0x100000000-0x4bfffffff] hotplug
[    0.096323] ACPI: SRAT: Node 0 PXM 0 [mem 0x4c0000000-0xfbfffffff] hotplug
[    0.099521] ACPI: SRAT: Node 0 PXM 0 [mem 0x1000000000-0xfcffffffff] hotplug
[    0.102819] ACPI: SRAT: Node 0 PXM 0 [mem 0x10000000000-0x1ffffffffff] hotplug
[    0.106239] ACPI: SRAT: Node 0 PXM 0 [mem 0x20000000000-0x3ffffffffff] hotplug
[    0.109810] ACPI: SRAT: Node 0 PXM 0 [mem 0x40000000000-0x7ffffffffff] hotplug
[    0.113299] ACPI: SRAT: Node 0 PXM 0 [mem 0x80000000000-0xfffffffffff] hotplug
[    0.116687] ACPI: SRAT: Node 0 PXM 0 [mem 0x100000000000-0x1fffffffffff] hotplug
[    0.120186] ACPI: SRAT: Node 0 PXM 0 [mem 0x200000000000-0x3fffffffffff] hotplug
[    0.123733] ACPI: SRAT: Node 0 PXM 0 [mem 0x400000000000-0x7fffffffffff] hotplug
[    0.126772] ACPI: SRAT: Node 0 PXM 0 [mem 0x800000000000-0xffffffffffff] hotplug
[    0.129835] NUMA: Node 0 [mem 0x00001000-0x3fffffff] + [mem 0x100000000-0x4bfffffff] -> [mem 0x00001000-0x4bfffffff]
[    0.134418] NODE_DATA(0) allocated [mem 0x4bffd52c0-0x4bfffffff]
[    0.137344] Zone ranges:
[    0.138610]   DMA      [mem 0x0000000000001000-0x0000000000ffffff]
[    0.141445]   DMA32    [mem 0x0000000001000000-0x00000000ffffffff]
[    0.144267]   Normal   [mem 0x0000000100000000-0x00000004bfffffff]
[    0.147047]   Device   empty
[    0.148412] Movable zone start for each node
[    0.150378] Early memory node ranges
[    0.151978]   node   0: [mem 0x0000000000001000-0x000000000009ffff]
[    0.155031]   node   0: [mem 0x0000000000100000-0x00000000044fdfff]
[    0.158001]   node   0: [mem 0x00000000048fe000-0x000000003ff1efff]
[    0.161036]   node   0: [mem 0x000000003ffff000-0x000000003fffffff]
[    0.163854]   node   0: [mem 0x0000000100000000-0x00000004bfffffff]
[    0.166484] Initmem setup node 0 [mem 0x0000000000001000-0x00000004bfffffff]
[    0.169596] On node 0, zone DMA: 1 pages in unavailable ranges
[    0.172092] On node 0, zone DMA: 96 pages in unavailable ranges
[    0.175375] On node 0, zone DMA32: 1024 pages in unavailable ranges
[    0.178187] On node 0, zone DMA32: 224 pages in unavailable ranges
[    0.192714] ACPI: PM-Timer IO Port: 0x408
[    0.194423] ACPI: LAPIC_NMI (acpi_id[0x01] dfl dfl lint[0x1])
[    0.197295] IOAPIC[0]: apic_id 4, version 17, address 0xfec00000, GSI 0-23
[    0.201093] ACPI: INT_SRC_OVR (bus 0 bus_irq 9 global_irq 9 high level)
[    0.204162] ACPI: Using ACPI (MADT) for SMP configuration information
[    0.207068] ACPI: SPCR: console: uart,io,0x3f8,115200
[    0.209291] CPU topo: Max. logical packages:   1
[    0.211177] CPU topo: Max. logical dies:       1
[    0.213074] CPU topo: Max. dies per package:   1
[    0.215040] CPU topo: Max. threads per core:   2
[    0.217406] CPU topo: Num. cores per package:     2
[    0.219698] CPU topo: Num. threads per package:   4
[    0.221848] CPU topo: Allowing 4 present CPUs plus 0 hotplug CPUs
[    0.224625] PM: hibernation: Registered nosave memory: [mem 0x00000000-0x00000fff]
[    0.227974] PM: hibernation: Registered nosave memory: [mem 0x000a0000-0x000fffff]
[    0.231555] PM: hibernation: Registered nosave memory: [mem 0x044fe000-0x048fdfff]
[    0.235067] PM: hibernation: Registered nosave memory: [mem 0x3ff1f000-0x3fffefff]
[    0.238224] PM: hibernation: Registered nosave memory: [mem 0x40000000-0xffffffff]
[    0.241309] [mem 0x40000000-0xffffffff] available for PCI devices
[    0.243823] Booting paravirtualized kernel on Hyper-V
[    0.245900] clocksource: refined-jiffies: mask: 0xffffffff max_cycles: 0xffffffff, max_idle_ns: 1910969940391419 ns
[    0.250344] setup_percpu: NR_CPUS:8192 nr_cpumask_bits:4 nr_cpu_ids:4 nr_node_ids:1
[    0.253618] percpu: Embedded 82 pages/cpu s212992 r8192 d114688 u524288
[    0.256356] pcpu-alloc: s212992 r8192 d114688 u524288 alloc=1*2097152
[    0.256359] pcpu-alloc: [0] 0 1 2 3 
[    0.256377] Hyper-V: PV spinlocks enabled
[    0.258018] PV qspinlock hash table entries: 256 (order: 0, 4096 bytes, linear)
[    0.261134] Kernel command line: BOOT_IMAGE=/vmlinuz-6.17.0-1013-azure root=PARTUUID=702932d5-828f-4216-ae23-a0a58eb57c4c ro console=tty1 console=ttyS0 earlyprintk=ttyS0 nvme_core.io_timeout=240 panic=-1
[    0.268889] printk: log buffer data + meta data: 262144 + 917504 = 1179648 bytes
[    0.272871] Dentry cache hash table entries: 2097152 (order: 12, 16777216 bytes, linear)
[    0.276560] Inode-cache hash table entries: 1048576 (order: 11, 8388608 bytes, linear)
[    0.280151] software IO TLB: area num 4.
[    0.286868] Fallback order for Node 0: 0 
[    0.286876] Built 1 zonelists, mobility grouping on.  Total pages: 4192959
[    0.291345] Policy zone: Normal
[    0.292651] mem auto-init: stack:all(zero), heap alloc:on, heap free:off
[    0.313818] SLUB: HWalign=64, Order=0-3, MinObjects=0, CPUs=4, Nodes=1
[    0.331143] ftrace: allocating 59933 entries in 236 pages
[    0.333578] ftrace: allocated 236 pages with 5 groups
[    0.335869] rcu: Hierarchical RCU implementation.
[    0.337950] rcu: 	RCU restricting CPUs from NR_CPUS=8192 to nr_cpu_ids=4.
[    0.341217] 	Rude variant of Tasks RCU enabled.
[    0.343333] 	Tracing variant of Tasks RCU enabled.
[    0.345297] rcu: RCU calculated value of scheduler-enlistment delay is 100 jiffies.
[    0.348492] rcu: Adjusting geometry for rcu_fanout_leaf=16, nr_cpu_ids=4
[    0.351244] RCU Tasks Rude: Setting shift to 2 and lim to 1 rcu_task_cb_adjust=1 rcu_task_cpu_ids=4.
[    0.355524] RCU Tasks Trace: Setting shift to 2 and lim to 1 rcu_task_cb_adjust=1 rcu_task_cpu_ids=4.
[    0.362783] Using NULL legacy PIC
[    0.364309] NR_IRQS: 524544, nr_irqs: 456, preallocated irqs: 0
[    0.366922] rcu: srcu_init: Setting srcu_struct sizes based on contention.
[    0.370326] Console: colour dummy device 80x25
[    0.373343] printk: legacy console [tty1] enabled
[    0.376257] printk: legacy console [ttyS0] enabled
[    0.381255] printk: legacy bootconsole [earlyser0] disabled
[    0.386735] ACPI: Core revision 20250404
[    0.389024] Failed to register legacy timer interrupt
[    0.391527] APIC: Switch to symmetric I/O mode setup
[    0.394039] Hyper-V: Host Build 10.0.26102.1310-1-0
[    0.396526] Hyper-V: enabling crash_kexec_post_notifiers
[    0.399265] Hyper-V: Using IPI hypercalls
[    0.401347] APIC: send_IPI() replaced with hv_send_ipi()
[    0.404069] APIC: send_IPI_mask() replaced with hv_send_ipi_mask()
[    0.407434] APIC: send_IPI_mask_allbutself() replaced with hv_send_ipi_mask_allbutself()
[    0.411421] APIC: send_IPI_allbutself() replaced with hv_send_ipi_allbutself()
[    0.415031] APIC: send_IPI_all() replaced with hv_send_ipi_all()
[    0.417806] APIC: send_IPI_self() replaced with hv_send_ipi_self()
[    0.421484] Hyper-V: Using enlightened APIC (xapic mode)
[    0.421496] APIC: eoi() replaced with hv_apic_eoi_write()
[    0.426534] APIC: read() replaced with hv_apic_read()
[    0.428915] APIC: write() replaced with hv_apic_write()
[    0.431608] APIC: icr_write() replaced with hv_apic_icr_write()
[    0.435126] APIC: icr_read() replaced with hv_apic_icr_read()
[    0.438517] clocksource: tsc-early: mask: 0xffffffffffffffff max_cycles: 0x256c09edd8e, max_idle_ns: 440795211792 ns
[    0.443646] Calibrating delay loop (skipped), value calculated using timer frequency.. 5192.30 BogoMIPS (lpj=2596153)
[    0.444642] x86/cpu: User Mode Instruction Prevention (UMIP) activated
[    0.444642] Last level iTLB entries: 4KB 512, 2MB 512, 4MB 256
[    0.444642] Last level dTLB entries: 4KB 3072, 2MB 3072, 4MB 1536, 1GB 0
[    0.444642] mitigations: Enabled attack vectors: user_kernel, user_user, guest_host, guest_guest, SMT mitigations: auto
[    0.444642] Speculative Store Bypass: Vulnerable
[    0.444642] Speculative Return Stack Overflow: IBPB-extending microcode not applied!
[    0.444642] Speculative Return Stack Overflow: WARNING: See https://kernel.org/doc/html/latest/admin-guide/hw-vuln/srso.html for mitigation options.
[    0.444642] Transient Scheduler Attacks: Vulnerable: No microcode
[    0.444642] Spectre V2 : Mitigation: Retpolines
[    0.444642] Speculative Return Stack Overflow: Vulnerable: Safe RET, no microcode
[    0.444642] Spectre V1 : Mitigation: usercopy/swapgs barriers and __user pointer sanitization
[    0.444642] Spectre V2 : Spectre v2 / SpectreRSB: Filling RSB on context switch and VMEXIT
[    0.444642] active return thunk: srso_alias_return_thunk
[    0.444642] x86/fpu: Supporting XSAVE feature 0x001: 'x87 floating point registers'
[    0.444642] x86/fpu: Supporting XSAVE feature 0x002: 'SSE registers'
[    0.444642] x86/fpu: Supporting XSAVE feature 0x004: 'AVX registers'
[    0.444642] x86/fpu: Supporting XSAVE feature 0x800: 'Control-flow User registers'
[    0.444642] x86/fpu: Supporting XSAVE feature 0x1000: 'Control-flow Kernel registers (KVM only)'
[    0.444642] x86/fpu: xstate_offset[2]:  576, xstate_sizes[2]:  256
[    0.444642] x86/fpu: xstate_offset[11]:  832, xstate_sizes[11]:   16
[    0.444642] x86/fpu: xstate_offset[12]:  848, xstate_sizes[12]:   24
[    0.444642] x86/fpu: Enabled xstate features 0x1807, context size is 872 bytes, using 'compacted' format.
[    0.444642] Freeing SMP alternatives memory: 52K
[    0.444642] pid_max: default: 32768 minimum: 301
[    0.444642] LSM: initializing lsm=lockdown,capability,landlock,yama,apparmor,ima,evm
[    0.444642] landlock: Up and running.
[    0.444642] Yama: becoming mindful.
[    0.444642] AppArmor: AppArmor initialized
[    0.444642] Mount-cache hash table entries: 32768 (order: 6, 262144 bytes, linear)
[    0.444642] Mountpoint-cache hash table entries: 32768 (order: 6, 262144 bytes, linear)
[    0.444642] smpboot: CPU0: AMD EPYC 9V74 80-Core Processor (family: 0x19, model: 0x11, stepping: 0x1)
[    0.444917] Performance Events: PMU not available due to virtualization, using software events only.
[    0.445671] signal: max sigframe size: 1776
[    0.446687] rcu: Hierarchical SRCU implementation.
[    0.447647] rcu: 	Max phase no-delay instances is 400.
[    0.448717] Timer migration: 1 hierarchy levels; 8 children per group; 1 crossnode level
[    0.451224] NMI watchdog: Perf NMI watchdog permanently disabled
[    0.451717] smp: Bringing up secondary CPUs ...
[    0.452823] smpboot: x86: Booting SMP configuration:
[    0.453651] .... node  #0, CPUs:      #2 #1 #3
[    0.454782] smp: Brought up 1 node, 4 CPUs
[    0.456650] smpboot: Total of 4 processors activated (20769.22 BogoMIPS)
[    0.457952] Memory: 16354540K/16771836K available (20788K kernel code, 4555K rwdata, 15024K rodata, 5008K init, 4568K bss, 408504K reserved, 0K cma-reserved)
[    0.459097] devtmpfs: initialized
[    0.459733] x86/mm: Memory block size: 128MB
[    0.463327] ACPI: PM: Registering ACPI NVS region [mem 0x3fffb000-0x3fffefff] (16384 bytes)
[    0.463741] clocksource: jiffies: mask: 0xffffffff max_cycles: 0xffffffff, max_idle_ns: 1911260446275000 ns
[    0.464660] posixtimers hash table entries: 2048 (order: 3, 32768 bytes, linear)
[    0.465658] futex hash table entries: 1024 (65536 bytes on 1 NUMA nodes, total 64 KiB, linear).
[    0.466759] pinctrl core: initialized pinctrl subsystem
[    0.468120] PM: RTC time: 00:20:32, date: 2026-05-27
[    0.469121] NET: Registered PF_NETLINK/PF_ROUTE protocol family
[    0.469912] DMA: preallocated 2048 KiB GFP_KERNEL pool for atomic allocations
[    0.470714] DMA: preallocated 2048 KiB GFP_KERNEL|GFP_DMA pool for atomic allocations
[    0.471714] DMA: preallocated 2048 KiB GFP_KERNEL|GFP_DMA32 pool for atomic allocations
[    0.472665] audit: initializing netlink subsys (disabled)
[    0.473673] audit: type=2000 audit(1779841232.030:1): state=initialized audit_enabled=0 res=1
[    0.473830] thermal_sys: Registered thermal governor 'fair_share'
[    0.474659] thermal_sys: Registered thermal governor 'bang_bang'
[    0.475651] thermal_sys: Registered thermal governor 'step_wise'
[    0.476648] thermal_sys: Registered thermal governor 'user_space'
[    0.477648] thermal_sys: Registered thermal governor 'power_allocator'
[    0.478663] cpuidle: using governor ladder
[    0.480654] cpuidle: using governor menu
[    0.481802] acpiphp: ACPI Hot Plug PCI Controller Driver version: 0.5
[    0.482772] e820: reserve RAM buffer [mem 0x044fe000-0x07ffffff]
[    0.482776] e820: reserve RAM buffer [mem 0x3ff1f000-0x3fffffff]
[    0.482932] kprobes: kprobe jump-optimization is enabled. All kprobes are optimized if possible.
[    0.483852] HugeTLB: registered 1.00 GiB page size, pre-allocated 0 pages
[    0.486650] HugeTLB: 16380 KiB vmemmap can be freed for a 1.00 GiB page
[    0.489653] HugeTLB: registered 2.00 MiB page size, pre-allocated 0 pages
[    0.492650] HugeTLB: 28 KiB vmemmap can be freed for a 2.00 MiB page
[    0.498451] ACPI: Added _OSI(Module Device)
[    0.499651] ACPI: Added _OSI(Processor Device)
[    0.501649] ACPI: Added _OSI(Processor Aggregator Device)
[    0.529592] ACPI: 1 ACPI AML tables successfully acquired and loaded
[    0.533935] ACPI: Interpreter enabled
[    0.535666] ACPI: PM: (supports S0 S5)
[    0.537648] ACPI: Using IOAPIC for interrupt routing
[    0.539754] PCI: Using host bridge windows from ACPI; if necessary, use "pci=nocrs" and report a bug
[    0.544649] PCI: Ignoring E820 reservations for host bridge windows
[    0.547825] ACPI: Enabled 1 GPEs in block 00 to 0F
[    0.552659] iommu: Default domain type: Translated
[    0.554649] iommu: DMA domain TLB invalidation policy: lazy mode
[    0.557909] SCSI subsystem initialized
[    0.559670] libata version 3.00 loaded.
[    0.559694] ACPI: bus type USB registered
[    0.560674] usbcore: registered new interface driver usbfs
[    0.563664] usbcore: registered new interface driver hub
[    0.565656] usbcore: registered new device driver usb
[    0.567669] pps_core: LinuxPPS API ver. 1 registered
[    0.570647] pps_core: Software ver. 5.3.6 - Copyright 2005-2007 Rodolfo Giometti <giometti@linux.it>
[    0.574655] PTP clock support registered
[    0.576681] EDAC MC: Ver: 3.0.0
[    0.577754] efivars: Registered efivars operations
[    0.580694] hv_vmbus: Vmbus version:5.3
[    0.584012] NetLabel: Initializing
[    0.585649] NetLabel:  domain hash size = 128
[    0.587647] NetLabel:  protocols = UNLABELED CIPSOv4 CALIPSO
[    0.589679] NetLabel:  unlabeled traffic allowed by default
[    0.592678] mctp: management component transport protocol core
[    0.595650] NET: Registered PF_MCTP protocol family
[    0.597674] PCI: Using ACPI for IRQ routing
[    0.599651] PCI: System does not support PCI
[    0.601721] vgaarb: loaded
[    0.602801] clocksource: Switched to clocksource tsc-early
[    0.606422] VFS: Disk quotas dquot_6.6.0
[    0.608187] VFS: Dquot-cache hash table entries: 512 (order 0, 4096 bytes)
[    0.611493] AppArmor: AppArmor Filesystem Enabled
[    0.613606] pnp: PnP ACPI init
[    0.615339] pnp: PnP ACPI: found 3 devices
[    0.624637] clocksource: acpi_pm: mask: 0xffffff max_cycles: 0xffffff, max_idle_ns: 2085701024 ns
[    0.628720] NET: Registered PF_INET protocol family
[    0.631805] IP idents hash table entries: 262144 (order: 9, 2097152 bytes, linear)
[    0.654931] tcp_listen_portaddr_hash hash table entries: 8192 (order: 5, 131072 bytes, linear)
[    0.658977] Table-perturb hash table entries: 65536 (order: 6, 262144 bytes, linear)
[    0.662614] TCP established hash table entries: 131072 (order: 8, 1048576 bytes, linear)
[    0.666807] TCP bind hash table entries: 65536 (order: 9, 2097152 bytes, linear)
[    0.670537] TCP: Hash tables configured (established 131072 bind 65536)
[    0.673538] MPTCP token hash table entries: 16384 (order: 7, 393216 bytes, linear)
[    0.676945] UDP hash table entries: 8192 (order: 7, 524288 bytes, linear)
[    0.680261] UDP-Lite hash table entries: 8192 (order: 7, 524288 bytes, linear)
[    0.683681] NET: Registered PF_UNIX/PF_LOCAL protocol family
[    0.686309] NET: Registered PF_XDP protocol family
[    0.688640] PCI: CLS 0 bytes, default 64
[    0.690568] PCI-DMA: Using software bounce buffering for IO (SWIOTLB)
[    0.694278] software IO TLB: mapped [mem 0x000000003a878000-0x000000003e878000] (64MB)
[    0.698311] clocksource: tsc: mask: 0xffffffffffffffff max_cycles: 0x256c09edd8e, max_idle_ns: 440795211792 ns
[    0.703364] clocksource: Switched to clocksource tsc
[    0.724720] Initialise system trusted keyrings
[    0.727125] Key type blacklist registered
[    0.729419] workingset: timestamp_bits=36 max_order=22 bucket_order=0
[    0.732987] squashfs: version 4.0 (2009/01/31) Phillip Lougher
[    0.735991] fuse: init (API version 7.44)
[    0.738054] integrity: Platform Keyring initialized
[    0.741106] integrity: Machine keyring initialized
[    0.756212] Key type asymmetric registered
[    0.758158] Asymmetric key parser 'x509' registered
[    0.760473] Block layer SCSI generic (bsg) driver version 0.4 loaded (major 243)
[    0.763894] io scheduler mq-deadline registered
[    0.766148] hv_vmbus: registering driver hv_pci
[    0.768532] Could not retrieve perf counters (-19)
[    0.771134] Serial: 8250/16550 driver, 32 ports, IRQ sharing enabled
[    0.801105] 00:00: ttyS0 at I/O 0x3f8 (irq = 4, base_baud = 115200) is a 16550A
[    0.830640] 00:01: ttyS1 at I/O 0x2f8 (irq = 3, base_baud = 115200) is a 16550A
[    0.837290] Linux agpgart interface v0.103
[    0.841483] loop: module loaded
[    0.843271] hv_vmbus: registering driver hv_storvsc
[    0.845758] Key type psk registered
[    0.846495] scsi host1: storvsc_host_t
[    0.846500] scsi host0: storvsc_host_t
[    0.846965] scsi 0:0:0:0: Direct-Access     Msft     Virtual Disk     1.0  PQ: 0 ANSI: 5
[    0.848038] ACPI: bus type drm_connector registered
[    0.850900] scsi 0:0:0:0: Attached scsi generic sg0 type 0
[    0.852322] tun: Universal TUN/TAP device driver, 1.6
[    0.856372] sd 0:0:0:0: [sda] 314572800 512-byte logical blocks: (161 GB/150 GiB)
[    0.858823] PPP generic driver version 2.4.2
[    0.861413] sd 0:0:0:0: [sda] 4096-byte physical blocks
[    0.861477] sd 0:0:0:0: [sda] Write Protect is off
[    0.864007] i8042: PNP: No PS/2 controller found.
[    0.867865] sd 0:0:0:0: [sda] Mode Sense: 0f 00 10 00
[    0.867977] sd 0:0:0:0: [sda] Write cache: disabled, read cache: enabled, supports DPO and FUA
[    0.870163] mousedev: PS/2 mouse device common for all mice
[    0.887027] GPT:Primary header thinks Alt. header is not at the end of the disk.
[    0.887151] rtc_cmos 00:02: registered as rtc0
[    0.890957] GPT:157286399 != 314572799
[    0.890959] GPT:Alternate GPT header not at the end of the disk.
[    0.890960] GPT:157286399 != 314572799
[    0.890962] GPT: Use GNU Parted to correct GPT errors.
[    0.893772] rtc_cmos 00:02: setting system clock to 2026-05-27T00:20:32 UTC (1779841232)
[    0.895351]  sda: sda1 sda14 sda15 sda16
[    0.899513] rtc_cmos 00:02: alarms up to one month, 114 bytes nvram
[    0.901916] sd 0:0:0:0: [sda] Attached SCSI disk
[    0.904212] device-mapper: core: CONFIG_IMA_DISABLE_HTABLE is disabled. Duplicate IMA measurements will not be recorded in the IMA log.
[    0.920689] device-mapper: uevent: version 1.0.3
[    0.923297] device-mapper: ioctl: 4.50.0-ioctl (2025-04-28) initialised: dm-devel@lists.linux.dev
[    0.927318] amd_pstate: The CPPC feature is supported but currently disabled by the BIOS.
               Please enable it if your BIOS has the CPPC option.
[    0.934351] amd_pstate: the _CPC object is not present in SBIOS or ACPI disabled
[    0.938246] simple-framebuffer simple-framebuffer.0: [drm] Registered 1 planes with drm panic
[    0.942197] [drm] Initialized simpledrm 1.0.0 for simple-framebuffer.0 on minor 0
[    0.948192] Console: switching to colour frame buffer device 128x48
[    0.951570] simple-framebuffer simple-framebuffer.0: [drm] fb0: simpledrmdrmfb frame buffer device
[    0.955950] hv_utils: Registering HyperV Utility Driver
[    0.958376] hv_vmbus: registering driver hv_utils
[    0.961512] hv_vmbus: registering driver hv_balloon
[    0.961939] hv_utils: Heartbeat IC version 3.0
[    0.964094] drop_monitor: Initializing network drop monitor service
[    0.966215] hv_utils: Shutdown IC version 3.2
[    0.969397] NET: Registered PF_INET6 protocol family
[    0.971403] hv_utils: TimeSync IC version 4.0
[    0.974291] Segment Routing with IPv6
[    0.976808] hv_balloon: Using Dynamic Memory protocol version 2.0
[    0.978230] In-situ OAM (IOAM) with IPv6
[    0.983017] NET: Registered PF_PACKET protocol family
[    0.985487] Key type dns_resolver registered
[    0.988035] IPI shorthand broadcast: enabled
[    0.993348] sched_clock: Marking stable (919006367, 73381216)->(1220787096, -228399513)
[    0.997362] registered taskstats version 1
[    0.999871] Loading compiled-in X.509 certificates
[    1.003163] Loaded X.509 cert 'Build time autogenerated kernel key: 54aa3d3a2bc9ac88407a0319570ef93e3cdc3f6c'
[    1.008258] Loaded X.509 cert 'Canonical Ltd. Live Patch Signing 2025 Kmod: d541cef61dc7e793b7eb7e899970a2eef0b5dc8c'
[    1.013543] Loaded X.509 cert 'Canonical Ltd. Live Patch Signing: 14df34d1a87cf37625abec039ef2bf521249b969'
[    1.018265] Loaded X.509 cert 'Canonical Ltd. Kernel Module Signing: 88f752e560a1e0737e31163a466ad7b70a850c19'
[    1.023246] blacklist: Loading compiled-in revocation X.509 certificates
[    1.027223] Loaded X.509 cert 'Canonical Ltd. Secure Boot Signing: 61482aa2830d0ab2ad5af10b7250da9033ddcef0'
[    1.031865] Loaded X.509 cert 'Canonical Ltd. Secure Boot Signing (2017): 242ade75ac4a15e50d50c84b0d45ff3eae707a03'
[    1.036806] Loaded X.509 cert 'Canonical Ltd. Secure Boot Signing (ESM 2018): 365188c1d374d6b07c3c8f240f8ef722433d6a8b'
[    1.042423] Loaded X.509 cert 'Canonical Ltd. Secure Boot Signing (2019): c0746fd6c5da3ae827864651ad66ae47fe24b3e8'
[    1.047450] Loaded X.509 cert 'Canonical Ltd. Secure Boot Signing (2021 v1): a8d54bbb3825cfb94fa13c9f8a594a195c107b8d'
[    1.052730] Loaded X.509 cert 'Canonical Ltd. Secure Boot Signing (2021 v2): 4cf046892d6fd3c9a5b03f98d845f90851dc6a8c'
[    1.058032] Loaded X.509 cert 'Canonical Ltd. Secure Boot Signing (2021 v3): 100437bb6de6e469b581e61cd66bce3ef4ed53af'
[    1.063230] Loaded X.509 cert 'Canonical Ltd. Secure Boot Signing (Ubuntu Core 2019): c1d57b8f6b743f23ee41f4f7ee292f06eecadfb9'
[    1.076094] Demotion targets for Node 0: null
[    1.078694] Key type .fscrypt registered
[    1.080768] Key type fscrypt-provisioning registered
[    1.083701] Key type big_key registered
[    1.087053] Key type encrypted registered
[    1.089369] AppArmor: AppArmor sha256 policy hashing enabled
[    1.092732] integrity: Loading X.509 certificate: UEFI:db
[    1.095524] integrity: Loaded X.509 cert 'Microsoft Windows Production PCA 2011: a92902398e16c49778cd90f99e4f9ae17c55af53'
[    1.100619] integrity: Loading X.509 certificate: UEFI:db
[    1.103439] integrity: Loaded X.509 cert 'Microsoft Corporation: Windows UEFI CA 2023: aefc5fbbbe055d8f8daa585473499417ab5a5272'
[    1.110802] ima: No TPM chip found, activating TPM-bypass!
[    1.113571] Loading compiled-in module X.509 certificates
[    1.116996] Loaded X.509 cert 'Build time autogenerated kernel key: 54aa3d3a2bc9ac88407a0319570ef93e3cdc3f6c'
[    1.121742] ima: Allocated hash algorithm: sha256
[    1.124146] ima: No architecture policies found
[    1.126453] evm: Initialising EVM extended attributes:
[    1.128977] evm: security.selinux
[    1.130718] evm: security.SMACK64
[    1.133348] evm: security.SMACK64EXEC
[    1.135682] evm: security.SMACK64TRANSMUTE
[    1.138249] evm: security.SMACK64MMAP
[    1.140601] evm: security.apparmor
[    1.142661] evm: security.ima
[    1.144465] evm: security.capability
[    1.146378] evm: HMAC attrs: 0x1
[    1.148865] PM:   Magic number: 10:291:305
[    1.151323] tty tty34: hash matches
[    1.155405] RAS: Correctable Errors collector initialized.
[    1.170372] clk: Disabling unused clocks
[    1.172767] PM: genpd: Disabling unused power domains
[    1.176531] check access for rdinit=/init failed: -2, ignoring
[    1.178506] md: Waiting for all devices to be available before autodetect
[    1.181541] md: If you don't use raid, use raid=noautodetect
[    1.183620] md: Autodetecting RAID arrays.
[    1.185116] md: autorun ...
[    1.186185] md: ... autorun DONE.
[    1.189647] EXT4-fs (sda1): mounted filesystem de2f78bf-cf69-49fa-9ea8-3179c7743e68 ro with ordered data mode. Quota mode: none.
[    1.193331] VFS: Mounted root (ext4 filesystem) readonly on device 8:1.
[    1.195848] devtmpfs: mounted
[    1.198544] Freeing unused decrypted memory: 2028K
[    1.200971] Freeing unused kernel image (initmem) memory: 5008K
[    1.202920] Write protecting the kernel read-only data: 38912k
[    1.205490] Freeing unused kernel image (text/rodata gap) memory: 1736K
[    1.207729] Freeing unused kernel image (rodata/data gap) memory: 1360K
[    1.276032] x86/mm: Checked W+X mappings: passed, no W+X pages found.
[    1.278147] Run /sbin/init as init process
[    1.279666]   with arguments:
[    1.279669]     /sbin/init
[    1.279672]   with environment:
[    1.279673]     HOME=/
[    1.279675]     TERM=linux
[    1.319012] systemd[1]: Inserted module 'autofs4'
[    1.338473] systemd[1]: systemd 255.4-1ubuntu8.15 running in system mode (+PAM +AUDIT +SELINUX +APPARMOR +IMA +SMACK +SECCOMP +GCRYPT -GNUTLS +OPENSSL +ACL +BLKID +CURL +ELFUTILS +FIDO2 +IDN2 -IDN +IPTC +KMOD +LIBCRYPTSETUP +LIBFDISK +PCRE2 -PWQUALITY +P11KIT +QRENCODE +TPM2 +BZIP2 +LZ4 +XZ +ZLIB +ZSTD -BPF_FRAMEWORK -XKBCOMMON +UTMP +SYSVINIT default-hierarchy=unified)
[    1.348428] systemd[1]: Detected virtualization microsoft.
[    1.350822] systemd[1]: Detected architecture x86-64.
[    1.355527] systemd[1]: Hostname set to <runnervmg397c>.
[    1.541367] systemd[1]: Queued start job for default target graphical.target.
[    1.557414] systemd[1]: Unnecessary job was removed for sys-devices-virtual-misc-vmbus\x21hv_fcopy.device - /sys/devices/virtual/misc/vmbus!hv_fcopy.
[    1.562055] systemd[1]: Unnecessary job was removed for sys-devices-virtual-misc-vmbus\x21hv_vss.device - /sys/devices/virtual/misc/vmbus!hv_vss.
[    1.566827] systemd[1]: Created slice azure.slice - Slice for Azure VM Agent and Extensions.
[    1.573869] systemd[1]: Created slice system-modprobe.slice - Slice /system/modprobe.
[    1.579652] systemd[1]: Created slice system-serial\x2dgetty.slice - Slice /system/serial-getty.
[    1.585865] systemd[1]: Created slice system-systemd\x2dfsck.slice - Slice /system/systemd-fsck.
[    1.593148] systemd[1]: Created slice user.slice - User and Session Slice.
[    1.598395] systemd[1]: Started systemd-ask-password-wall.path - Forward Password Requests to Wall Directory Watch.
[    1.604941] systemd[1]: Set up automount proc-sys-fs-binfmt_misc.automount - Arbitrary Executable File Formats File System Automount Point.
[    1.612330] systemd[1]: Expecting device dev-disk-by\x2dlabel-BOOT.device - /dev/disk/by-label/BOOT...
[    1.618049] systemd[1]: Expecting device dev-disk-by\x2duuid-0CF1\x2dE7D8.device - /dev/disk/by-uuid/0CF1-E7D8...
[    1.624800] systemd[1]: Expecting device dev-ttyS0.device - /dev/ttyS0...
[    1.629311] systemd[1]: Expecting device sys-devices-virtual-misc-vmbus\x21hv_kvp.device - /sys/devices/virtual/misc/vmbus!hv_kvp...
[    1.635912] systemd[1]: Reached target integritysetup.target - Local Integrity Protected Volumes.
[    1.641650] systemd[1]: Reached target slices.target - Slice Units.
[    1.646000] systemd[1]: Reached target snapd.mounts-pre.target - Mounting snaps.
[    1.651049] systemd[1]: Reached target snapd.mounts.target - Mounted snaps.
[    1.655728] systemd[1]: Reached target swap.target - Swaps.
[    1.659564] systemd[1]: Reached target time-set.target - System Time Set.
[    1.664151] systemd[1]: Reached target veritysetup.target - Local Verity Protected Volumes.
[    1.670998] systemd[1]: Listening on dm-event.socket - Device-mapper event daemon FIFOs.
[    1.676588] systemd[1]: Listening on lvm2-lvmpolld.socket - LVM2 poll daemon socket.
[    1.681823] systemd[1]: Listening on multipathd.socket - multipathd control socket.
[    1.687542] systemd[1]: Listening on syslog.socket - Syslog Socket.
[    1.694631] systemd[1]: Listening on systemd-coredump.socket - Process Core Dump Socket.
[    1.700247] systemd[1]: Listening on systemd-fsckd.socket - fsck to fsckd communication Socket.
[    1.705767] systemd[1]: Listening on systemd-initctl.socket - initctl Compatibility Named Pipe.
[    1.711342] systemd[1]: Listening on systemd-journald-dev-log.socket - Journal Socket (/dev/log).
[    1.717013] systemd[1]: Listening on systemd-journald.socket - Journal Socket.
[    1.721810] systemd[1]: Listening on systemd-networkd.socket - Network Service Netlink Socket.
[    1.728020] systemd[1]: systemd-pcrextend.socket - TPM2 PCR Extension (Varlink) was skipped because of an unmet condition check (ConditionSecurity=measured-uki).
[    1.732779] systemd[1]: Listening on systemd-udevd-control.socket - udev Control Socket.
[    1.738229] systemd[1]: Listening on systemd-udevd-kernel.socket - udev Kernel Socket.
[    1.760502] systemd[1]: Mounting dev-hugepages.mount - Huge Pages File System...
[    1.766526] systemd[1]: Mounting dev-mqueue.mount - POSIX Message Queue File System...
[    1.772464] systemd[1]: Mounting sys-kernel-debug.mount - Kernel Debug File System...
[    1.778313] systemd[1]: Mounting sys-kernel-tracing.mount - Kernel Trace File System...
[    1.785339] systemd[1]: Starting systemd-journald.service - Journal Service...
[    1.791529] systemd[1]: Starting keyboard-setup.service - Set the console keyboard layout...
[    1.799274] systemd[1]: Starting kmod-static-nodes.service - Create List of Static Device Nodes...
[    1.802467] systemd-journald[156]: Collecting audit messages is disabled.
[    1.809485] systemd[1]: Starting lvm2-monitor.service - Monitoring of LVM2 mirrors, snapshots etc. using dmeventd or progress polling...
[    1.817526] systemd[1]: Starting modprobe@configfs.service - Load Kernel Module configfs...
[    1.825122] systemd[1]: Starting modprobe@dm_mod.service - Load Kernel Module dm_mod...
[    1.831556] systemd[1]: Starting modprobe@drm.service - Load Kernel Module drm...
[    1.837374] systemd[1]: Starting modprobe@efi_pstore.service - Load Kernel Module efi_pstore...
[    1.845197] systemd[1]: Starting modprobe@fuse.service - Load Kernel Module fuse...
[    1.850378] pstore: Using crash dump compression: deflate
[    1.851566] systemd[1]: Starting modprobe@loop.service - Load Kernel Module loop...
[    1.857006] pstore: Registered efi_pstore as persistent store backend
[    1.860582] systemd[1]: Starting modprobe@nvme_fabrics.service - Load Kernel Module nvme_fabrics...
[    1.866107] systemd[1]: netplan-ovs-cleanup.service - OpenVSwitch configuration for cleanup was skipped because of an unmet condition check (ConditionFileIsExecutable=/usr/bin/ovs-vsctl).
[    1.882589] systemd[1]: Starting systemd-fsck-root.service - File System Check on Root Device...
[    1.890210] systemd[1]: Starting systemd-modules-load.service - Load Kernel Modules...
[    1.895765] systemd[1]: systemd-pcrmachine.service - TPM2 PCR Machine ID Measurement was skipped because of an unmet condition check (ConditionSecurity=measured-uki).
[    1.900539] systemd[1]: systemd-tpm2-setup-early.service - TPM2 SRK Setup (Early) was skipped because of an unmet condition check (ConditionSecurity=measured-uki).
[    1.906847] systemd[1]: Starting systemd-udev-trigger.service - Coldplug All udev Devices...
[    1.915117] systemd[1]: Started systemd-journald.service - Journal Service.
[    2.041761] EXT4-fs (sda1): re-mounted de2f78bf-cf69-49fa-9ea8-3179c7743e68 r/w.
[    2.062639] systemd-journald[156]: Received client request to flush runtime journal.
[    2.067113] systemd-journald[156]: /var/log/journal/f2a4fdbe4d78448ba143d2566129dc42/system.journal: Journal file uses a different sequence number ID, rotating.
[    2.067122] systemd-journald[156]: Rotating system journal.
[    2.310924] hv_vmbus: registering driver hyperv_drm
[    2.312303] hid: raw HID events driver (C) Jiri Kosina
[    2.312811] hv_vmbus: registering driver hyperv_keyboard
[    2.314061] input: AT Translated Set 2 keyboard as /devices/LNXSYSTM:00/LNXSYBUS:00/ACPI0004:00/MSFT1000:00/d34b2567-b9b6-42b9-8778-0a4ec0b955bf/serio0/input/input0
[    2.315121] hyperv_drm 5620e0c7-8062-4dce-aeb7-520c7ef76171: [drm] Synthvid Version major 3, minor 5
[    2.317777] hv_vmbus: registering driver hv_netvsc
[    2.322817] hv_vmbus: registering driver hid_hyperv
[    2.331380] input: Microsoft Vmbus HID-compliant Mouse as /devices/0006:045E:0621.0001/input/input1
[    2.332878] Console: switching to colour dummy device 80x25
[    2.335441] hid-hyperv 0006:045E:0621.0001: input: VIRTUAL HID v0.01 Mouse [Microsoft Vmbus HID-compliant Mouse] on 
[    2.366260] hyperv_drm 5620e0c7-8062-4dce-aeb7-520c7ef76171: [drm] Registered 1 planes with drm panic
[    2.366267] [drm] Initialized hyperv_drm 1.0.0 for 5620e0c7-8062-4dce-aeb7-520c7ef76171 on minor 1
[    2.397355] hv_netvsc 7ced8d62-53d8-7ced-8d62-53d87ced8d62 eth0: VF slot 1 added
[    2.418994] hv_pci a0aea86e-1d74-4fe7-bccc-cd5a79e71a35: PCI VMBus probing: Using version 0x10004
[    2.430451] hv_pci a0aea86e-1d74-4fe7-bccc-cd5a79e71a35: PCI host bridge to bus 1d74:00
[    2.430456] pci_bus 1d74:00: root bus resource [mem 0xfc0000000-0xfc00fffff window]
[    2.430460] pci_bus 1d74:00: No busn resource found for root bus, will use [bus 00-ff]
[    2.432775] pci 1d74:00:02.0: [15b3:101a] type 00 class 0x020000 PCIe Endpoint
[    2.436941] pci 1d74:00:02.0: BAR 0 [mem 0xfc0000000-0xfc00fffff 64bit pref]
[    2.437646] pci 1d74:00:02.0: enabling Extended Tags
[    2.450306] pci 1d74:00:02.0: 0.000 Gb/s available PCIe bandwidth, limited by Unknown x0 link at 1d74:00:02.0 (capable of 252.048 Gb/s with 16.0 GT/s PCIe x16 link)
[    2.460316] pci_bus 1d74:00: busn_res: [bus 00-ff] end is updated to 00
[    2.460328] pci 1d74:00:02.0: BAR 0 [mem 0xfc0000000-0xfc00fffff 64bit pref]: assigned
[    2.559480] Console: switching to colour frame buffer device 128x48
[    2.648854] hyperv_drm 5620e0c7-8062-4dce-aeb7-520c7ef76171: [drm] fb0: hyperv_drmdrmfb frame buffer device
[    3.078394] workqueue: drm_fb_helper_damage_work hogged CPU for >10000us 4 times, consider switching to WQ_UNBOUND
[    3.142394] kvm_amd: TSC scaling supported
[    3.142401] kvm_amd: Nested Virtualization enabled
[    3.142403] kvm_amd: Nested Paging enabled
[    3.142409] kvm_amd: kvm_amd: Hyper-V enlightened NPT TLB flush enabled
[    3.142410] kvm_amd: kvm_amd: Hyper-V Direct TLB Flush enabled
[    3.142413] kvm_amd: Virtual VMLOAD VMSAVE supported
[    3.142413] kvm_amd: PMU virtualization is disabled
[    3.159573] mlx5_core 1d74:00:02.0: enabling device (0000 -> 0002)
[    3.162942] mlx5_core 1d74:00:02.0: firmware version: 16.30.5026
[    3.251394] workqueue: drm_fb_helper_damage_work hogged CPU for >10000us 5 times, consider switching to WQ_UNBOUND
[    3.330403] mlx5_core 1d74:00:02.0: Flow counters bulk query buffer size increased, bulk_query_len(8)
[    3.396943] hv_netvsc 7ced8d62-53d8-7ced-8d62-53d87ced8d62 eth0: VF registering: eth1
[    3.396976] mlx5_core 1d74:00:02.0 eth1: joined to eth0
[    3.402000] mlx5_core 1d74:00:02.0: MLX5E: StrdRq(1) RqSz(8) StrdSz(256) RxCqeCmprss(0 basic)
[    3.433667] mlx5_core 1d74:00:02.0 enP7540s1: renamed from eth1
[    3.444877] hv_utils: KVP IC version 4.0
[    3.513160] MACsec IEEE 802.1AE
[    3.594397] workqueue: drm_fb_helper_damage_work hogged CPU for >10000us 7 times, consider switching to WQ_UNBOUND
[    3.837519] EXT4-fs (sda16): mounted filesystem 74333360-5565-498b-a619-d568601c10b5 r/w with ordered data mode. Quota mode: none.
[    3.892171] audit: type=1400 audit(1779841236.811:2): apparmor="STATUS" operation="profile_load" profile="unconfined" name="QtWebEngineProcess" pid=470 comm="apparmor_parser"
[    3.892177] audit: type=1400 audit(1779841236.811:3): apparmor="STATUS" operation="profile_load" profile="unconfined" name="1password" pid=466 comm="apparmor_parser"
[    3.892333] audit: type=1400 audit(1779841236.811:4): apparmor="STATUS" operation="profile_load" profile="unconfined" name="Discord" pid=468 comm="apparmor_parser"
[    3.893464] audit: type=1400 audit(1779841236.813:5): apparmor="STATUS" operation="profile_load" profile="unconfined" name=4D6F6E676F444220436F6D70617373 pid=469 comm="apparmor_parser"
[    3.894830] audit: type=1400 audit(1779841236.814:6): apparmor="STATUS" operation="profile_load" profile="unconfined" name="buildah" pid=476 comm="apparmor_parser"
[    3.895629] audit: type=1400 audit(1779841236.815:7): apparmor="STATUS" operation="profile_load" profile="unconfined" name="brave" pid=475 comm="apparmor_parser"
[    3.897106] audit: type=1400 audit(1779841236.816:8): apparmor="STATUS" operation="profile_load" profile="unconfined" name="balena-etcher" pid=474 comm="apparmor_parser"
[    3.897551] audit: type=1400 audit(1779841236.816:9): apparmor="STATUS" operation="profile_load" profile="unconfined" name="cam" pid=477 comm="apparmor_parser"
[    3.899245] audit: type=1400 audit(1779841236.818:10): apparmor="STATUS" operation="profile_load" profile="unconfined" name="ch-checkns" pid=478 comm="apparmor_parser"
[    4.469218] /dev/sr0: Can't lookup blockdev
[    4.563752] mlx5_core 1d74:00:02.0 enP7540s1: Link up
[    4.592688] hv_netvsc 7ced8d62-53d8-7ced-8d62-53d87ced8d62 eth0: Data path switched to VF: enP7540s1
[    4.593497] mlx5_core 1d74:00:02.0 mlx5_0: Port: 1 Link ACTIVE
[    4.608630] 8021q: 802.1Q VLAN Support v1.8
[    4.960041] hv_netvsc 7ced8d62-53d8-7ced-8d62-53d87ced8d62 eth0: Data path switched from VF: enP7540s1
[    4.991191] mlx5_core 1d74:00:02.0 mlx5_0: Port: 1 Link DOWN
[    5.613620] mlx5_core 1d74:00:02.0 enP7540s1: Link up
[    5.629501] hv_netvsc 7ced8d62-53d8-7ced-8d62-53d87ced8d62 eth0: Data path switched to VF: enP7540s1
[    5.630379] mlx5_core 1d74:00:02.0 mlx5_0: Port: 1 Link ACTIVE
[    7.965986] EXT4-fs (sda1): resizing filesystem from 19398395 to 39059195 blocks
[    8.922069] EXT4-fs (sda1): resized filesystem to 39059195
[    9.866800] evm: overlay not supported
[   10.105750] kauditd_printk_skb: 112 callbacks suppressed
[   10.105755] audit: type=1400 audit(1779841243.024:123): apparmor="STATUS" operation="profile_replace" info="same as current profile, skipping" profile="unconfined" name="rsyslogd" pid=1053 comm="apparmor_parser"
[   10.249674] loop0: detected capacity change from 0 to 8
[   10.623143] systemd-journald[156]: /var/log/journal/f2a4fdbe4d78448ba143d2566129dc42/user-1001.journal: Journal file uses a different sequence number ID, rotating.
[   10.639304] audit: type=1400 audit(1779841243.557:124): apparmor="STATUS" operation="profile_replace" profile="unconfined" name="/usr/lib/snapd/snap-confine" pid=1222 comm="apparmor_parser"
[   10.647426] audit: type=1400 audit(1779841243.563:125): apparmor="STATUS" operation="profile_replace" profile="unconfined" name="/usr/lib/snapd/snap-confine//mount-namespace-capture-helper" pid=1222 comm="apparmor_parser"
[   10.753612] audit: type=1400 audit(1779841243.672:126): apparmor="STATUS" operation="profile_load" profile="unconfined" name="docker-default" pid=1397 comm="apparmor_parser"
[   10.937211] Initializing XFRM netlink socket
[   11.113989] bridge: filtering via arp/ip/ip6tables is no longer available by default. Update your scripts to load br_netfilter if you need this.
[   15.390995] Adding 3145724k swap on /swapfile.  Priority:-2 extents:152 across:39591932k 
[   49.104643] hv_balloon: Max. dynamic memory size: 16384 MB
[ 1947.183337] loop0: detected capacity change from 0 to 1548384
[ 1947.197392] EXT4-fs (loop0): recovery complete
[ 1947.197593] EXT4-fs (loop0): mounted filesystem 39af0bc9-907a-422b-b877-3f50a592679c r/w with ordered data mode. Quota mode: none.
